MPLINK 5.09, LINKER
Linker Map File - Created Mon Nov 05 19:39:13 2018

                                 Section Info
                  Section       Type    Address   Location Size(Bytes)
                ---------  ---------  ---------  ---------  ---------
                   .org_0       code   0x000000    program   0x0000c0
                   .cinit    romdata   0x0000c0    program   0x000002
.config_300001_BUILD/DEFAULT/PRODUCTION/TEST.O    romdata   0x300001    program   0x000001
.config_300003_BUILD/DEFAULT/PRODUCTION/TEST.O    romdata   0x300003    program   0x000001
.config_300006_BUILD/DEFAULT/PRODUCTION/TEST.O    romdata   0x300006    program   0x000001



                              Program Memory Usage 
                               Start         End      
                           ---------   ---------      
                            0x000000    0x0000c1      
                            0x300001    0x300001      
                            0x300003    0x300003      
                            0x300006    0x300006      
            197 out of 33048 program addresses used, program memory utilization is 0%



                              Symbols - Sorted by Name
                     Name    Address   Location    Storage File                     
                ---------  ---------  ---------  --------- ---------                
                     INIT   0x000000    program     static C:\Users\user\MPLABXProjects\LedTemp.X\test.asm
                  _1LOOP1   0x000016    program     static C:\Users\user\MPLABXProjects\LedTemp.X\test.asm
                  _1LOOP2   0x000012    program     static C:\Users\user\MPLABXProjects\LedTemp.X\test.asm
                  _2LOOP1   0x000030    program     static C:\Users\user\MPLABXProjects\LedTemp.X\test.asm
                  _2LOOP2   0x00002c    program     static C:\Users\user\MPLABXProjects\LedTemp.X\test.asm
                  _3LOOP1   0x00004a    program     static C:\Users\user\MPLABXProjects\LedTemp.X\test.asm
                  _3LOOP2   0x000046    program     static C:\Users\user\MPLABXProjects\LedTemp.X\test.asm
                  _4LOOP1   0x000064    program     static C:\Users\user\MPLABXProjects\LedTemp.X\test.asm
                  _4LOOP2   0x000060    program     static C:\Users\user\MPLABXProjects\LedTemp.X\test.asm
                  _5LOOP1   0x000084    program     static C:\Users\user\MPLABXProjects\LedTemp.X\test.asm
                  _5LOOP2   0x000080    program     static C:\Users\user\MPLABXProjects\LedTemp.X\test.asm
                  _6LOOP1   0x0000a0    program     static C:\Users\user\MPLABXProjects\LedTemp.X\test.asm
                  _6LOOP2   0x00009c    program     static C:\Users\user\MPLABXProjects\LedTemp.X\test.asm
                  _7LOOP1   0x0000b4    program     static C:\Users\user\MPLABXProjects\LedTemp.X\test.asm
                  _7LOOP2   0x0000b0    program     static C:\Users\user\MPLABXProjects\LedTemp.X\test.asm
                  gotorun   0x0000ac    program     static C:\Users\user\MPLABXProjects\LedTemp.X\test.asm
                 gotostop   0x000094    program     static C:\Users\user\MPLABXProjects\LedTemp.X\test.asm
                      run   0x00000e    program     static C:\Users\user\MPLABXProjects\LedTemp.X\test.asm
                     stop   0x000078    program     static C:\Users\user\MPLABXProjects\LedTemp.X\test.asm



                              Symbols - Sorted by Address
                     Name    Address   Location    Storage File                     
                ---------  ---------  ---------  --------- ---------                
                     INIT   0x000000    program     static C:\Users\user\MPLABXProjects\LedTemp.X\test.asm
                      run   0x00000e    program     static C:\Users\user\MPLABXProjects\LedTemp.X\test.asm
                  _1LOOP2   0x000012    program     static C:\Users\user\MPLABXProjects\LedTemp.X\test.asm
                  _1LOOP1   0x000016    program     static C:\Users\user\MPLABXProjects\LedTemp.X\test.asm
                  _2LOOP2   0x00002c    program     static C:\Users\user\MPLABXProjects\LedTemp.X\test.asm
                  _2LOOP1   0x000030    program     static C:\Users\user\MPLABXProjects\LedTemp.X\test.asm
                  _3LOOP2   0x000046    program     static C:\Users\user\MPLABXProjects\LedTemp.X\test.asm
                  _3LOOP1   0x00004a    program     static C:\Users\user\MPLABXProjects\LedTemp.X\test.asm
                  _4LOOP2   0x000060    program     static C:\Users\user\MPLABXProjects\LedTemp.X\test.asm
                  _4LOOP1   0x000064    program     static C:\Users\user\MPLABXProjects\LedTemp.X\test.asm
                     stop   0x000078    program     static C:\Users\user\MPLABXProjects\LedTemp.X\test.asm
                  _5LOOP2   0x000080    program     static C:\Users\user\MPLABXProjects\LedTemp.X\test.asm
                  _5LOOP1   0x000084    program     static C:\Users\user\MPLABXProjects\LedTemp.X\test.asm
                 gotostop   0x000094    program     static C:\Users\user\MPLABXProjects\LedTemp.X\test.asm
                  _6LOOP2   0x00009c    program     static C:\Users\user\MPLABXProjects\LedTemp.X\test.asm
                  _6LOOP1   0x0000a0    program     static C:\Users\user\MPLABXProjects\LedTemp.X\test.asm
                  gotorun   0x0000ac    program     static C:\Users\user\MPLABXProjects\LedTemp.X\test.asm
                  _7LOOP2   0x0000b0    program     static C:\Users\user\MPLABXProjects\LedTemp.X\test.asm
                  _7LOOP1   0x0000b4    program     static C:\Users\user\MPLABXProjects\LedTemp.X\test.asm


