Microchip MPLAB XC8 Compiler V2.00 ()

Linker command line:

-W-3 --edf=C:\Program Files (x86)\Microchip\xc8\v2.00\pic\dat\en_msgs.txt \
  -cs -h+dist/default/debug\lab11.X.debug.sym \
  --cmf=dist/default/debug\lab11.X.debug.cmf -z -Q18F4520 \
  -oC:\Users\user\AppData\Local\Temp\s4lo.2 --defsym=__MPLAB_BUILD=1 \
  -Mdist/default/debug/lab11.X.debug.map -E1 -ver=XC8 --acfsm=1493 \
  -ASTACK=0150h-05f3h -pstack=STACK -ACODE=00h-07DBFh -ACONST=00h-07DBFh \
  -ASMALLCONST=0600h-06FFhx119,07D00h-07DBFh -AMEDIUMCONST=0600h-07DBFh \
  -ACOMRAM=01h-07Fh -AABS1=00h-05F3h -ABIGRAM=01h-05F3h \
  -ARAM=080h-0FFh,0100h-01FFhx4,0500h-05F3h -ABANK0=080h-0FFh \
  -ABANK1=0100h-01FFh -ABANK2=0200h-02FFh -ABANK3=0300h-03FFh \
  -ABANK4=0400h-04FFh -ABANK5=0500h-05F3h \
  -ASFR=0F80h-0F9Bh,0F9Dh-0FD3h,0FD5h-0FDAh,0FE0h-0FE2h,0FE8h-0FEAh,0FF0h-0FFCh \
  -preset_vec=00h,intcode=08h,intcodelo=018h,powerup,init -pramtop=0600h \
  -psmallconst=SMALLCONST -pmediumconst=MEDIUMCONST -pconst=CONST \
  -AFARRAM=00h-00h -ACONFIG=0300000h-030000Dh -pconfig=CONFIG \
  -AIDLOC=0200000h-0200007h -pidloc=IDLOC -AEEDATA=0F00000h-0F000FFh \
  -peeprom_data=EEDATA \
  -prdata=COMRAM,nvrram=COMRAM,nvbit=COMRAM,rbss=COMRAM,rbit=COMRAM \
  -pfarbss=FARRAM,fardata=FARRAM,nvFARRAM=FARRAM \
  -pintsave_regs=BIGRAM,bigbss=BIGRAM,bigdata=BIGRAM -pbss=RAM \
  -pidata=CODE,irdata=CODE,ibigdata=CODE,ifardata=CODE -prparam=COMRAM \
  C:\Users\user\AppData\Local\Temp\s4lo.o \
  dist/default/debug\lab11.X.debug.o 

Object code version is 3.11

Machine type is 18F4520

Call graph: (short form)




                Name                               Link     Load   Length Selector   Space Scale
C:\Users\user\AppData\Local\Temp\s4lo.o
                init                                 78       78        4        C       0
                reset_vec                             0        0        4        0       0
                idloc                            200000   200000        8   200000       0
                config                           300000   300000        E   300000       0
dist/default/debug\lab11.X.debug.o
                intcodelo                            18       18       60        C       0
                intcode                               8        8        6        4       0
                temp                                 73       73        1        1       1
                smallconst                          600      600       38      300       0
                intcode_body                       3CF2     3CF2       28      31C       0
                text46                             3D7C     3D7C       1E      31C       0
                text45                             34AC     34AC       D8      31C       0
                text44                             3BB6     3BB6       48      31C       0
                text42                             3DD8     3DD8        E      31C       0
                text41                             3936     3936       6A      31C       0
                text40                             3D5E     3D5E       1E      31C       0
                text39                             37C6     37C6       86      31C       0
                text38                             3D3C     3D3C       22      31C       0
                text37                             3BFE     3BFE       46      31C       0
                text36                             2754     2754      1DC      31C       0
                text35                             2930     2930      1BE      31C       0
                text34                             3132     3132       EC      31C       0
                text33                             33D4     33D4       D8      31C       0
                text32                             1D4E     1D4E      420      31C       0
                text31                             3656     3656       BA      31C       0
                text30                             2C6E     2C6E      168      31C       0
                text29                             18E0     18E0      46E      31C       0
                text28                             3C44     3C44       40      31C       0
                text27                             135C     135C      584      31C       0
                text26                             3B6C     3B6C       4A      31C       0
                text25                             2DD6     2DD6      152      31C       0
                text24                             2F28     2F28      10E      31C       0
                text23                             2522     2522      232      31C       0
                text22                             3DFA     3DFA        2      31C       0
                text21                             321E     321E       DE      31C       0
                text20                             3B20     3B20       4C      31C       0
                text19                             38CC     38CC       6A      31C       0
                text18                             3584     3584       D2      31C       0
                text17                             39A0     39A0       68      31C       0
                text16                             3C84     3C84       3C      31C       0
                text15                             384C     384C       80      31C       0
                text14                              638      638      D24      31C       0
                text13                             3036     3036       FC      31C       0
                text12                             216E     216E      3B4      31C       0
                text11                             3A08     3A08       62      31C       0
                text10                             3A6A     3A6A       5E      31C       0
                text9                              2AEE     2AEE      180      31C       0
                text8                              3D9A     3D9A       18      31C       0
                text7                              3DE6     3DE6        C      31C       0
                text6                              3DF2     3DF2        8      31C       0
                text5                              3DC8     3DC8       10      31C       0
                text4                              3D1A     3D1A       22      31C       0
                text3                              3DB2     3DB2       16      31C       0
                text2                              3AC8     3AC8       58      31C       0
                text1                              32FC     32FC       D8      31C       0
                text0                              3710     3710       B6      31C       0
                cstackCOMRAM                          1        1       64        1       1
                cstackBANK0                          80       80       56       80       1
                bssBANK1                            100      100       50      100       1
                bssBANK0                             D6       D6       18       80       1
                bssCOMRAM                            65       65        E        1       1
                cinit                              3CC0     3CC0       32      31C       0

TOTAL           Name                               Link     Load   Length     Space
        CLASS   STACK          

        CLASS   CODE           
                intcodelo                            18       18       60         0
                intcode                               8        8        6         0
                init                                 78       78        4         0
                reset_vec                             0        0        4         0
                intcode_body                       3CF2     3CF2       28         0
                text46                             3D7C     3D7C       1E         0
                text45                             34AC     34AC       D8         0
                text44                             3BB6     3BB6       48         0
                text42                             3DD8     3DD8        E         0
                text41                             3936     3936       6A         0
                text40                             3D5E     3D5E       1E         0
                text39                             37C6     37C6       86         0
                text38                             3D3C     3D3C       22         0
                text37                             3BFE     3BFE       46         0
                text36                             2754     2754      1DC         0
                text35                             2930     2930      1BE         0
                text34                             3132     3132       EC         0
                text33                             33D4     33D4       D8         0
                text32                             1D4E     1D4E      420         0
                text31                             3656     3656       BA         0
                text30                             2C6E     2C6E      168         0
                text29                             18E0     18E0      46E         0
                text28                             3C44     3C44       40         0
                text27                             135C     135C      584         0
                text26                             3B6C     3B6C       4A         0
                text25                             2DD6     2DD6      152         0
                text24                             2F28     2F28      10E         0
                text23                             2522     2522      232         0
                text22                             3DFA     3DFA        2         0
                text21                             321E     321E       DE         0
                text20                             3B20     3B20       4C         0
                text19                             38CC     38CC       6A         0
                text18                             3584     3584       D2         0
                text17                             39A0     39A0       68         0
                text16                             3C84     3C84       3C         0
                text15                             384C     384C       80         0
                text14                              638      638      D24         0
                text13                             3036     3036       FC         0
                text12                             216E     216E      3B4         0
                text11                             3A08     3A08       62         0
                text10                             3A6A     3A6A       5E         0
                text9                              2AEE     2AEE      180         0
                text8                              3D9A     3D9A       18         0
                text7                              3DE6     3DE6        C         0
                text6                              3DF2     3DF2        8         0
                text5                              3DC8     3DC8       10         0
                text4                              3D1A     3D1A       22         0
                text3                              3DB2     3DB2       16         0
                text2                              3AC8     3AC8       58         0
                text1                              32FC     32FC       D8         0
                text0                              3710     3710       B6         0
                cinit                              3CC0     3CC0       32         0

        CLASS   CONST          

        CLASS   SMALLCONST     
                smallconst                          600      600       38         0

        CLASS   MEDIUMCONST    

        CLASS   COMRAM         
                temp                                 73       73        1         1
                cstackCOMRAM                          1        1       64         1
                bssCOMRAM                            65       65        E         1

        CLASS   ABS1           

        CLASS   BIGRAM         

        CLASS   RAM            

        CLASS   BANK0          
                cstackBANK0                          80       80       56         1
                bssBANK0                             D6       D6       18         1

        CLASS   BANK1          
                bssBANK1                            100      100       50         1

        CLASS   BANK2          

        CLASS   BANK3          

        CLASS   BANK4          

        CLASS   BANK5          

        CLASS   SFR            

        CLASS   FARRAM         

        CLASS   CONFIG         
                config                           300000   300000        E         0

        CLASS   IDLOC          
                idloc                            200000   200000        8         0

        CLASS   EEDATA         



SEGMENTS        Name                           Load    Length   Top    Selector   Space  Class

                reset_vec                      000000  000004  000004         0       0  CODE    
                cstackCOMRAM                   000001  000073  000074         1       1  COMRAM  
                intcode                        000008  000006  00000E         4       0  CODE    
                intcodelo                      000018  000064  00007C         C       0  CODE    
                cstackBANK0                    000080  00006E  0000EE        80       1  BANK0   
                bssBANK1                       000100  000050  000150       100       1  BANK1   
                smallconst                     000600  000038  000638       300       0  SMALLCON
                text14                         000638  0037C4  003DFC       31C       0  CODE    
                idloc                          200000  000008  200008    200000       0  IDLOC   
                config                         300000  00000E  30000E    300000       0  CONFIG  


UNUSED ADDRESS RANGES

        Name                Unused          Largest block    Delta
        BANK0            0000EE-0000FF               12
        BANK1            000150-0001FF               B0
        BANK2            000200-0002FF              100
        BANK3            000300-0003FF              100
        BANK4            000400-0004FF              100
        BANK5            000500-0005F3               F4
        BIGRAM           000074-00007F                C
                         0000EE-0000FF               12
                         000150-0005F3              4A4
        CODE             000004-000007                4
                         00000E-000017                A
                         00007C-0005FF              584
                         003DFC-007DBF             3FC4
        COMRAM           000074-00007F                C
        CONST            000004-000007                4
                         00000E-000017                A
                         00007C-0005FF              584
                         003DFC-007DBF             3FC4
        EEDATA           F00000-F000FF              100
        MEDIUMCONST      003DFC-007DBF             3FC4
        RAM              0000EE-0000FF               12
                         000150-0005F3              100
        SFR              000F80-000F9B               1C
                         000F9D-000FD3               37
                         000FD5-000FDA                6
                         000FE0-000FE2                3
                         000FE8-000FEA                3
                         000FF0-000FFC                D
        SMALLCONST       003DFC-007DBF              100
        STACK            000150-0005F3              4A4

                                  Symbol Table

?_ADC_Read                      cstackCOMRAM 00000C
?_GetString                     cstackCOMRAM 00000C
?___awdiv                       cstackCOMRAM 00000C
?___awmod                       cstackCOMRAM 00000C
?___fladd                       cstackCOMRAM 00000C
?___fldiv                       cstackCOMRAM 00000C
?___flmul                       cstackCOMRAM 00001A
?___flneg                       cstackCOMRAM 00000C
?___flsub                       cstackCOMRAM 000033
?___fltol                       cstackCOMRAM 00000C
?___fpclassifyf                 cstackCOMRAM 00000C
?___xxtofl                      cstackCOMRAM 00000C
?_efgtoa                        cstackCOMRAM 00003F
?_floorf                        cstackCOMRAM 000025
?_isupper                       cstackCOMRAM 00000C
?_pad                           cstackCOMRAM 00001C
?_sprintf                       cstackBANK0  0000BA
?_strchr                        cstackCOMRAM 00000C
?_strlen                        cstackCOMRAM 00000C
?_strncmp                       cstackCOMRAM 00000C
?_strstr                        cstackCOMRAM 000019
?_tolower                       cstackCOMRAM 000012
?_vfpfcnvrt                     cstackCOMRAM 00004B
?_vfprintf                      cstackCOMRAM 00005F
?i1___awmod                     cstackCOMRAM 000001
ADC_Read@channel                cstackCOMRAM 00000C
ADC_Read@digital                cstackCOMRAM 000010
ClearBuffer@i                   cstackCOMRAM 00000C
Mode2@digital                   cstackBANK0  0000D0
Mode2@i                         cstackBANK0  0000D2
Mode2@i_815                     cstackBANK0  0000D4
Mode2@voltage                   cstackBANK0  0000CC
UART_Write@data                 cstackCOMRAM 00000C
UART_Write_Text@i               cstackCOMRAM 000011
UART_Write_Text@text            cstackCOMRAM 00000D
_ADCON0bits                     (abs)        000FC2
_ADCON1                         (abs)        000FC1
_ADCON2bits                     (abs)        000FC0
_ADC_Initialize                 text8        003D9A
_ADC_Read                       text37       003BFE
_ADFM                           (abs)        007E07
_ADRESH                         (abs)        000FC4
_ADRESL                         (abs)        000FC3
_BAUDCONbits                    (abs)        000FB8
_CCP1CON                        (abs)        000FBD
_CCP1_Initialize                text7        003DE6
_CREN                           (abs)        007D5C
_ClearBuffer                    text41       003936
_GetString                      text42       003DD8
_Hi_ISR                         intcode      000008
_INTCONbits                     (abs)        000FF2
_INTERRUPT_Initialize           text6        003DF2
_IPR1bits                       (abs)        000F9F
_IRCF0                          (abs)        007E9C
_IRCF1                          (abs)        007E9D
_IRCF2                          (abs)        007E9E
_Lo_ISR                         intcodelo    000018
_Mode1                          text38       003D3C
_Mode2                          text9        002AEE
_MyusartRead                    text44       003BB6
_OSCCONbits                     (abs)        000FD3
_OSCILLATOR_Initialize          text5        003DC8
_PIE1bits                       (abs)        000F9D
_PIR1bits                       (abs)        000F9E
_RC2                            (abs)        007C12
_RCIF                           (abs)        007CF5
_RCONbits                       (abs)        000FD0
_RCREG                          (abs)        000FAE
_RCSTAbits                      (abs)        000FAB
_SPBRG                          (abs)        000FAF
_SYSTEM_Initialize              text3        003DB2
_TMR3                           (abs)        000FB2
_TRISA                          (abs)        000F92
_TRISCbits                      (abs)        000F94
_TXREG                          (abs)        000FAD
_TXSTAbits                      (abs)        000FAC
_UART_Initialize                text4        003D1A
_UART_Write                     text40       003D5E
_UART_Write_Text                text39       0037C6
__CFG_BOREN$SBORDIS             (abs)        000000
__CFG_BORV$3                    (abs)        000000
__CFG_CCP2MX$PORTC              (abs)        000000
__CFG_CP0$OFF                   (abs)        000000
__CFG_CP1$OFF                   (abs)        000000
__CFG_CP2$OFF                   (abs)        000000
__CFG_CP3$OFF                   (abs)        000000
__CFG_CPB$OFF                   (abs)        000000
__CFG_CPD$OFF                   (abs)        000000
__CFG_EBTR0$OFF                 (abs)        000000
__CFG_EBTR1$OFF                 (abs)        000000
__CFG_EBTR2$OFF                 (abs)        000000
__CFG_EBTR3$OFF                 (abs)        000000
__CFG_EBTRB$OFF                 (abs)        000000
__CFG_FCMEN$OFF                 (abs)        000000
__CFG_IESO$ON                   (abs)        000000
__CFG_LPT1OSC$OFF               (abs)        000000
__CFG_LVP$OFF                   (abs)        000000
__CFG_MCLRE$ON                  (abs)        000000
__CFG_OSC$INTIO67               (abs)        000000
__CFG_PBADEN$ON                 (abs)        000000
__CFG_PWRT$OFF                  (abs)        000000
__CFG_STVREN$ON                 (abs)        000000
__CFG_WDT$OFF                   (abs)        000000
__CFG_WDTPS$1                   (abs)        000000
__CFG_WRT0$OFF                  (abs)        000000
__CFG_WRT1$OFF                  (abs)        000000
__CFG_WRT2$OFF                  (abs)        000000
__CFG_WRT3$OFF                  (abs)        000000
__CFG_WRTB$OFF                  (abs)        000000
__CFG_WRTC$OFF                  (abs)        000000
__CFG_WRTD$OFF                  (abs)        000000
__CFG_XINST$OFF                 (abs)        000000
__HRAM                          (abs)        000000
__Habs1                         abs1         000000
__Hbank0                        bank0        000000
__Hbank1                        bank1        000000
__Hbank2                        bank2        000000
__Hbank3                        bank3        000000
__Hbank4                        bank4        000000
__Hbank5                        bank5        000000
__Hbigbss                       bigbss       000000
__Hbigdata                      bigdata      000000
__Hbigram                       bigram       000000
__Hbss                          bss          000000
__HbssBANK0                     bssBANK0     000000
__HbssBANK1                     bssBANK1     000000
__HbssCOMRAM                    bssCOMRAM    000000
__Hcinit                        cinit        000000
__Hclrtext                      clrtext      000000
__Hcomram                       comram       000000
__Hconfig                       config       30000E
__Hconst                        const        000000
__HcstackBANK0                  cstackBANK0  000000
__HcstackCOMRAM                 cstackCOMRAM 000000
__Hdata                         data         000000
__Heeprom_data                  eeprom_data  000000
__Hfarbss                       farbss       000000
__Hfardata                      fardata      000000
__Hibigdata                     ibigdata     000000
__Hidata                        idata        000000
__Hidloc                        idloc        200008
__Hifardata                     ifardata     000000
__Hinit                         init         00007C
__Hintcode                      intcode      00000E
__Hintcode_body                 intcode_body 000000
__Hintcodelo                    intcodelo    000078
__Hintentry                     intentry     000000
__Hintret                       intret       000000
__Hintsave_regs                 intsave_regs 000000
__Hirdata                       irdata       000000
__Hmediumconst                  mediumconst  000000
__HnvFARRAM                     nvFARRAM     000000
__Hnvbit                        nvbit        000000
__Hnvrram                       nvrram       000000
__Hparam                        rparam       000000
__Hpowerup                      powerup      000078
__Hram                          ram          000000
__Hramtop                       ramtop       000600
__Hrbit                         rbit         000000
__Hrbss                         rbss         000000
__Hrdata                        rdata        000000
__Hreset_vec                    reset_vec    000004
__Hrparam                       rparam       000000
__Hsfr                          sfr          000000
__Hsmallconst                   smallconst   000638
__Hspace_0                      (abs)        30000E
__Hspace_1                      (abs)        000150
__Hspace_2                      (abs)        000000
__Hstack                        stack        000000
__Hstruct                       struct       000000
__Htemp                         temp         000074
__Htext                         text         000000
__Htext0                        text0        000000
__Htext1                        text1        000000
__Htext10                       text10       000000
__Htext11                       text11       000000
__Htext12                       text12       000000
__Htext13                       text13       000000
__Htext14                       text14       000000
__Htext15                       text15       000000
__Htext16                       text16       000000
__Htext17                       text17       000000
__Htext18                       text18       000000
__Htext19                       text19       000000
__Htext2                        text2        000000
__Htext20                       text20       000000
__Htext21                       text21       000000
__Htext22                       text22       000000
__Htext23                       text23       000000
__Htext24                       text24       000000
__Htext25                       text25       000000
__Htext26                       text26       000000
__Htext27                       text27       000000
__Htext28                       text28       000000
__Htext29                       text29       000000
__Htext3                        text3        000000
__Htext30                       text30       000000
__Htext31                       text31       000000
__Htext32                       text32       000000
__Htext33                       text33       000000
__Htext34                       text34       000000
__Htext35                       text35       000000
__Htext36                       text36       000000
__Htext37                       text37       000000
__Htext38                       text38       000000
__Htext39                       text39       000000
__Htext4                        text4        000000
__Htext40                       text40       000000
__Htext41                       text41       000000
__Htext42                       text42       000000
__Htext44                       text44       000000
__Htext45                       text45       000000
__Htext46                       text46       000000
__Htext5                        text5        000000
__Htext6                        text6        000000
__Htext7                        text7        000000
__Htext8                        text8        000000
__Htext9                        text9        000000
__LRAM                          (abs)        000001
__Labs1                         abs1         000000
__Lbank0                        bank0        000000
__Lbank1                        bank1        000000
__Lbank2                        bank2        000000
__Lbank3                        bank3        000000
__Lbank4                        bank4        000000
__Lbank5                        bank5        000000
__Lbigbss                       bigbss       000000
__Lbigdata                      bigdata      000000
__Lbigram                       bigram       000000
__Lbss                          bss          000000
__LbssBANK0                     bssBANK0     000000
__LbssBANK1                     bssBANK1     000000
__LbssCOMRAM                    bssCOMRAM    000000
__Lcinit                        cinit        000000
__Lclrtext                      clrtext      000000
__Lcomram                       comram       000000
__Lconfig                       config       300000
__Lconst                        const        000000
__LcstackBANK0                  cstackBANK0  000000
__LcstackCOMRAM                 cstackCOMRAM 000000
__Ldata                         data         000000
__Leeprom_data                  eeprom_data  000000
__Lfarbss                       farbss       000000
__Lfardata                      fardata      000000
__Libigdata                     ibigdata     000000
__Lidata                        idata        000000
__Lidloc                        idloc        200000
__Lifardata                     ifardata     000000
__Linit                         init         000078
__Lintcode                      intcode      000008
__Lintcode_body                 intcode_body 000000
__Lintcodelo                    intcodelo    000018
__Lintentry                     intentry     000000
__Lintret                       intret       000000
__Lintsave_regs                 intsave_regs 000000
__Lirdata                       irdata       000000
__Lmediumconst                  mediumconst  000000
__LnvFARRAM                     nvFARRAM     000000
__Lnvbit                        nvbit        000000
__Lnvrram                       nvrram       000000
__Lparam                        rparam       000000
__Lpowerup                      powerup      000078
__Lram                          ram          000000
__Lramtop                       ramtop       000600
__Lrbit                         rbit         000000
__Lrbss                         rbss         000000
__Lrdata                        rdata        000000
__Lreset_vec                    reset_vec    000000
__Lrparam                       rparam       000000
__Lsfr                          sfr          000000
__Lsmallconst                   smallconst   000600
__Lspace_0                      (abs)        000000
__Lspace_1                      (abs)        000000
__Lspace_2                      (abs)        000000
__Lstack                        stack        000000
__Lstruct                       struct       000000
__Ltemp                         temp         000073
__Ltext                         text         000000
__Ltext0                        text0        000000
__Ltext1                        text1        000000
__Ltext10                       text10       000000
__Ltext11                       text11       000000
__Ltext12                       text12       000000
__Ltext13                       text13       000000
__Ltext14                       text14       000000
__Ltext15                       text15       000000
__Ltext16                       text16       000000
__Ltext17                       text17       000000
__Ltext18                       text18       000000
__Ltext19                       text19       000000
__Ltext2                        text2        000000
__Ltext20                       text20       000000
__Ltext21                       text21       000000
__Ltext22                       text22       000000
__Ltext23                       text23       000000
__Ltext24                       text24       000000
__Ltext25                       text25       000000
__Ltext26                       text26       000000
__Ltext27                       text27       000000
__Ltext28                       text28       000000
__Ltext29                       text29       000000
__Ltext3                        text3        000000
__Ltext30                       text30       000000
__Ltext31                       text31       000000
__Ltext32                       text32       000000
__Ltext33                       text33       000000
__Ltext34                       text34       000000
__Ltext35                       text35       000000
__Ltext36                       text36       000000
__Ltext37                       text37       000000
__Ltext38                       text38       000000
__Ltext39                       text39       000000
__Ltext4                        text4        000000
__Ltext40                       text40       000000
__Ltext41                       text41       000000
__Ltext42                       text42       000000
__Ltext44                       text44       000000
__Ltext45                       text45       000000
__Ltext46                       text46       000000
__Ltext5                        text5        000000
__Ltext6                        text6        000000
__Ltext7                        text7        000000
__Ltext8                        text8        000000
__Ltext9                        text9        000000
__S0                            (abs)        30000E
__S1                            (abs)        000150
__S2                            (abs)        000000
___awdiv                        text34       003132
___awdiv@counter                cstackCOMRAM 000010
___awdiv@dividend               cstackCOMRAM 00000C
___awdiv@divisor                cstackCOMRAM 00000E
___awdiv@quotient               cstackCOMRAM 000012
___awdiv@sign                   cstackCOMRAM 000011
___awmod                        text33       0033D4
___awmod@counter                cstackCOMRAM 000010
___awmod@dividend               cstackCOMRAM 00000C
___awmod@divisor                cstackCOMRAM 00000E
___awmod@sign                   cstackCOMRAM 000011
___fladd                        text27       00135C
___fladd@a                      cstackCOMRAM 000010
___fladd@aexp                   cstackCOMRAM 00001D
___fladd@b                      cstackCOMRAM 00000C
___fladd@bexp                   cstackCOMRAM 00001E
___fladd@grs                    cstackCOMRAM 00001F
___fladd@signs                  cstackCOMRAM 00001C
___fldiv                        text32       001D4E
___fldiv@a                      cstackCOMRAM 000010
___fldiv@aexp                   cstackCOMRAM 000024
___fldiv@b                      cstackCOMRAM 00000C
___fldiv@bexp                   cstackCOMRAM 000023
___fldiv@grs                    cstackCOMRAM 00001F
___fldiv@new_exp                cstackCOMRAM 00001D
___fldiv@rem                    cstackCOMRAM 000018
___fldiv@sign                   cstackCOMRAM 00001C
___fleq                         text31       003656
___fleq@ff1                     cstackCOMRAM 00000C
___fleq@ff2                     cstackCOMRAM 000010
___flge                         text30       002C6E
___flge@ff1                     cstackCOMRAM 000033
___flge@ff2                     cstackCOMRAM 000037
___flmul                        text29       0018E0
___flmul@a                      cstackCOMRAM 00001E
___flmul@aexp                   cstackCOMRAM 000027
___flmul@b                      cstackCOMRAM 00001A
___flmul@bexp                   cstackCOMRAM 00002C
___flmul@grs                    cstackCOMRAM 000028
___flmul@prod                   cstackCOMRAM 00002D
___flmul@sign                   cstackCOMRAM 000026
___flmul@temp                   cstackCOMRAM 000031
___flneg                        text28       003C44
___flneg@f1                     cstackCOMRAM 00000C
___flsub                        text26       003B6C
___flsub@a                      cstackCOMRAM 000037
___flsub@b                      cstackCOMRAM 000033
___fltol                        text25       002DD6
___fltol@exp1                   cstackCOMRAM 000015
___fltol@f1                     cstackCOMRAM 00000C
___fltol@sign1                  cstackCOMRAM 000014
___fpclassifyf                  text24       002F28
___fpclassifyf@F459             bssCOMRAM    000065
___fpclassifyf@e                cstackCOMRAM 000014
___fpclassifyf@u                cstackCOMRAM 000016
___fpclassifyf@x                cstackCOMRAM 00000C
___inthi_sp                     stack        000000
___intlo_sp                     stack        000000
___param_bank                   (abs)        000000
___rparam_used                  (abs)        000001
___sp                           stack        000000
___xxtofl                       text36       002754
___xxtofl@arg                   cstackCOMRAM 000016
___xxtofl@exp                   cstackCOMRAM 000015
___xxtofl@sign                  cstackCOMRAM 000014
___xxtofl@val                   cstackCOMRAM 00000C
__accesstop                     (abs)        000080
__activetblptr                  (abs)        000002
__end_of_ADC_Initialize         text8        003DB2
__end_of_ADC_Read               text37       003C44
__end_of_CCP1_Initialize        text7        003DF2
__end_of_ClearBuffer            text41       0039A0
__end_of_GetString              text42       003DE6
__end_of_Hi_ISR                 intcode_body 003D1A
__end_of_INTERRUPT_Initialize   text6        003DFA
__end_of_Lo_ISR                 intcodelo    000078
__end_of_Mode1                  text38       003D5E
__end_of_Mode2                  text9        002C6E
__end_of_MyusartRead            text44       003BFE
__end_of_OSCILLATOR_Initialize  text5        003DD8
__end_of_SYSTEM_Initialize      text3        003DC8
__end_of_UART_Initialize        text4        003D3C
__end_of_UART_Write             text40       003D7C
__end_of_UART_Write_Text        text39       00384C
__end_of___awdiv                text34       00321E
__end_of___awmod                text33       0034AC
__end_of___fladd                text27       0018E0
__end_of___fldiv                text32       00216E
__end_of___fleq                 text31       003710
__end_of___flge                 text30       002DD6
__end_of___flmul                text29       001D4E
__end_of___flneg                text28       003C84
__end_of___flsub                text26       003BB6
__end_of___fltol                text25       002F28
__end_of___fpclassifyf          text24       003036
__end_of___xxtofl               text36       002930
__end_of__initialization        cinit        003CE4
__end_of_efgtoa                 text14       00135C
__end_of_floorf                 text23       002754
__end_of_fputc                  text21       0032FC
__end_of_fputs                  text20       003B6C
__end_of_isupper                text16       003CC0
__end_of_main                   text0        0037C6
__end_of_memset                 text35       002AEE
__end_of_pad                    text18       003656
__end_of_putch                  text22       003DFC
__end_of_sprintf                text10       003AC8
__end_of_strchr                 text2        003B20
__end_of_strcpy                 text17       003A08
__end_of_strlen                 text19       003936
__end_of_strncmp                text13       003132
__end_of_strstr                 text1        0033D4
__end_of_tolower                text15       0038CC
__end_of_vfpfcnvrt              text12       002522
__end_of_vfprintf               text11       003A6A
__end_ofi1_UART_Write           text46       003D9A
__end_ofi1___awmod              text45       003584
__initialization                cinit        003CC0
__mediumconst                   mediumconst  000000
__pbssBANK0                     bssBANK0     0000D6
__pbssBANK1                     bssBANK1     000100
__pbssCOMRAM                    bssCOMRAM    000065
__pcinit                        cinit        003CC0
__pcstackBANK0                  cstackBANK0  000080
__pcstackCOMRAM                 cstackCOMRAM 000001
__pintcode                      intcode      000008
__pintcode_body                 intcode_body 003CF2
__pintcodelo                    intcodelo    000018
__psmallconst                   smallconst   000600
__ptext0                        text0        003710
__ptext1                        text1        0032FC
__ptext10                       text10       003A6A
__ptext11                       text11       003A08
__ptext12                       text12       00216E
__ptext13                       text13       003036
__ptext14                       text14       000638
__ptext15                       text15       00384C
__ptext16                       text16       003C84
__ptext17                       text17       0039A0
__ptext18                       text18       003584
__ptext19                       text19       0038CC
__ptext2                        text2        003AC8
__ptext20                       text20       003B20
__ptext21                       text21       00321E
__ptext22                       text22       003DFA
__ptext23                       text23       002522
__ptext24                       text24       002F28
__ptext25                       text25       002DD6
__ptext26                       text26       003B6C
__ptext27                       text27       00135C
__ptext28                       text28       003C44
__ptext29                       text29       0018E0
__ptext3                        text3        003DB2
__ptext30                       text30       002C6E
__ptext31                       text31       003656
__ptext32                       text32       001D4E
__ptext33                       text33       0033D4
__ptext34                       text34       003132
__ptext35                       text35       002930
__ptext36                       text36       002754
__ptext37                       text37       003BFE
__ptext38                       text38       003D3C
__ptext39                       text39       0037C6
__ptext4                        text4        003D1A
__ptext40                       text40       003D5E
__ptext41                       text41       003936
__ptext42                       text42       003DD8
__ptext44                       text44       003BB6
__ptext45                       text45       0034AC
__ptext46                       text46       003D7C
__ptext5                        text5        003DC8
__ptext6                        text6        003DF2
__ptext7                        text7        003DE6
__ptext8                        text8        003D9A
__ptext9                        text9        002AEE
__ramtop                        ramtop       000600
__size_of_ADC_Initialize        (abs)        000000
__size_of_ADC_Read              (abs)        000000
__size_of_CCP1_Initialize       (abs)        000000
__size_of_ClearBuffer           (abs)        000000
__size_of_GetString             (abs)        000000
__size_of_Hi_ISR                (abs)        000000
__size_of_INTERRUPT_Initialize  (abs)        000000
__size_of_Lo_ISR                (abs)        000000
__size_of_Mode1                 (abs)        000000
__size_of_Mode2                 (abs)        000000
__size_of_MyusartRead           (abs)        000000
__size_of_OSCILLATOR_Initialize (abs)        000000
__size_of_SYSTEM_Initialize     (abs)        000000
__size_of_UART_Initialize       (abs)        000000
__size_of_UART_Write            (abs)        000000
__size_of_UART_Write_Text       (abs)        000000
__size_of___awdiv               (abs)        000000
__size_of___awmod               (abs)        000000
__size_of___fladd               (abs)        000000
__size_of___fldiv               (abs)        000000
__size_of___fleq                (abs)        000000
__size_of___flge                (abs)        000000
__size_of___flmul               (abs)        000000
__size_of___flneg               (abs)        000000
__size_of___flsub               (abs)        000000
__size_of___fltol               (abs)        000000
__size_of___fpclassifyf         (abs)        000000
__size_of___xxtofl              (abs)        000000
__size_of_efgtoa                (abs)        000000
__size_of_floorf                (abs)        000000
__size_of_fputc                 (abs)        000000
__size_of_fputs                 (abs)        000000
__size_of_isupper               (abs)        000000
__size_of_main                  (abs)        000000
__size_of_memset                (abs)        000000
__size_of_pad                   (abs)        000000
__size_of_putch                 (abs)        000000
__size_of_sprintf               (abs)        000000
__size_of_strchr                (abs)        000000
__size_of_strcpy                (abs)        000000
__size_of_strlen                (abs)        000000
__size_of_strncmp               (abs)        000000
__size_of_strstr                (abs)        000000
__size_of_tolower               (abs)        000000
__size_of_vfpfcnvrt             (abs)        000000
__size_of_vfprintf              (abs)        000000
__size_ofi1_UART_Write          (abs)        000000
__size_ofi1___awmod             (abs)        000000
__smallconst                    smallconst   000600
_dbuf                           bssBANK1     000100
_efgtoa                         text14       000638
_efgtoa$922                     cstackBANK0  000084
_efgtoa$923                     cstackBANK0  000086
_efgtoa$928                     cstackBANK0  000088
_efgtoa$932                     cstackBANK0  00008A
_efgtoa$933                     cstackBANK0  00008C
_efgtoa$934                     cstackBANK0  00008E
_flags                          bssCOMRAM    00006F
_floorf                         text23       002522
_fputc                          text21       00321E
_fputs                          text20       003B20
_isupper                        text16       003C84
_lenStr                         bssCOMRAM    000071
_main                           text0        003710
_memset                         text35       002930
_mystring                       bssBANK0     0000E4
_nout                           bssCOMRAM    000069
_pad                            text18       003584
_prec                           bssCOMRAM    00006D
_putch                          text22       003DFA
_sprintf                        text10       003A6A
_str                            bssBANK0     0000DA
_strchr                         text2        003AC8
_strcpy                         text17       0039A0
_strlen                         text19       0038CC
_strncmp                        text13       003036
_strstr                         text1        0032FC
_tolower                        text15       00384C
_tolower$1524                   cstackCOMRAM 000018
_vfpfcnvrt                      text12       00216E
_vfpfcnvrt$951                  cstackCOMRAM 000055
_vfprintf                       text11       003A08
_width                          bssCOMRAM    00006B
btemp                           temp         000073
efgtoa@c                        cstackCOMRAM 000045
efgtoa@d                        cstackBANK0  000098
efgtoa@e                        cstackBANK0  0000B0
efgtoa@f                        cstackCOMRAM 000041
efgtoa@fp                       cstackCOMRAM 00003F
efgtoa@g                        cstackBANK0  0000AC
efgtoa@h                        cstackBANK0  0000A2
efgtoa@i                        cstackBANK0  0000AA
efgtoa@l                        cstackBANK0  0000A6
efgtoa@m                        cstackBANK0  000094
efgtoa@mode                     cstackBANK0  0000A1
efgtoa@n                        cstackBANK0  0000B2
efgtoa@ne                       cstackBANK0  000096
efgtoa@nmode                    cstackBANK0  00009E
efgtoa@ou                       cstackBANK0  000080
efgtoa@p                        cstackBANK0  00009C
efgtoa@pp                       cstackBANK0  000092
efgtoa@sign                     cstackBANK0  00009A
efgtoa@t                        cstackBANK0  000090
efgtoa@u                        cstackBANK0  0000B4
efgtoa@w                        cstackBANK0  00009F
end_of_initialization           cinit        003CE4
floorf@F520                     bssBANK0     0000D6
floorf@e                        cstackCOMRAM 000033
floorf@m                        cstackCOMRAM 00002F
floorf@u                        cstackCOMRAM 000035
floorf@x                        cstackCOMRAM 000025
fputc@c                         cstackCOMRAM 00000C
fputc@fp                        cstackCOMRAM 00000E
fputs@c                         cstackCOMRAM 000019
fputs@fp                        cstackCOMRAM 000017
fputs@i                         cstackCOMRAM 00001A
fputs@s                         cstackCOMRAM 000015
i1UART_Write@data               cstackCOMRAM 000001
i1_UART_Write                   text46       003D7C
i1___awmod                      text45       0034AC
i1___awmod@counter              cstackCOMRAM 000005
i1___awmod@dividend             cstackCOMRAM 000001
i1___awmod@divisor              cstackCOMRAM 000003
i1___awmod@sign                 cstackCOMRAM 000006
int$flags                       temp         000073
int_func                        intcode_body 003CF2
intlevel0                       text         000000
intlevel1                       text         000000
intlevel2                       text         000000
intlevel3                       text         000000
isupper@c                       cstackCOMRAM 00000C
memset@c                        cstackCOMRAM 00000E
memset@dest                     cstackCOMRAM 00000C
memset@k                        cstackCOMRAM 000016
memset@n                        cstackCOMRAM 000010
memset@s                        cstackCOMRAM 000018
pad@buf                         cstackCOMRAM 00001E
pad@fp                          cstackCOMRAM 00001C
pad@i                           cstackCOMRAM 000023
pad@p                           cstackCOMRAM 000020
pad@w                           cstackCOMRAM 000025
sprintf@ap                      cstackBANK0  0000C4
sprintf@f                       cstackBANK0  0000C6
sprintf@fmt                     cstackBANK0  0000BC
sprintf@ret                     cstackBANK0  0000C2
sprintf@s                       cstackBANK0  0000BA
stackhi                         (abs)        0005F3
stacklo                         (abs)        000150
start                           init         000078
start_initialization            cinit        003CC0
strchr@c                        cstackCOMRAM 00000E
strchr@s                        cstackCOMRAM 00000C
strcpy@d                        cstackCOMRAM 000014
strcpy@dest                     cstackCOMRAM 00000C
strcpy@s                        cstackCOMRAM 000012
strcpy@src                      cstackCOMRAM 00000E
strlen@a                        cstackCOMRAM 000010
strlen@s                        cstackCOMRAM 00000C
strncmp@_l                      cstackCOMRAM 00000C
strncmp@_r                      cstackCOMRAM 00000E
strncmp@l                       cstackCOMRAM 000015
strncmp@n                       cstackCOMRAM 000010
strncmp@r                       cstackCOMRAM 000017
strstr@h                        cstackCOMRAM 000019
strstr@n                        cstackCOMRAM 00001B
strstr@nl                       cstackCOMRAM 00001D
tolower@c                       cstackCOMRAM 000012
ttemp5                          temp         000074
ttemp6                          temp         000077
ttemp7                          temp         00007B
vfpfcnvrt@ap                    cstackCOMRAM 00004F
vfpfcnvrt@c                     cstackCOMRAM 00005E
vfpfcnvrt@ct                    cstackCOMRAM 00005B
vfpfcnvrt@f                     cstackCOMRAM 000057
vfpfcnvrt@fmt                   cstackCOMRAM 00004D
vfpfcnvrt@fp                    cstackCOMRAM 00004B
vfprintf@ap                     cstackCOMRAM 000063
vfprintf@cfmt                   cstackBANK0  0000B8
vfprintf@fmt                    cstackCOMRAM 000061
vfprintf@fp                     cstackCOMRAM 00005F
wtemp8                          temp         000074


FUNCTION INFORMATION:

 *************** function _main *****************
 Defined at:
		line 40 in file "main.c"
 Parameters:    Size  Location     Type
		None
 Auto vars:     Size  Location     Type
		None
 Return value:  Size  Location     Type
                  1    wreg      void 
 Registers used:
		wreg, fsr1l, fsr1h, fsr2l, fsr2h, status,2, status,0, tblptrl, tblptrh, tblptru, prodl, prodh, cstack
 Tracked objects:
		On entry : 
		On exit  : 
		Unchanged: 
 Data sizes:     COMRAM   BANK0   BANK1   BANK2   BANK3   BANK4   BANK5
      Params:         0       0       0       0       0       0       0
      Locals:         0       0       0       0       0       0       0
      Temps:          0       0       0       0       0       0       0
      Totals:         0       0       0       0       0       0       0
Total ram usage:        0 bytes
 Hardware stack levels required when called:   13
 This function calls:
		_ClearBuffer
		_GetString
		_Mode1
		_Mode2
		_SYSTEM_Initialize
		_strstr
 This function is called by:
		Startup code after reset
 This function uses a non-reentrant model


 *************** function _strstr *****************
 Defined at:
		line 143 in file "C:\Program Files (x86)\Microchip\xc8\v2.00\pic\sources\c99\common\strstr.c"
 Parameters:    Size  Location     Type
  h               2   24[COMRAM] PTR const unsigned char 
		 -> NULL(0), mystring(10), 
  n               2   26[COMRAM] PTR const unsigned char 
		 -> STR_7(6), STR_6(6), STR_5(6), 
 Auto vars:     Size  Location     Type
  nl              2   28[COMRAM] unsigned int 
 Return value:  Size  Location     Type
                  2   24[COMRAM] PTR unsigned char 
 Registers used:
		wreg, fsr1l, fsr1h, fsr2l, fsr2h, status,2, status,0, tblptrl, tblptrh, tblptru, cstack
 Tracked objects:
		On entry : 
		On exit  : 
		Unchanged: 
 Data sizes:     COMRAM   BANK0   BANK1   BANK2   BANK3   BANK4   BANK5
      Params:         4       0       0       0       0       0       0
      Locals:         2       0       0       0       0       0       0
      Temps:          0       0       0       0       0       0       0
      Totals:         6       0       0       0       0       0       0
Total ram usage:        6 bytes
 Hardware stack levels used:    1
 Hardware stack levels required when called:    5
 This function calls:
		_strchr
		_strlen
		_strncmp
 This function is called by:
		_main
 This function uses a non-reentrant model


 *************** function _strchr *****************
 Defined at:
		line 7 in file "C:\Program Files (x86)\Microchip\xc8\v2.00\pic\sources\c99\common\strchr.c"
 Parameters:    Size  Location     Type
  s               2   11[COMRAM] PTR const unsigned char 
		 -> NULL(0), mystring(10), 
  c               2   13[COMRAM] int 
 Auto vars:     Size  Location     Type
		None
 Return value:  Size  Location     Type
                  2   11[COMRAM] PTR unsigned char 
 Registers used:
		wreg, fsr2l, fsr2h, status,2, status,0
 Tracked objects:
		On entry : 
		On exit  : 
		Unchanged: 
 Data sizes:     COMRAM   BANK0   BANK1   BANK2   BANK3   BANK4   BANK5
      Params:         4       0       0       0       0       0       0
      Locals:         0       0       0       0       0       0       0
      Temps:          1       0       0       0       0       0       0
      Totals:         5       0       0       0       0       0       0
Total ram usage:        5 bytes
 Hardware stack levels used:    1
 Hardware stack levels required when called:    4
 This function calls:
		Nothing
 This function is called by:
		_strstr
 This function uses a non-reentrant model


 *************** function _SYSTEM_Initialize *****************
 Defined at:
		line 60 in file "setting_hardaware/setting.c"
 Parameters:    Size  Location     Type
		None
 Auto vars:     Size  Location     Type
		None
 Return value:  Size  Location     Type
                  1    wreg      void 
 Registers used:
		wreg, status,2, cstack
 Tracked objects:
		On entry : 
		On exit  : 
		Unchanged: 
 Data sizes:     COMRAM   BANK0   BANK1   BANK2   BANK3   BANK4   BANK5
      Params:         0       0       0       0       0       0       0
      Locals:         0       0       0       0       0       0       0
      Temps:          0       0       0       0       0       0       0
      Totals:         0       0       0       0       0       0       0
Total ram usage:        0 bytes
 Hardware stack levels used:    1
 Hardware stack levels required when called:    5
 This function calls:
		_ADC_Initialize
		_CCP1_Initialize
		_INTERRUPT_Initialize
		_OSCILLATOR_Initialize
		_UART_Initialize
 This function is called by:
		_main
 This function uses a non-reentrant model


 *************** function _UART_Initialize *****************
 Defined at:
		line 7 in file "setting_hardaware/uart.c"
 Parameters:    Size  Location     Type
		None
 Auto vars:     Size  Location     Type
		None
 Return value:  Size  Location     Type
                  1    wreg      void 
 Registers used:
		wreg, status,2
 Tracked objects:
		On entry : 
		On exit  : 
		Unchanged: 
 Data sizes:     COMRAM   BANK0   BANK1   BANK2   BANK3   BANK4   BANK5
      Params:         0       0       0       0       0       0       0
      Locals:         0       0       0       0       0       0       0
      Temps:          0       0       0       0       0       0       0
      Totals:         0       0       0       0       0       0       0
Total ram usage:        0 bytes
 Hardware stack levels used:    1
 Hardware stack levels required when called:    4
 This function calls:
		Nothing
 This function is called by:
		_SYSTEM_Initialize
 This function uses a non-reentrant model


 *************** function _OSCILLATOR_Initialize *****************
 Defined at:
		line 73 in file "setting_hardaware/setting.c"
 Parameters:    Size  Location     Type
		None
 Auto vars:     Size  Location     Type
		None
 Return value:  Size  Location     Type
                  1    wreg      void 
 Registers used:
		wreg, status,2
 Tracked objects:
		On entry : 
		On exit  : 
		Unchanged: 
 Data sizes:     COMRAM   BANK0   BANK1   BANK2   BANK3   BANK4   BANK5
      Params:         0       0       0       0       0       0       0
      Locals:         0       0       0       0       0       0       0
      Temps:          0       0       0       0       0       0       0
      Totals:         0       0       0       0       0       0       0
Total ram usage:        0 bytes
 Hardware stack levels used:    1
 Hardware stack levels required when called:    4
 This function calls:
		Nothing
 This function is called by:
		_SYSTEM_Initialize
 This function uses a non-reentrant model


 *************** function _INTERRUPT_Initialize *****************
 Defined at:
		line 3 in file "setting_hardaware/interrupt_manager.c"
 Parameters:    Size  Location     Type
		None
 Auto vars:     Size  Location     Type
		None
 Return value:  Size  Location     Type
                  1    wreg      void 
 Registers used:
		None
 Tracked objects:
		On entry : 
		On exit  : 
		Unchanged: 
 Data sizes:     COMRAM   BANK0   BANK1   BANK2   BANK3   BANK4   BANK5
      Params:         0       0       0       0       0       0       0
      Locals:         0       0       0       0       0       0       0
      Temps:          0       0       0       0       0       0       0
      Totals:         0       0       0       0       0       0       0
Total ram usage:        0 bytes
 Hardware stack levels used:    1
 Hardware stack levels required when called:    4
 This function calls:
		Nothing
 This function is called by:
		_SYSTEM_Initialize
 This function uses a non-reentrant model


 *************** function _CCP1_Initialize *****************
 Defined at:
		line 3 in file "setting_hardaware/ccp1.c"
 Parameters:    Size  Location     Type
		None
 Auto vars:     Size  Location     Type
		None
 Return value:  Size  Location     Type
                  1    wreg      void 
 Registers used:
		wreg, status,2
 Tracked objects:
		On entry : 
		On exit  : 
		Unchanged: 
 Data sizes:     COMRAM   BANK0   BANK1   BANK2   BANK3   BANK4   BANK5
      Params:         0       0       0       0       0       0       0
      Locals:         0       0       0       0       0       0       0
      Temps:          0       0       0       0       0       0       0
      Totals:         0       0       0       0       0       0       0
Total ram usage:        0 bytes
 Hardware stack levels used:    1
 Hardware stack levels required when called:    4
 This function calls:
		Nothing
 This function is called by:
		_SYSTEM_Initialize
 This function uses a non-reentrant model


 *************** function _ADC_Initialize *****************
 Defined at:
		line 3 in file "setting_hardaware/adc.c"
 Parameters:    Size  Location     Type
		None
 Auto vars:     Size  Location     Type
		None
 Return value:  Size  Location     Type
                  1    wreg      void 
 Registers used:
		wreg, status,2
 Tracked objects:
		On entry : 
		On exit  : 
		Unchanged: 
 Data sizes:     COMRAM   BANK0   BANK1   BANK2   BANK3   BANK4   BANK5
      Params:         0       0       0       0       0       0       0
      Locals:         0       0       0       0       0       0       0
      Temps:          0       0       0       0       0       0       0
      Totals:         0       0       0       0       0       0       0
Total ram usage:        0 bytes
 Hardware stack levels used:    1
 Hardware stack levels required when called:    4
 This function calls:
		Nothing
 This function is called by:
		_SYSTEM_Initialize
 This function uses a non-reentrant model


 *************** function _Mode2 *****************
 Defined at:
		line 19 in file "main.c"
 Parameters:    Size  Location     Type
		None
 Auto vars:     Size  Location     Type
  i               2   84[BANK0 ] int 
  i               2   82[BANK0 ] int 
  voltage         4   76[BANK0 ] float 
  digital         2   80[BANK0 ] int 
 Return value:  Size  Location     Type
                  1    wreg      void 
 Registers used:
		wreg, fsr1l, fsr1h, fsr2l, fsr2h, status,2, status,0, tblptrl, tblptrh, tblptru, prodl, prodh, cstack
 Tracked objects:
		On entry : 
		On exit  : 
		Unchanged: 
 Data sizes:     COMRAM   BANK0   BANK1   BANK2   BANK3   BANK4   BANK5
      Params:         0       0       0       0       0       0       0
      Locals:         0      10       0       0       0       0       0
      Temps:          0       0       0       0       0       0       0
      Totals:         0      10       0       0       0       0       0
Total ram usage:       10 bytes
 Hardware stack levels used:    1
 Hardware stack levels required when called:   12
 This function calls:
		_ADC_Read
		_ClearBuffer
		_UART_Write_Text
		___flmul
		___xxtofl
		_memset
		_sprintf
 This function is called by:
		_main
 This function uses a non-reentrant model


 *************** function _sprintf *****************
 Defined at:
		line 9 in file "C:\Program Files (x86)\Microchip\xc8\v2.00\pic\sources\c99\common\nf_sprintf.c"
 Parameters:    Size  Location     Type
  s               2   58[BANK0 ] PTR unsigned char 
		 -> str(10), 
  fmt             2   60[BANK0 ] PTR const unsigned char 
		 -> STR_3(4), 
 Auto vars:     Size  Location     Type
  f               6   70[BANK0 ] struct _IO_FILE
  ap              2   68[BANK0 ] PTR void [1]
		 -> ?_sprintf(2), 
  ret             2   66[BANK0 ] int 
 Return value:  Size  Location     Type
                  2   58[BANK0 ] int 
 Registers used:
		wreg, fsr1l, fsr1h, fsr2l, fsr2h, status,2, status,0, tblptrl, tblptrh, tblptru, prodl, prodh, cstack
 Tracked objects:
		On entry : 
		On exit  : 
		Unchanged: 
 Data sizes:     COMRAM   BANK0   BANK1   BANK2   BANK3   BANK4   BANK5
      Params:         0       8       0       0       0       0       0
      Locals:         0      10       0       0       0       0       0
      Temps:          0       0       0       0       0       0       0
      Totals:         0      18       0       0       0       0       0
Total ram usage:       18 bytes
 Hardware stack levels used:    1
 Hardware stack levels required when called:   11
 This function calls:
		_vfprintf
 This function is called by:
		_Mode2
 This function uses a non-reentrant model


 *************** function _vfprintf *****************
 Defined at:
		line 1368 in file "C:\Program Files (x86)\Microchip\xc8\v2.00\pic\sources\c99\common\doprnt.c"
 Parameters:    Size  Location     Type
  fp              2   94[COMRAM] PTR struct _IO_FILE
		 -> sprintf@f(6), 
  fmt             2   96[COMRAM] PTR const unsigned char 
		 -> STR_3(4), 
  ap              2   98[COMRAM] PTR PTR void 
		 -> sprintf@ap(2), 
 Auto vars:     Size  Location     Type
  cfmt            2   56[BANK0 ] PTR unsigned char 
		 -> STR_3(4), 
 Return value:  Size  Location     Type
                  2   94[COMRAM] int 
 Registers used:
		wreg, fsr1l, fsr1h, fsr2l, fsr2h, status,2, status,0, tblptrl, tblptrh, tblptru, prodl, prodh, cstack
 Tracked objects:
		On entry : 
		On exit  : 
		Unchanged: 
 Data sizes:     COMRAM   BANK0   BANK1   BANK2   BANK3   BANK4   BANK5
      Params:         6       0       0       0       0       0       0
      Locals:         0       2       0       0       0       0       0
      Temps:          0       0       0       0       0       0       0
      Totals:         6       2       0       0       0       0       0
Total ram usage:        8 bytes
 Hardware stack levels used:    1
 Hardware stack levels required when called:   10
 This function calls:
		_vfpfcnvrt
 This function is called by:
		_sprintf
 This function uses a non-reentrant model


 *************** function _vfpfcnvrt *****************
 Defined at:
		line 670 in file "C:\Program Files (x86)\Microchip\xc8\v2.00\pic\sources\c99\common\doprnt.c"
 Parameters:    Size  Location     Type
  fp              2   74[COMRAM] PTR struct _IO_FILE
		 -> sprintf@f(6), 
  fmt             2   76[COMRAM] PTR PTR unsigned char 
		 -> vfprintf@cfmt(2), 
  ap              2   78[COMRAM] PTR PTR void 
		 -> sprintf@ap(2), 
 Auto vars:     Size  Location     Type
  llu             8    0        unsigned long long 
  ll              8    0        long long 
  f               4   86[COMRAM] long long 
  ct              3   90[COMRAM] unsigned char [3]
  vp              3    0        PTR void 
  cp              3    0        PTR unsigned char 
  i               2    0        int 
  done            2    0        int 
  c               1   93[COMRAM] unsigned char 
 Return value:  Size  Location     Type
                  2   74[COMRAM] int 
 Registers used:
		wreg, fsr1l, fsr1h, fsr2l, fsr2h, status,2, status,0, tblptrl, tblptrh, tblptru, prodl, prodh, cstack
 Tracked objects:
		On entry : 
		On exit  : 
		Unchanged: 
 Data sizes:     COMRAM   BANK0   BANK1   BANK2   BANK3   BANK4   BANK5
      Params:         6       0       0       0       0       0       0
      Locals:        10       0       0       0       0       0       0
      Temps:          4       0       0       0       0       0       0
      Totals:        20       0       0       0       0       0       0
Total ram usage:       20 bytes
 Hardware stack levels used:    1
 Hardware stack levels required when called:    9
 This function calls:
		_efgtoa
		_fputc
		_isupper
		_strncmp
		_tolower
 This function is called by:
		_vfprintf
 This function uses a non-reentrant model


 *************** function _strncmp *****************
 Defined at:
		line 3 in file "C:\Program Files (x86)\Microchip\xc8\v2.00\pic\sources\c99\common\strncmp.c"
 Parameters:    Size  Location     Type
  _l              2   11[COMRAM] PTR const unsigned char 
		 -> vfpfcnvrt@ct(3), NULL(0), mystring(10), 
  _r              2   13[COMRAM] PTR const unsigned char 
		 -> STR_18(3), STR_7(6), STR_6(6), STR_5(6), 
  n               2   15[COMRAM] unsigned int 
 Auto vars:     Size  Location     Type
  r               2   22[COMRAM] PTR const unsigned char 
		 -> STR_18(3), STR_7(6), STR_6(6), STR_5(6), 
  l               2   20[COMRAM] PTR const unsigned char 
		 -> vfpfcnvrt@ct(3), NULL(0), mystring(10), 
 Return value:  Size  Location     Type
                  2   11[COMRAM] int 
 Registers used:
		wreg, fsr2l, fsr2h, status,2, status,0, tblptrl, tblptrh, tblptru
 Tracked objects:
		On entry : 
		On exit  : 
		Unchanged: 
 Data sizes:     COMRAM   BANK0   BANK1   BANK2   BANK3   BANK4   BANK5
      Params:         6       0       0       0       0       0       0
      Locals:         4       0       0       0       0       0       0
      Temps:          3       0       0       0       0       0       0
      Totals:        13       0       0       0       0       0       0
Total ram usage:       13 bytes
 Hardware stack levels used:    1
 Hardware stack levels required when called:    4
 This function calls:
		Nothing
 This function is called by:
		_vfpfcnvrt
		_strstr
 This function uses a non-reentrant model


 *************** function _efgtoa *****************
 Defined at:
		line 319 in file "C:\Program Files (x86)\Microchip\xc8\v2.00\pic\sources\c99\common\doprnt.c"
 Parameters:    Size  Location     Type
  fp              2   62[COMRAM] PTR struct _IO_FILE
		 -> sprintf@f(6), 
  f               4   64[COMRAM] PTR struct _IO_FILE
  c               1   68[COMRAM] unsigned char 
 Auto vars:     Size  Location     Type
  u               4   52[BANK0 ] unsigned char 
  g               4   44[BANK0 ] unsigned char 
  l               4   38[BANK0 ] unsigned char 
  h               4   34[BANK0 ] unsigned char 
  ou              4    0[BANK0 ] unsigned char 
  n               2   50[BANK0 ] int 
  e               2   48[BANK0 ] int 
  i               2   42[BANK0 ] int 
  w               2   31[BANK0 ] int 
  p               2   28[BANK0 ] int 
  sign            2   26[BANK0 ] int 
  d               2   24[BANK0 ] int 
  ne              2   22[BANK0 ] int 
  m               2   20[BANK0 ] int 
  pp              2   18[BANK0 ] int 
  t               2   16[BANK0 ] int 
  mode            1   33[BANK0 ] unsigned char 
  nmode           1   30[BANK0 ] unsigned char 
 Return value:  Size  Location     Type
                  2   62[COMRAM] int 
 Registers used:
		wreg, fsr1l, fsr1h, fsr2l, fsr2h, status,2, status,0, tblptrl, tblptrh, tblptru, prodl, prodh, cstack
 Tracked objects:
		On entry : 
		On exit  : 
		Unchanged: 
 Data sizes:     COMRAM   BANK0   BANK1   BANK2   BANK3   BANK4   BANK5
      Params:         7       0       0       0       0       0       0
      Locals:         0      56       0       0       0       0       0
      Temps:          5       0       0       0       0       0       0
      Totals:        12      56       0       0       0       0       0
Total ram usage:       68 bytes
 Hardware stack levels used:    1
 Hardware stack levels required when called:    8
 This function calls:
		___awdiv
		___awmod
		___fladd
		___fldiv
		___fleq
		___flge
		___flmul
		___flneg
		___flsub
		___fltol
		___fpclassifyf
		_floorf
		_isupper
		_pad
		_strcpy
		_tolower
 This function is called by:
		_vfpfcnvrt
 This function uses a non-reentrant model


 *************** function _tolower *****************
 Defined at:
		line 4 in file "C:\Program Files (x86)\Microchip\xc8\v2.00\pic\sources\c99\common\tolower.c"
 Parameters:    Size  Location     Type
  c               2   17[COMRAM] int 
 Auto vars:     Size  Location     Type
		None
 Return value:  Size  Location     Type
                  2   17[COMRAM] int 
 Registers used:
		wreg, status,2, status,0, cstack
 Tracked objects:
		On entry : 
		On exit  : 
		Unchanged: 
 Data sizes:     COMRAM   BANK0   BANK1   BANK2   BANK3   BANK4   BANK5
      Params:         2       0       0       0       0       0       0
      Locals:         2       0       0       0       0       0       0
      Temps:          4       0       0       0       0       0       0
      Totals:         8       0       0       0       0       0       0
Total ram usage:        8 bytes
 Hardware stack levels used:    1
 Hardware stack levels required when called:    5
 This function calls:
		_isupper
 This function is called by:
		_efgtoa
		_vfpfcnvrt
 This function uses a non-reentrant model


 *************** function _isupper *****************
 Defined at:
		line 5 in file "C:\Program Files (x86)\Microchip\xc8\v2.00\pic\sources\c99\common\isupper.c"
 Parameters:    Size  Location     Type
  c               2   11[COMRAM] int 
 Auto vars:     Size  Location     Type
		None
 Return value:  Size  Location     Type
                  2   11[COMRAM] int 
 Registers used:
		wreg, status,2, status,0
 Tracked objects:
		On entry : 
		On exit  : 
		Unchanged: 
 Data sizes:     COMRAM   BANK0   BANK1   BANK2   BANK3   BANK4   BANK5
      Params:         2       0       0       0       0       0       0
      Locals:         0       0       0       0       0       0       0
      Temps:          4       0       0       0       0       0       0
      Totals:         6       0       0       0       0       0       0
Total ram usage:        6 bytes
 Hardware stack levels used:    1
 Hardware stack levels required when called:    4
 This function calls:
		Nothing
 This function is called by:
		_efgtoa
		_vfpfcnvrt
		_tolower
 This function uses a non-reentrant model


 *************** function _strcpy *****************
 Defined at:
		line 7 in file "C:\Program Files (x86)\Microchip\xc8\v2.00\pic\sources\c99\common\strcpy.c"
 Parameters:    Size  Location     Type
  dest            2   11[COMRAM] PTR unsigned char 
		 -> dbuf(80), 
  src             2   13[COMRAM] PTR const unsigned char 
		 -> STR_13(4), STR_12(4), STR_9(4), STR_8(4), 
		 -> dbuf(80), 
 Auto vars:     Size  Location     Type
  d               2   19[COMRAM] PTR unsigned char 
		 -> dbuf(80), 
  s               2   17[COMRAM] PTR const unsigned char 
		 -> STR_13(4), STR_12(4), STR_9(4), STR_8(4), 
		 -> dbuf(80), 
 Return value:  Size  Location     Type
                  2   11[COMRAM] PTR unsigned char 
 Registers used:
		wreg, fsr1l, fsr1h, fsr2l, fsr2h, status,2, status,0, tblptrl, tblptrh, tblptru
 Tracked objects:
		On entry : 
		On exit  : 
		Unchanged: 
 Data sizes:     COMRAM   BANK0   BANK1   BANK2   BANK3   BANK4   BANK5
      Params:         4       0       0       0       0       0       0
      Locals:         4       0       0       0       0       0       0
      Temps:          2       0       0       0       0       0       0
      Totals:        10       0       0       0       0       0       0
Total ram usage:       10 bytes
 Hardware stack levels used:    1
 Hardware stack levels required when called:    4
 This function calls:
		Nothing
 This function is called by:
		_efgtoa
 This function uses a non-reentrant model


 *************** function _pad *****************
 Defined at:
		line 72 in file "C:\Program Files (x86)\Microchip\xc8\v2.00\pic\sources\c99\common\doprnt.c"
 Parameters:    Size  Location     Type
  fp              2   27[COMRAM] PTR struct _IO_FILE
		 -> sprintf@f(6), 
  buf             2   29[COMRAM] PTR unsigned char 
		 -> dbuf(80), 
  p               2   31[COMRAM] int 
 Auto vars:     Size  Location     Type
  w               2   36[COMRAM] int 
  i               2   34[COMRAM] int 
 Return value:  Size  Location     Type
                  2   27[COMRAM] int 
 Registers used:
		wreg, fsr1l, fsr1h, fsr2l, fsr2h, status,2, status,0, tblptrl, tblptrh, tblptru, cstack
 Tracked objects:
		On entry : 
		On exit  : 
		Unchanged: 
 Data sizes:     COMRAM   BANK0   BANK1   BANK2   BANK3   BANK4   BANK5
      Params:         6       0       0       0       0       0       0
      Locals:         4       0       0       0       0       0       0
      Temps:          1       0       0       0       0       0       0
      Totals:        11       0       0       0       0       0       0
Total ram usage:       11 bytes
 Hardware stack levels used:    1
 Hardware stack levels required when called:    7
 This function calls:
		_fputc
		_fputs
		_strlen
 This function is called by:
		_efgtoa
 This function uses a non-reentrant model


 *************** function _strlen *****************
 Defined at:
		line 12 in file "C:\Program Files (x86)\Microchip\xc8\v2.00\pic\sources\c99\common\strlen.c"
 Parameters:    Size  Location     Type
  s               2   11[COMRAM] PTR const unsigned char 
		 -> dbuf(80), STR_7(6), STR_6(6), STR_5(6), 
 Auto vars:     Size  Location     Type
  a               2   15[COMRAM] PTR const unsigned char 
		 -> dbuf(80), STR_7(6), STR_6(6), STR_5(6), 
 Return value:  Size  Location     Type
                  2   11[COMRAM] unsigned int 
 Registers used:
		wreg, fsr1l, fsr1h, status,2, status,0, tblptrl, tblptrh, tblptru
 Tracked objects:
		On entry : 
		On exit  : 
		Unchanged: 
 Data sizes:     COMRAM   BANK0   BANK1   BANK2   BANK3   BANK4   BANK5
      Params:         2       0       0       0       0       0       0
      Locals:         2       0       0       0       0       0       0
      Temps:          2       0       0       0       0       0       0
      Totals:         6       0       0       0       0       0       0
Total ram usage:        6 bytes
 Hardware stack levels used:    1
 Hardware stack levels required when called:    4
 This function calls:
		Nothing
 This function is called by:
		_pad
		_strstr
 This function uses a non-reentrant model


 *************** function _fputs *****************
 Defined at:
		line 8 in file "C:\Program Files (x86)\Microchip\xc8\v2.00\pic\sources\c99\common\nf_fputs.c"
 Parameters:    Size  Location     Type
  s               2   20[COMRAM] PTR const unsigned char 
		 -> dbuf(80), 
  fp              2   22[COMRAM] PTR struct _IO_FILE
		 -> sprintf@f(6), 
 Auto vars:     Size  Location     Type
  i               2   25[COMRAM] int 
  c               1   24[COMRAM] unsigned char 
 Return value:  Size  Location     Type
                  2   20[COMRAM] int 
 Registers used:
		wreg, fsr1l, fsr1h, fsr2l, fsr2h, status,2, status,0, cstack
 Tracked objects:
		On entry : 
		On exit  : 
		Unchanged: 
 Data sizes:     COMRAM   BANK0   BANK1   BANK2   BANK3   BANK4   BANK5
      Params:         4       0       0       0       0       0       0
      Locals:         3       0       0       0       0       0       0
      Temps:          0       0       0       0       0       0       0
      Totals:         7       0       0       0       0       0       0
Total ram usage:        7 bytes
 Hardware stack levels used:    1
 Hardware stack levels required when called:    6
 This function calls:
		_fputc
 This function is called by:
[...]
		wreg, status,2, status,0
 Tracked objects:
		On entry : 
		On exit  : 
		Unchanged: 
 Data sizes:     COMRAM   BANK0   BANK1   BANK2   BANK3   BANK4   BANK5
      Params:         4       0       0       0       0       0       0
      Locals:         6       0       0       0       0       0       0
      Temps:          4       0       0       0       0       0       0
      Totals:        14       0       0       0       0       0       0
Total ram usage:       14 bytes
 Hardware stack levels used:    1
 Hardware stack levels required when called:    4
 This function calls:
		Nothing
 This function is called by:
		_Mode2
 This function uses a non-reentrant model


 *************** function _ADC_Read *****************
 Defined at:
		line 13 in file "setting_hardaware/adc.c"
 Parameters:    Size  Location     Type
  channel         2   11[COMRAM] int 
 Auto vars:     Size  Location     Type
  digital         2   15[COMRAM] int 
 Return value:  Size  Location     Type
                  2   11[COMRAM] int 
 Registers used:
		wreg, status,2, status,0
 Tracked objects:
		On entry : 
		On exit  : 
		Unchanged: 
 Data sizes:     COMRAM   BANK0   BANK1   BANK2   BANK3   BANK4   BANK5
      Params:         2       0       0       0       0       0       0
      Locals:         2       0       0       0       0       0       0
      Temps:          2       0       0       0       0       0       0
      Totals:         6       0       0       0       0       0       0
Total ram usage:        6 bytes
 Hardware stack levels used:    1
 Hardware stack levels required when called:    4
 This function calls:
		Nothing
 This function is called by:
		_Mode2
 This function uses a non-reentrant model


 *************** function _Mode1 *****************
 Defined at:
		line 9 in file "main.c"
 Parameters:    Size  Location     Type
		None
 Auto vars:     Size  Location     Type
		None
 Return value:  Size  Location     Type
                  1    wreg      void 
 Registers used:
		wreg, fsr1l, fsr1h, fsr2l, fsr2h, status,2, status,0, tblptrl, tblptrh, tblptru, cstack
 Tracked objects:
		On entry : 
		On exit  : 
		Unchanged: 
 Data sizes:     COMRAM   BANK0   BANK1   BANK2   BANK3   BANK4   BANK5
      Params:         0       0       0       0       0       0       0
      Locals:         0       0       0       0       0       0       0
      Temps:          0       0       0       0       0       0       0
      Totals:         0       0       0       0       0       0       0
Total ram usage:        0 bytes
 Hardware stack levels used:    1
 Hardware stack levels required when called:    6
 This function calls:
		_ClearBuffer
		_UART_Write_Text
 This function is called by:
		_main
 This function uses a non-reentrant model


 *************** function _UART_Write_Text *****************
 Defined at:
		line 50 in file "setting_hardaware/uart.c"
 Parameters:    Size  Location     Type
  text            2   12[COMRAM] PTR unsigned char 
		 -> STR_4(2), str(10), STR_2(7), STR_1(7), 
 Auto vars:     Size  Location     Type
  i               2   16[COMRAM] int 
 Return value:  Size  Location     Type
                  1    wreg      void 
 Registers used:
		wreg, fsr1l, fsr1h, status,2, status,0, tblptrl, tblptrh, tblptru, cstack
 Tracked objects:
		On entry : 
		On exit  : 
		Unchanged: 
 Data sizes:     COMRAM   BANK0   BANK1   BANK2   BANK3   BANK4   BANK5
      Params:         2       0       0       0       0       0       0
      Locals:         2       0       0       0       0       0       0
      Temps:          2       0       0       0       0       0       0
      Totals:         6       0       0       0       0       0       0
Total ram usage:        6 bytes
 Hardware stack levels used:    1
 Hardware stack levels required when called:    5
 This function calls:
		_UART_Write
 This function is called by:
		_Mode1
		_Mode2
 This function uses a non-reentrant model


 *************** function _UART_Write *****************
 Defined at:
		line 40 in file "setting_hardaware/uart.c"
 Parameters:    Size  Location     Type
  data            1    wreg     unsigned char 
 Auto vars:     Size  Location     Type
  data            1   11[COMRAM] unsigned char 
 Return value:  Size  Location     Type
                  1    wreg      void 
 Registers used:
		wreg
 Tracked objects:
		On entry : 
		On exit  : 
		Unchanged: 
 Data sizes:     COMRAM   BANK0   BANK1   BANK2   BANK3   BANK4   BANK5
      Params:         0       0       0       0       0       0       0
      Locals:         1       0       0       0       0       0       0
      Temps:          0       0       0       0       0       0       0
      Totals:         1       0       0       0       0       0       0
Total ram usage:        1 bytes
 Hardware stack levels used:    1
 Hardware stack levels required when called:    4
 This function calls:
		Nothing
 This function is called by:
		_UART_Write_Text
 This function uses a non-reentrant model


 *************** function _ClearBuffer *****************
 Defined at:
		line 55 in file "setting_hardaware/uart.c"
 Parameters:    Size  Location     Type
		None
 Auto vars:     Size  Location     Type
  i               2   11[COMRAM] int 
 Return value:  Size  Location     Type
                  1    wreg      void 
 Registers used:
		wreg, fsr2l, fsr2h, status,2, status,0
 Tracked objects:
		On entry : 
		On exit  : 
		Unchanged: 
 Data sizes:     COMRAM   BANK0   BANK1   BANK2   BANK3   BANK4   BANK5
      Params:         0       0       0       0       0       0       0
      Locals:         2       0       0       0       0       0       0
      Temps:          0       0       0       0       0       0       0
      Totals:         2       0       0       0       0       0       0
Total ram usage:        2 bytes
 Hardware stack levels used:    1
 Hardware stack levels required when called:    4
 This function calls:
		Nothing
 This function is called by:
		_Mode1
		_Mode2
		_main
 This function uses a non-reentrant model


 *************** function _GetString *****************
 Defined at:
		line 46 in file "setting_hardaware/uart.c"
 Parameters:    Size  Location     Type
		None
 Auto vars:     Size  Location     Type
		None
 Return value:  Size  Location     Type
                  2   11[COMRAM] PTR unsigned char 
 Registers used:
		wreg, status,2, status,0
 Tracked objects:
		On entry : 
		On exit  : 
		Unchanged: 
 Data sizes:     COMRAM   BANK0   BANK1   BANK2   BANK3   BANK4   BANK5
      Params:         2       0       0       0       0       0       0
      Locals:         0       0       0       0       0       0       0
      Temps:          0       0       0       0       0       0       0
      Totals:         2       0       0       0       0       0       0
Total ram usage:        2 bytes
 Hardware stack levels used:    1
 Hardware stack levels required when called:    4
 This function calls:
		Nothing
 This function is called by:
		_main
 This function uses a non-reentrant model


 *************** function _Lo_ISR *****************
 Defined at:
		line 75 in file "setting_hardaware/uart.c"
 Parameters:    Size  Location     Type
		None
 Auto vars:     Size  Location     Type
		None
 Return value:  Size  Location     Type
                  1    wreg      void 
 Registers used:
		wreg, fsr2l, fsr2h, status,2, status,0, cstack
 Tracked objects:
		On entry : 
		On exit  : 
		Unchanged: 
 Data sizes:     COMRAM   BANK0   BANK1   BANK2   BANK3   BANK4   BANK5
      Params:         0       0       0       0       0       0       0
      Locals:         0       0       0       0       0       0       0
      Temps:          5       0       0       0       0       0       0
      Totals:         5       0       0       0       0       0       0
Total ram usage:        5 bytes
 Hardware stack levels used:    1
 Hardware stack levels required when called:    3
 This function calls:
		_MyusartRead
 This function is called by:
		Interrupt level 1
 This function uses a non-reentrant model


 *************** function _MyusartRead *****************
 Defined at:
		line 61 in file "setting_hardaware/uart.c"
 Parameters:    Size  Location     Type
		None
 Auto vars:     Size  Location     Type
		None
 Return value:  Size  Location     Type
                  1    wreg      void 
 Registers used:
		wreg, fsr2l, fsr2h, status,2, status,0, cstack
 Tracked objects:
		On entry : 
		On exit  : 
		Unchanged: 
 Data sizes:     COMRAM   BANK0   BANK1   BANK2   BANK3   BANK4   BANK5
      Params:         0       0       0       0       0       0       0
      Locals:         0       0       0       0       0       0       0
      Temps:          0       0       0       0       0       0       0
      Totals:         0       0       0       0       0       0       0
Total ram usage:        0 bytes
 Hardware stack levels used:    1
 Hardware stack levels required when called:    2
 This function calls:
		i1_UART_Write
		i1___awmod
 This function is called by:
		_Lo_ISR
 This function uses a non-reentrant model


 *************** function i1___awmod *****************
 Defined at:
		line 7 in file "C:\Program Files (x86)\Microchip\xc8\v2.00\pic\sources\c99\common\awmod.c"
 Parameters:    Size  Location     Type
  dividend        2    0[COMRAM] int 
  divisor         2    2[COMRAM] int 
 Auto vars:     Size  Location     Type
  __awmod         1    5[COMRAM] unsigned char 
  __awmod         1    4[COMRAM] unsigned char 
 Return value:  Size  Location     Type
                  2    0[COMRAM] int 
 Registers used:
		wreg, status,2, status,0
 Tracked objects:
		On entry : 
		On exit  : 
		Unchanged: 
 Data sizes:     COMRAM   BANK0   BANK1   BANK2   BANK3   BANK4   BANK5
      Params:         4       0       0       0       0       0       0
      Locals:         2       0       0       0       0       0       0
      Temps:          0       0       0       0       0       0       0
      Totals:         6       0       0       0       0       0       0
Total ram usage:        6 bytes
 Hardware stack levels used:    1
 Hardware stack levels required when called:    1
 This function calls:
		Nothing
 This function is called by:
		_MyusartRead
 This function uses a non-reentrant model


 *************** function i1_UART_Write *****************
 Defined at:
		line 40 in file "setting_hardaware/uart.c"
 Parameters:    Size  Location     Type
  data            1    wreg     unsigned char 
 Auto vars:     Size  Location     Type
  data            1    0[COMRAM] unsigned char 
 Return value:  Size  Location     Type
                  1    wreg      void 
 Registers used:
		wreg
 Tracked objects:
		On entry : 
		On exit  : 
		Unchanged: 
 Data sizes:     COMRAM   BANK0   BANK1   BANK2   BANK3   BANK4   BANK5
      Params:         0       0       0       0       0       0       0
      Locals:         1       0       0       0       0       0       0
      Temps:          0       0       0       0       0       0       0
      Totals:         1       0       0       0       0       0       0
Total ram usage:        1 bytes
 Hardware stack levels used:    1
 Hardware stack levels required when called:    1
 This function calls:
		Nothing
 This function is called by:
		_MyusartRead
 This function uses a non-reentrant model


 *************** function _Hi_ISR *****************
 Defined at:
		line 64 in file "main.c"
 Parameters:    Size  Location     Type
		None
 Auto vars:     Size  Location     Type
		None
 Return value:  Size  Location     Type
                  1    wreg      void 
 Registers used:
		wreg, status,2
 Tracked objects:
		On entry : 
		On exit  : 
		Unchanged: 
 Data sizes:     COMRAM   BANK0   BANK1   BANK2   BANK3   BANK4   BANK5
      Params:         0       0       0       0       0       0       0
      Locals:         0       0       0       0       0       0       0
      Temps:          0       0       0       0       0       0       0
      Totals:         0       0       0       0       0       0       0
Total ram usage:        0 bytes
 Hardware stack levels used:    1
 This function calls:
		Nothing
 This function is called by:
		Interrupt level 2
 This function uses a non-reentrant model



MODULE INFORMATION

Module		Function		Class		Link	Load	Size
C:\Program Files (x86)\Microchip\xc8\v2.00\pic\sources\c99\common\strncmp.c
		_strncmp       		CODE           	3036	0000	253

C:\Program Files (x86)\Microchip\xc8\v2.00\pic\sources\c99\common\strncmp.c estimated size: 253

C:\Program Files (x86)\Microchip\xc8\v2.00\pic\sources\c99\common\tolower.c
		_tolower       		CODE           	384C	0000	129

C:\Program Files (x86)\Microchip\xc8\v2.00\pic\sources\c99\common\tolower.c estimated size: 129

C:\Program Files (x86)\Microchip\xc8\v2.00\pic\sources\c99\common\floorf.c
		_floorf        		CODE           	2522	0000	563

C:\Program Files (x86)\Microchip\xc8\v2.00\pic\sources\c99\common\floorf.c estimated size: 563

setting_hardaware/interrupt_manager.c
		_INTERRUPT_Initialize		CODE           	3DF2	0000	9

setting_hardaware/interrupt_manager.c estimated size: 9

C:\Program Files (x86)\Microchip\xc8\v2.00\pic\sources\c99\common\sprcmul.c
		___flmul       		CODE           	18E0	0000	1135

C:\Program Files (x86)\Microchip\xc8\v2.00\pic\sources\c99\common\sprcmul.c estimated size: 1135

C:\Program Files (x86)\Microchip\xc8\v2.00\pic\sources\c99\common\sprcdiv.c
		___fldiv       		CODE           	1D4E	0000	1057

C:\Program Files (x86)\Microchip\xc8\v2.00\pic\sources\c99\common\sprcdiv.c estimated size: 1057

C:\Program Files (x86)\Microchip\xc8\v2.00\pic\sources\c99\common\xxtofl.c
		___xxtofl      		CODE           	2754	0000	477

C:\Program Files (x86)\Microchip\xc8\v2.00\pic\sources\c99\common\xxtofl.c estimated size: 477

setting_hardaware/uart.c
		_Lo_ISR        		CODE           	0018	0000	97
		_MyusartRead   		CODE           	3BB6	0000	73
		_UART_Write_Text		CODE           	37C6	0000	135
		_GetString     		CODE           	3DD8	0000	15
		_ClearBuffer   		CODE           	3936	0000	107
		_UART_Initialize		CODE           	3D1A	0000	35
		_UART_Write    		CODE           	3D5E	0000	31

setting_hardaware/uart.c estimated size: 493

C:\Program Files (x86)\Microchip\xc8\v2.00\pic\sources\c99\common\awmod.c
		___awmod       		CODE           	33D4	0000	217

C:\Program Files (x86)\Microchip\xc8\v2.00\pic\sources\c99\common\awmod.c estimated size: 217

C:\Program Files (x86)\Microchip\xc8\v2.00\pic\sources\c99\common\putch.c
		_putch         		CODE           	3DFA	0000	3

C:\Program Files (x86)\Microchip\xc8\v2.00\pic\sources\c99\common\putch.c estimated size: 3

C:\Program Files (x86)\Microchip\xc8\v2.00\pic\sources\c99\common\strlen.c
		_strlen        		CODE           	38CC	0000	107

C:\Program Files (x86)\Microchip\xc8\v2.00\pic\sources\c99\common\strlen.c estimated size: 107

C:\Program Files (x86)\Microchip\xc8\v2.00\pic\sources\c99\common\flge.c
		___flge        		CODE           	2C6E	0000	361

C:\Program Files (x86)\Microchip\xc8\v2.00\pic\sources\c99\common\flge.c estimated size: 361

C:\Program Files (x86)\Microchip\xc8\v2.00\pic\sources\c99\common\strchr.c
		_strchr        		CODE           	3AC8	0000	89

C:\Program Files (x86)\Microchip\xc8\v2.00\pic\sources\c99\common\strchr.c estimated size: 89

C:\Program Files (x86)\Microchip\xc8\v2.00\pic\sources\c99\common\strcpy.c
		_strcpy        		CODE           	39A0	0000	105

C:\Program Files (x86)\Microchip\xc8\v2.00\pic\sources\c99\common\strcpy.c estimated size: 105

C:\Program Files (x86)\Microchip\xc8\v2.00\pic\sources\c99\common\nf_fputc.c
		_fputc         		CODE           	321E	0000	223

C:\Program Files (x86)\Microchip\xc8\v2.00\pic\sources\c99\common\nf_fputc.c estimated size: 223

C:\Program Files (x86)\Microchip\xc8\v2.00\pic\sources\c99\common\memset.c
		_memset        		CODE           	2930	0000	447

C:\Program Files (x86)\Microchip\xc8\v2.00\pic\sources\c99\common\memset.c estimated size: 447

setting_hardaware/ccp1.c
		_CCP1_Initialize		CODE           	3DE6	0000	13

setting_hardaware/ccp1.c estimated size: 13

setting_hardaware/adc.c
		_ADC_Initialize		CODE           	3D9A	0000	25
		_ADC_Read      		CODE           	3BFE	0000	71

setting_hardaware/adc.c estimated size: 96

C:\Program Files (x86)\Microchip\xc8\v2.00\pic\sources\c99\common\nf_sprintf.c
		_sprintf       		CODE           	3A6A	0000	95

C:\Program Files (x86)\Microchip\xc8\v2.00\pic\sources\c99\common\nf_sprintf.c estimated size: 95

C:\Program Files (x86)\Microchip\xc8\v2.00\pic\sources\c99\common\sprcadd.c
		___flsub       		CODE           	3B6C	0000	75
		___fladd       		CODE           	135C	0000	1413

C:\Program Files (x86)\Microchip\xc8\v2.00\pic\sources\c99\common\sprcadd.c estimated size: 1488

C:\Program Files (x86)\Microchip\xc8\v2.00\pic\sources\c99\common\doprnt.c
		_vfpfcnvrt     		CODE           	216E	0000	949
		_efgtoa        		CODE           	0638	0000	3365
		_pad           		CODE           	3584	0000	211
		_vfprintf      		CODE           	3A08	0000	99

C:\Program Files (x86)\Microchip\xc8\v2.00\pic\sources\c99\common\doprnt.c estimated size: 4624

C:\Program Files (x86)\Microchip\xc8\v2.00\pic\sources\c99\common\awdiv.c
		___awdiv       		CODE           	3132	0000	237

C:\Program Files (x86)\Microchip\xc8\v2.00\pic\sources\c99\common\awdiv.c estimated size: 237

shared
		i1_UART_Write  		CODE           	3D7C	0000	31
		__initialization		CODE           	3CC0	0000	37
		i1___awmod     		CODE           	34AC	0000	217

shared estimated size: 285

C:\Program Files (x86)\Microchip\xc8\v2.00\pic\sources\c99\common\fltol.c
		___fltol       		CODE           	2DD6	0000	339

C:\Program Files (x86)\Microchip\xc8\v2.00\pic\sources\c99\common\fltol.c estimated size: 339

setting_hardaware/setting.c
		_OSCILLATOR_Initialize		CODE           	3DC8	0000	17
		_SYSTEM_Initialize		CODE           	3DB2	0000	23

setting_hardaware/setting.c estimated size: 40

C:\Program Files (x86)\Microchip\xc8\v2.00\pic\sources\c99\common\__fpclassifyf.c
		___fpclassifyf 		CODE           	2F28	0000	271

C:\Program Files (x86)\Microchip\xc8\v2.00\pic\sources\c99\common\__fpclassifyf.c estimated size: 271

C:\Program Files (x86)\Microchip\xc8\v2.00\pic\sources\c99\common\fleq.c
		___fleq        		CODE           	3656	0000	187

C:\Program Files (x86)\Microchip\xc8\v2.00\pic\sources\c99\common\fleq.c estimated size: 187

C:\Program Files (x86)\Microchip\xc8\v2.00\pic\sources\c99\common\strstr.c
		_strstr        		CODE           	32FC	0000	217

C:\Program Files (x86)\Microchip\xc8\v2.00\pic\sources\c99\common\strstr.c estimated size: 217

main.c
		_main          		CODE           	3710	0000	183
		_Mode1         		CODE           	3D3C	0000	35
		_Mode2         		CODE           	2AEE	0000	385
		_Hi_ISR        		CODE           	0008	0000	47

main.c estimated size: 650

C:\Program Files (x86)\Microchip\xc8\v2.00\pic\sources\c99\common\nf_fputs.c
		_fputs         		CODE           	3B20	0000	77

C:\Program Files (x86)\Microchip\xc8\v2.00\pic\sources\c99\common\nf_fputs.c estimated size: 77

C:\Program Files (x86)\Microchip\xc8\v2.00\pic\sources\c99\common\isupper.c
		_isupper       		CODE           	3C84	0000	61

C:\Program Files (x86)\Microchip\xc8\v2.00\pic\sources\c99\common\isupper.c estimated size: 61

C:\Program Files (x86)\Microchip\xc8\v2.00\pic\sources\c99\common\flneg.c
		___flneg       		CODE           	3C44	0000	65

C:\Program Files (x86)\Microchip\xc8\v2.00\pic\sources\c99\common\flneg.c estimated size: 65

