MPLINK 5.09, LINKER
Linker Map File - Created Mon Nov 19 22:43:28 2018

                                 Section Info
                  Section       Type    Address   Location Size(Bytes)
                ---------  ---------  ---------  ---------  ---------
                   .org_0       code   0x000000    program   0x000002
                   .cinit    romdata   0x000002    program   0x000002
                   .org_1       code   0x000008    program   0x000322
                    dbgP0       code   0x007d30    program   0x0002d0
.config_300001_BUILD/DEFAULT/DEBUG/STU_VER.O    romdata   0x300001    program   0x000001
.config_300002_BUILD/DEFAULT/DEBUG/STU_VER.O    romdata   0x300002    program   0x000001
.config_300003_BUILD/DEFAULT/DEBUG/STU_VER.O    romdata   0x300003    program   0x000001
.config_300005_BUILD/DEFAULT/DEBUG/STU_VER.O    romdata   0x300005    program   0x000001
.config_300006_BUILD/DEFAULT/DEBUG/STU_VER.O    romdata   0x300006    program   0x000001
.config_300008_BUILD/DEFAULT/DEBUG/STU_VER.O    romdata   0x300008    program   0x000001
.config_300009_BUILD/DEFAULT/DEBUG/STU_VER.O    romdata   0x300009    program   0x000001
.config_30000A_BUILD/DEFAULT/DEBUG/STU_VER.O    romdata   0x30000a    program   0x000001
.config_30000B_BUILD/DEFAULT/DEBUG/STU_VER.O    romdata   0x30000b    program   0x000001
.config_30000C_BUILD/DEFAULT/DEBUG/STU_VER.O    romdata   0x30000c    program   0x000001
.config_30000D_BUILD/DEFAULT/DEBUG/STU_VER.O    romdata   0x30000d    program   0x000001
                    dbgD0      udata   0x0005ef       data   0x000011



                              Program Memory Usage 
                               Start         End      
                           ---------   ---------      
                            0x000000    0x000003      
                            0x000008    0x000329      
                            0x007d30    0x007fff      
                            0x300001    0x300003      
                            0x300005    0x300006      
                            0x300008    0x30000d      
            1537 out of 33048 program addresses used, program memory utilization is 4%



                              Symbols - Sorted by Name
                     Name    Address   Location    Storage File                     
                ---------  ---------  ---------  --------- ---------                
                   Divide   0x000316    program     static C:\Users\user\MPLABXProjects\midterm.X\stu_ver.asm
                     Init   0x00000a    program     static C:\Users\user\MPLABXProjects\midterm.X\stu_ver.asm
                 Transfer   0x000316    program     static C:\Users\user\MPLABXProjects\midterm.X\stu_ver.asm
                 _10LOOP1   0x00019a    program     static C:\Users\user\MPLABXProjects\midterm.X\stu_ver.asm
                 _10LOOP2   0x000196    program     static C:\Users\user\MPLABXProjects\midterm.X\stu_ver.asm
                 _11LOOP1   0x0001b2    program     static C:\Users\user\MPLABXProjects\midterm.X\stu_ver.asm
                 _11LOOP2   0x0001ae    program     static C:\Users\user\MPLABXProjects\midterm.X\stu_ver.asm
                 _12LOOP1   0x0001ca    program     static C:\Users\user\MPLABXProjects\midterm.X\stu_ver.asm
                 _12LOOP2   0x0001c6    program     static C:\Users\user\MPLABXProjects\midterm.X\stu_ver.asm
                 _13LOOP1   0x0001ea    program     static C:\Users\user\MPLABXProjects\midterm.X\stu_ver.asm
                 _13LOOP2   0x0001e6    program     static C:\Users\user\MPLABXProjects\midterm.X\stu_ver.asm
                 _14LOOP1   0x000202    program     static C:\Users\user\MPLABXProjects\midterm.X\stu_ver.asm
                 _14LOOP2   0x0001fe    program     static C:\Users\user\MPLABXProjects\midterm.X\stu_ver.asm
                 _15LOOP1   0x00021e    program     static C:\Users\user\MPLABXProjects\midterm.X\stu_ver.asm
                 _15LOOP2   0x00021a    program     static C:\Users\user\MPLABXProjects\midterm.X\stu_ver.asm
                 _16LOOP1   0x000236    program     static C:\Users\user\MPLABXProjects\midterm.X\stu_ver.asm
                 _16LOOP2   0x000232    program     static C:\Users\user\MPLABXProjects\midterm.X\stu_ver.asm
                 _17LOOP1   0x00024e    program     static C:\Users\user\MPLABXProjects\midterm.X\stu_ver.asm
                 _17LOOP2   0x00024a    program     static C:\Users\user\MPLABXProjects\midterm.X\stu_ver.asm
                 _18LOOP1   0x000266    program     static C:\Users\user\MPLABXProjects\midterm.X\stu_ver.asm
                 _18LOOP2   0x000262    program     static C:\Users\user\MPLABXProjects\midterm.X\stu_ver.asm
                 _19LOOP1   0x000280    program     static C:\Users\user\MPLABXProjects\midterm.X\stu_ver.asm
                 _19LOOP2   0x00027c    program     static C:\Users\user\MPLABXProjects\midterm.X\stu_ver.asm
                  _1LOOP1   0x0000b8    program     static C:\Users\user\MPLABXProjects\midterm.X\stu_ver.asm
                  _1LOOP2   0x0000b4    program     static C:\Users\user\MPLABXProjects\midterm.X\stu_ver.asm
                 _20LOOP1   0x000298    program     static C:\Users\user\MPLABXProjects\midterm.X\stu_ver.asm
                 _20LOOP2   0x000294    program     static C:\Users\user\MPLABXProjects\midterm.X\stu_ver.asm
                 _21LOOP1   0x0002b4    program     static C:\Users\user\MPLABXProjects\midterm.X\stu_ver.asm
                 _21LOOP2   0x0002b0    program     static C:\Users\user\MPLABXProjects\midterm.X\stu_ver.asm
                 _22LOOP1   0x0002cc    program     static C:\Users\user\MPLABXProjects\midterm.X\stu_ver.asm
                 _22LOOP2   0x0002c8    program     static C:\Users\user\MPLABXProjects\midterm.X\stu_ver.asm
                 _23LOOP1   0x0002e4    program     static C:\Users\user\MPLABXProjects\midterm.X\stu_ver.asm
                 _23LOOP2   0x0002e0    program     static C:\Users\user\MPLABXProjects\midterm.X\stu_ver.asm
                 _24LOOP1   0x0002fc    program     static C:\Users\user\MPLABXProjects\midterm.X\stu_ver.asm
                 _24LOOP2   0x0002f8    program     static C:\Users\user\MPLABXProjects\midterm.X\stu_ver.asm
                  _2LOOP1   0x0000d0    program     static C:\Users\user\MPLABXProjects\midterm.X\stu_ver.asm
                  _2LOOP2   0x0000cc    program     static C:\Users\user\MPLABXProjects\midterm.X\stu_ver.asm
                  _3LOOP1   0x0000ec    program     static C:\Users\user\MPLABXProjects\midterm.X\stu_ver.asm
                  _3LOOP2   0x0000e8    program     static C:\Users\user\MPLABXProjects\midterm.X\stu_ver.asm
                  _4LOOP1   0x000104    program     static C:\Users\user\MPLABXProjects\midterm.X\stu_ver.asm
                  _4LOOP2   0x000100    program     static C:\Users\user\MPLABXProjects\midterm.X\stu_ver.asm
                  _5LOOP1   0x00011c    program     static C:\Users\user\MPLABXProjects\midterm.X\stu_ver.asm
                  _5LOOP2   0x000118    program     static C:\Users\user\MPLABXProjects\midterm.X\stu_ver.asm
                  _6LOOP1   0x000134    program     static C:\Users\user\MPLABXProjects\midterm.X\stu_ver.asm
                  _6LOOP2   0x000130    program     static C:\Users\user\MPLABXProjects\midterm.X\stu_ver.asm
                  _7LOOP1   0x00014e    program     static C:\Users\user\MPLABXProjects\midterm.X\stu_ver.asm
                  _7LOOP2   0x00014a    program     static C:\Users\user\MPLABXProjects\midterm.X\stu_ver.asm
                  _8LOOP1   0x000166    program     static C:\Users\user\MPLABXProjects\midterm.X\stu_ver.asm
                  _8LOOP2   0x000162    program     static C:\Users\user\MPLABXProjects\midterm.X\stu_ver.asm
                  _9LOOP1   0x000182    program     static C:\Users\user\MPLABXProjects\midterm.X\stu_ver.asm
                  _9LOOP2   0x00017e    program     static C:\Users\user\MPLABXProjects\midterm.X\stu_ver.asm
                  button1   0x0000b0    program     static C:\Users\user\MPLABXProjects\midterm.X\stu_ver.asm
                  button2   0x0001e2    program     static C:\Users\user\MPLABXProjects\midterm.X\stu_ver.asm
                  forever   0x00009e    program     static C:\Users\user\MPLABXProjects\midterm.X\stu_ver.asm
                      isr   0x00031c    program     static C:\Users\user\MPLABXProjects\midterm.X\stu_ver.asm
                     less   0x00006a    program     static C:\Users\user\MPLABXProjects\midterm.X\stu_ver.asm
                     loop   0x00004a    program     static C:\Users\user\MPLABXProjects\midterm.X\stu_ver.asm
                 mainLoop   0x000316    program     static C:\Users\user\MPLABXProjects\midterm.X\stu_ver.asm
                     next   0x00006e    program     static C:\Users\user\MPLABXProjects\midterm.X\stu_ver.asm
                  q_blink   0x000318    program     static C:\Users\user\MPLABXProjects\midterm.X\stu_ver.asm
                  r_blink   0x00031a    program     static C:\Users\user\MPLABXProjects\midterm.X\stu_ver.asm



                              Symbols - Sorted by Address
                     Name    Address   Location    Storage File                     
                ---------  ---------  ---------  --------- ---------                
                     Init   0x00000a    program     static C:\Users\user\MPLABXProjects\midterm.X\stu_ver.asm
                     loop   0x00004a    program     static C:\Users\user\MPLABXProjects\midterm.X\stu_ver.asm
                     less   0x00006a    program     static C:\Users\user\MPLABXProjects\midterm.X\stu_ver.asm
                     next   0x00006e    program     static C:\Users\user\MPLABXProjects\midterm.X\stu_ver.asm
                  forever   0x00009e    program     static C:\Users\user\MPLABXProjects\midterm.X\stu_ver.asm
                  button1   0x0000b0    program     static C:\Users\user\MPLABXProjects\midterm.X\stu_ver.asm
                  _1LOOP2   0x0000b4    program     static C:\Users\user\MPLABXProjects\midterm.X\stu_ver.asm
                  _1LOOP1   0x0000b8    program     static C:\Users\user\MPLABXProjects\midterm.X\stu_ver.asm
                  _2LOOP2   0x0000cc    program     static C:\Users\user\MPLABXProjects\midterm.X\stu_ver.asm
                  _2LOOP1   0x0000d0    program     static C:\Users\user\MPLABXProjects\midterm.X\stu_ver.asm
                  _3LOOP2   0x0000e8    program     static C:\Users\user\MPLABXProjects\midterm.X\stu_ver.asm
                  _3LOOP1   0x0000ec    program     static C:\Users\user\MPLABXProjects\midterm.X\stu_ver.asm
                  _4LOOP2   0x000100    program     static C:\Users\user\MPLABXProjects\midterm.X\stu_ver.asm
                  _4LOOP1   0x000104    program     static C:\Users\user\MPLABXProjects\midterm.X\stu_ver.asm
                  _5LOOP2   0x000118    program     static C:\Users\user\MPLABXProjects\midterm.X\stu_ver.asm
                  _5LOOP1   0x00011c    program     static C:\Users\user\MPLABXProjects\midterm.X\stu_ver.asm
                  _6LOOP2   0x000130    program     static C:\Users\user\MPLABXProjects\midterm.X\stu_ver.asm
                  _6LOOP1   0x000134    program     static C:\Users\user\MPLABXProjects\midterm.X\stu_ver.asm
                  _7LOOP2   0x00014a    program     static C:\Users\user\MPLABXProjects\midterm.X\stu_ver.asm
                  _7LOOP1   0x00014e    program     static C:\Users\user\MPLABXProjects\midterm.X\stu_ver.asm
                  _8LOOP2   0x000162    program     static C:\Users\user\MPLABXProjects\midterm.X\stu_ver.asm
                  _8LOOP1   0x000166    program     static C:\Users\user\MPLABXProjects\midterm.X\stu_ver.asm
                  _9LOOP2   0x00017e    program     static C:\Users\user\MPLABXProjects\midterm.X\stu_ver.asm
                  _9LOOP1   0x000182    program     static C:\Users\user\MPLABXProjects\midterm.X\stu_ver.asm
                 _10LOOP2   0x000196    program     static C:\Users\user\MPLABXProjects\midterm.X\stu_ver.asm
                 _10LOOP1   0x00019a    program     static C:\Users\user\MPLABXProjects\midterm.X\stu_ver.asm
                 _11LOOP2   0x0001ae    program     static C:\Users\user\MPLABXProjects\midterm.X\stu_ver.asm
                 _11LOOP1   0x0001b2    program     static C:\Users\user\MPLABXProjects\midterm.X\stu_ver.asm
                 _12LOOP2   0x0001c6    program     static C:\Users\user\MPLABXProjects\midterm.X\stu_ver.asm
                 _12LOOP1   0x0001ca    program     static C:\Users\user\MPLABXProjects\midterm.X\stu_ver.asm
                  button2   0x0001e2    program     static C:\Users\user\MPLABXProjects\midterm.X\stu_ver.asm
                 _13LOOP2   0x0001e6    program     static C:\Users\user\MPLABXProjects\midterm.X\stu_ver.asm
                 _13LOOP1   0x0001ea    program     static C:\Users\user\MPLABXProjects\midterm.X\stu_ver.asm
                 _14LOOP2   0x0001fe    program     static C:\Users\user\MPLABXProjects\midterm.X\stu_ver.asm
                 _14LOOP1   0x000202    program     static C:\Users\user\MPLABXProjects\midterm.X\stu_ver.asm
                 _15LOOP2   0x00021a    program     static C:\Users\user\MPLABXProjects\midterm.X\stu_ver.asm
                 _15LOOP1   0x00021e    program     static C:\Users\user\MPLABXProjects\midterm.X\stu_ver.asm
                 _16LOOP2   0x000232    program     static C:\Users\user\MPLABXProjects\midterm.X\stu_ver.asm
                 _16LOOP1   0x000236    program     static C:\Users\user\MPLABXProjects\midterm.X\stu_ver.asm
                 _17LOOP2   0x00024a    program     static C:\Users\user\MPLABXProjects\midterm.X\stu_ver.asm
                 _17LOOP1   0x00024e    program     static C:\Users\user\MPLABXProjects\midterm.X\stu_ver.asm
                 _18LOOP2   0x000262    program     static C:\Users\user\MPLABXProjects\midterm.X\stu_ver.asm
                 _18LOOP1   0x000266    program     static C:\Users\user\MPLABXProjects\midterm.X\stu_ver.asm
                 _19LOOP2   0x00027c    program     static C:\Users\user\MPLABXProjects\midterm.X\stu_ver.asm
                 _19LOOP1   0x000280    program     static C:\Users\user\MPLABXProjects\midterm.X\stu_ver.asm
                 _20LOOP2   0x000294    program     static C:\Users\user\MPLABXProjects\midterm.X\stu_ver.asm
                 _20LOOP1   0x000298    program     static C:\Users\user\MPLABXProjects\midterm.X\stu_ver.asm
                 _21LOOP2   0x0002b0    program     static C:\Users\user\MPLABXProjects\midterm.X\stu_ver.asm
                 _21LOOP1   0x0002b4    program     static C:\Users\user\MPLABXProjects\midterm.X\stu_ver.asm
                 _22LOOP2   0x0002c8    program     static C:\Users\user\MPLABXProjects\midterm.X\stu_ver.asm
                 _22LOOP1   0x0002cc    program     static C:\Users\user\MPLABXProjects\midterm.X\stu_ver.asm
                 _23LOOP2   0x0002e0    program     static C:\Users\user\MPLABXProjects\midterm.X\stu_ver.asm
                 _23LOOP1   0x0002e4    program     static C:\Users\user\MPLABXProjects\midterm.X\stu_ver.asm
                 _24LOOP2   0x0002f8    program     static C:\Users\user\MPLABXProjects\midterm.X\stu_ver.asm
                 _24LOOP1   0x0002fc    program     static C:\Users\user\MPLABXProjects\midterm.X\stu_ver.asm
                 mainLoop   0x000316    program     static C:\Users\user\MPLABXProjects\midterm.X\stu_ver.asm
                 Transfer   0x000316    program     static C:\Users\user\MPLABXProjects\midterm.X\stu_ver.asm
                   Divide   0x000316    program     static C:\Users\user\MPLABXProjects\midterm.X\stu_ver.asm
                  q_blink   0x000318    program     static C:\Users\user\MPLABXProjects\midterm.X\stu_ver.asm
                  r_blink   0x00031a    program     static C:\Users\user\MPLABXProjects\midterm.X\stu_ver.asm
                      isr   0x00031c    program     static C:\Users\user\MPLABXProjects\midterm.X\stu_ver.asm


