MPLINK 5.09, LINKER
Linker Map File - Created Mon Oct 01 17:47:34 2018

                                 Section Info
                  Section       Type    Address   Location Size(Bytes)
                ---------  ---------  ---------  ---------  ---------
                   .org_0       code   0x000000    program   0x000012
                   .cinit    romdata   0x000012    program   0x000002
.config_300001_BUILD/DEFAULT/DEBUG/NEWASMTEMPLA    romdata   0x300001    program   0x000001
.config_300003_BUILD/DEFAULT/DEBUG/NEWASMTEMPLA    romdata   0x300003    program   0x000001



                              Program Memory Usage 
                               Start         End      
                           ---------   ---------      
                            0x000000    0x000013      
                            0x300001    0x300001      
                            0x300003    0x300003      
            22 out of 33048 program addresses used, program memory utilization is 0%



                              Symbols - Sorted by Name
                     Name    Address   Location    Storage File                     
                ---------  ---------  ---------  --------- ---------                
                  Initial   0x000000    program     static C:\Users\user\MPLABXProjects\LAB1.X\newAsmTemplate.asm
                 continue   0x000012    program     static C:\Users\user\MPLABXProjects\LAB1.X\newAsmTemplate.asm
                     here   0x00000a    program     static C:\Users\user\MPLABXProjects\LAB1.X\newAsmTemplate.asm
                    start   0x000000    program     static C:\Users\user\MPLABXProjects\LAB1.X\newAsmTemplate.asm



                              Symbols - Sorted by Address
                     Name    Address   Location    Storage File                     
                ---------  ---------  ---------  --------- ---------                
                  Initial   0x000000    program     static C:\Users\user\MPLABXProjects\LAB1.X\newAsmTemplate.asm
                    start   0x000000    program     static C:\Users\user\MPLABXProjects\LAB1.X\newAsmTemplate.asm
                     here   0x00000a    program     static C:\Users\user\MPLABXProjects\LAB1.X\newAsmTemplate.asm
                 continue   0x000012    program     static C:\Users\user\MPLABXProjects\LAB1.X\newAsmTemplate.asm


