MPLINK 5.09, LINKER
Linker Map File - Created Mon Oct 22 18:37:03 2018

                                 Section Info
                  Section       Type    Address   Location Size(Bytes)
                ---------  ---------  ---------  ---------  ---------
                   .org_0       code   0x000000    program   0x000038
                   .cinit    romdata   0x000038    program   0x000002
.config_300001_BUILD/DEFAULT/PRODUCTION/NEWASMT    romdata   0x300001    program   0x000001
.config_300003_BUILD/DEFAULT/PRODUCTION/NEWASMT    romdata   0x300003    program   0x000001



                              Program Memory Usage 
                               Start         End      
                           ---------   ---------      
                            0x000000    0x000039      
                            0x300001    0x300001      
                            0x300003    0x300003      
            60 out of 33048 program addresses used, program memory utilization is 0%



                              Symbols - Sorted by Name
                     Name    Address   Location    Storage File                     
                ---------  ---------  ---------  --------- ---------                
                      Fib   0x00001e    program     static C:\Users\user\MPLABXProjects\lab4_1.X\newAsmTemplate.asm
                   Finish   0x000034    program     static C:\Users\user\MPLABXProjects\lab4_1.X\newAsmTemplate.asm
                 function   0x000000    program     static C:\Users\user\MPLABXProjects\lab4_1.X\newAsmTemplate.asm
                    start   0x000000    program     static C:\Users\user\MPLABXProjects\lab4_1.X\newAsmTemplate.asm



                              Symbols - Sorted by Address
                     Name    Address   Location    Storage File                     
                ---------  ---------  ---------  --------- ---------                
                 function   0x000000    program     static C:\Users\user\MPLABXProjects\lab4_1.X\newAsmTemplate.asm
                    start   0x000000    program     static C:\Users\user\MPLABXProjects\lab4_1.X\newAsmTemplate.asm
                      Fib   0x00001e    program     static C:\Users\user\MPLABXProjects\lab4_1.X\newAsmTemplate.asm
                   Finish   0x000034    program     static C:\Users\user\MPLABXProjects\lab4_1.X\newAsmTemplate.asm


