MPLINK 5.09, LINKER
Linker Map File - Created Mon Oct 08 17:28:03 2018

                                 Section Info
                  Section       Type    Address   Location Size(Bytes)
                ---------  ---------  ---------  ---------  ---------
                   .org_0       code   0x000000    program   0x00001a
                   .cinit    romdata   0x00001a    program   0x000002
.config_300001_BUILD/DEFAULT/PRODUCTION/NEWASMT    romdata   0x300001    program   0x000001
.config_300003_BUILD/DEFAULT/PRODUCTION/NEWASMT    romdata   0x300003    program   0x000001



                              Program Memory Usage 
                               Start         End      
                           ---------   ---------      
                            0x000000    0x00001b      
                            0x300001    0x300001      
                            0x300003    0x300003      
            30 out of 33048 program addresses used, program memory utilization is 0%



                              Symbols - Sorted by Name
                     Name    Address   Location    Storage File                     
                ---------  ---------  ---------  --------- ---------                
                  Initial   0x000000    program     static C:\Users\user\MPLABXProjects\LAB2.X\newAsmTemplate.asm
                   array1   0x000010    program     static C:\Users\user\MPLABXProjects\LAB2.X\newAsmTemplate.asm
                   array2   0x00001a    program     static C:\Users\user\MPLABXProjects\LAB2.X\newAsmTemplate.asm
                 continue   0x00001a    program     static C:\Users\user\MPLABXProjects\LAB2.X\newAsmTemplate.asm
                    start   0x000000    program     static C:\Users\user\MPLABXProjects\LAB2.X\newAsmTemplate.asm



                              Symbols - Sorted by Address
                     Name    Address   Location    Storage File                     
                ---------  ---------  ---------  --------- ---------                
                  Initial   0x000000    program     static C:\Users\user\MPLABXProjects\LAB2.X\newAsmTemplate.asm
                    start   0x000000    program     static C:\Users\user\MPLABXProjects\LAB2.X\newAsmTemplate.asm
                   array1   0x000010    program     static C:\Users\user\MPLABXProjects\LAB2.X\newAsmTemplate.asm
                   array2   0x00001a    program     static C:\Users\user\MPLABXProjects\LAB2.X\newAsmTemplate.asm
                 continue   0x00001a    program     static C:\Users\user\MPLABXProjects\LAB2.X\newAsmTemplate.asm


