Microchip MPLAB XC8 Compiler V2.00 ()

Linker command line:

-W-3 --edf=C:\Program Files (x86)\Microchip\xc8\v2.00\pic\dat\en_msgs.txt \
  -cs -h+dist/default/debug\final.X.debug.sym \
  --cmf=dist/default/debug\final.X.debug.cmf -z -Q18F4520 \
  -oC:\Users\user\AppData\Local\Temp\s3c0.2 --defsym=__MPLAB_BUILD=1 \
  -Mdist/default/debug/final.X.debug.map -E1 -ver=XC8 --acfsm=1493 \
  -ASTACK=023Ch-05eeh -pstack=STACK -ACODE=00h-07D2Fh -ACONST=00h-07D2Fh \
  -ASMALLCONST=0600h-06FFhx119,07D00h-07D2Fh -AMEDIUMCONST=0600h-07D2Fh \
  -ACOMRAM=01h-07Fh -AABS1=00h-05EEh -ABIGRAM=01h-05EEh \
  -ARAM=080h-0FFh,0100h-01FFhx4,0500h-05EEh -ABANK0=080h-0FFh \
  -ABANK1=0100h-01FFh -ABANK2=0200h-02FFh -ABANK3=0300h-03FFh \
  -ABANK4=0400h-04FFh -ABANK5=0500h-05EEh \
  -ASFR=0F80h-0F9Bh,0F9Dh-0FD3h,0FD5h-0FDAh,0FE0h-0FE2h,0FE8h-0FEAh,0FF0h-0FFBh \
  -preset_vec=00h,intcode=08h,intcodelo=018h,powerup,init -pramtop=0600h \
  -psmallconst=SMALLCONST -pmediumconst=MEDIUMCONST -pconst=CONST \
  -AFARRAM=00h-00h -ACONFIG=0300000h-030000Dh -pconfig=CONFIG \
  -AIDLOC=0200000h-0200007h -pidloc=IDLOC -AEEDATA=0F00000h-0F000FFh \
  -peeprom_data=EEDATA \
  -prdata=COMRAM,nvrram=COMRAM,nvbit=COMRAM,rbss=COMRAM,rbit=COMRAM \
  -pfarbss=FARRAM,fardata=FARRAM,nvFARRAM=FARRAM \
  -pintsave_regs=BIGRAM,bigbss=BIGRAM,bigdata=BIGRAM -pbss=RAM \
  -pidata=CODE,irdata=CODE,ibigdata=CODE,ifardata=CODE -prparam=COMRAM \
  C:\Users\user\AppData\Local\Temp\s3c0.o \
  dist/default/debug\final.X.debug.o 

Object code version is 3.11

Machine type is 18F4520

Call graph: (short form)




                Name                               Link     Load   Length Selector   Space Scale
C:\Users\user\AppData\Local\Temp\s3c0.o
                init                                 78       78        4        C       0
                reset_vec                             0        0        4        0       0
                idloc                            200000   200000        8   200000       0
                config                           300000   300000        E   300000       0
dist/default/debug\final.X.debug.o
                intcodelo                            18       18       60        C       0
                intcode                               8        8        6        4       0
                temp                                 6E       6E        1        1       1
                smallconst                          600      600       38      300       0
                intcode_body                       2820     2820      276      31C       0
                text51                             4806     4806       1E      31C       0
                text50                             3E6E     3E6E       D8      31C       0
                text49                             461A     461A       48      31C       0
                text47                             433C     433C       6A      31C       0
                text46                             484E     484E        E      31C       0
                text45                             4868     4868        A      31C       0
                text44                             479C     479C       2A      31C       0
                text43                             4760     4760       3C      31C       0
                text42                             44D2     44D2       5A      31C       0
                text41                             2CC8     2CC8      208      31C       0
                text40                             452C     452C       58      31C       0
                text39                             42D2     42D2       6A      31C       0
                text38                             390C     390C       FC      31C       0
                text37                             3D96     3D96       D8      31C       0
                text36                             326A     326A      180      31C       0
                text35                             4662     4662       46      31C       0
                text34                             47E8     47E8       1E      31C       0
                text33                             415A     415A       86      31C       0
                text32                             2ED0     2ED0      1DC      31C       0
                text31                             30AC     30AC      1BE      31C       0
                text30                             3AF4     3AF4       EC      31C       0
                text29                             3CBE     3CBE       D8      31C       0
                text28                             1D4E     1D4E      420      31C       0
                text27                             4018     4018       BA      31C       0
                text26                             33EA     33EA      168      31C       0
                text25                             18E0     18E0      46E      31C       0
                text24                             46A8     46A8       40      31C       0
                text23                             135C     135C      584      31C       0
                text22                             45D0     45D0       4A      31C       0
                text21                             36AC     36AC      152      31C       0
                text20                             37FE     37FE      10E      31C       0
                text19                             2A96     2A96      232      31C       0
                text18                             487A     487A        2      31C       0
                text17                             3BE0     3BE0       DE      31C       0
                text16                             4584     4584       4C      31C       0
                text15                             3F46     3F46       D2      31C       0
                text14                             43A6     43A6       68      31C       0
                text13                             4724     4724       3C      31C       0
                text12                             41E0     41E0       80      31C       0
                text11                              638      638      D24      31C       0
                text10                             216E     216E      3C0      31C       0
                text9                              440E     440E       66      31C       0
                text8                              4474     4474       5E      31C       0
                text7                              252E     252E      2F2      31C       0
                text6                              3552     3552      15A      31C       0
                text5                              4824     4824       18      31C       0
                text4                              485C     485C        C      31C       0
                text3                              4872     4872        8      31C       0
                text2                              47C6     47C6       22      31C       0
                text1                              483C     483C       12      31C       0
                text0                              3A08     3A08       EC      31C       0
                cstackCOMRAM                          1        1       5B        1       1
                cstackBANK0                          80       80       5A       80       1
                cstackBANK1                         1D8      1D8        E      100       1
                dataBANK2                           200      200       3C      200       1
                dataBANK1                           100      100       88      100       1
                bssBANK1                            188      188       50      100       1
                bssBANK0                             DA       DA       24       80       1
                bssCOMRAM                            5C       5C       12        1       1
                cinit                              4260     4260       72      31C       0
                idataBANK2                         46E8     46E8       3C      31C       0
                idataBANK1                         40D2     40D2       88      31C       0

TOTAL           Name                               Link     Load   Length     Space
        CLASS   STACK          

        CLASS   CODE           
                intcodelo                            18       18       60         0
                intcode                               8        8        6         0
                init                                 78       78        4         0
                reset_vec                             0        0        4         0
                intcode_body                       2820     2820      276         0
                text51                             4806     4806       1E         0
                text50                             3E6E     3E6E       D8         0
                text49                             461A     461A       48         0
                text47                             433C     433C       6A         0
                text46                             484E     484E        E         0
                text45                             4868     4868        A         0
                text44                             479C     479C       2A         0
                text43                             4760     4760       3C         0
                text42                             44D2     44D2       5A         0
                text41                             2CC8     2CC8      208         0
                text40                             452C     452C       58         0
                text39                             42D2     42D2       6A         0
                text38                             390C     390C       FC         0
                text37                             3D96     3D96       D8         0
                text36                             326A     326A      180         0
                text35                             4662     4662       46         0
                text34                             47E8     47E8       1E         0
                text33                             415A     415A       86         0
                text32                             2ED0     2ED0      1DC         0
                text31                             30AC     30AC      1BE         0
                text30                             3AF4     3AF4       EC         0
                text29                             3CBE     3CBE       D8         0
                text28                             1D4E     1D4E      420         0
                text27                             4018     4018       BA         0
                text26                             33EA     33EA      168         0
                text25                             18E0     18E0      46E         0
                text24                             46A8     46A8       40         0
                text23                             135C     135C      584         0
                text22                             45D0     45D0       4A         0
                text21                             36AC     36AC      152         0
                text20                             37FE     37FE      10E         0
                text19                             2A96     2A96      232         0
                text18                             487A     487A        2         0
                text17                             3BE0     3BE0       DE         0
                text16                             4584     4584       4C         0
                text15                             3F46     3F46       D2         0
                text14                             43A6     43A6       68         0
                text13                             4724     4724       3C         0
                text12                             41E0     41E0       80         0
                text11                              638      638      D24         0
                text10                             216E     216E      3C0         0
                text9                              440E     440E       66         0
                text8                              4474     4474       5E         0
                text7                              252E     252E      2F2         0
                text6                              3552     3552      15A         0
                text5                              4824     4824       18         0
                text4                              485C     485C        C         0
                text3                              4872     4872        8         0
                text2                              47C6     47C6       22         0
                text1                              483C     483C       12         0
                text0                              3A08     3A08       EC         0
                cinit                              4260     4260       72         0
                idataBANK2                         46E8     46E8       3C         0
                idataBANK1                         40D2     40D2       88         0

        CLASS   CONST          

        CLASS   SMALLCONST     
                smallconst                          600      600       38         0

        CLASS   MEDIUMCONST    

        CLASS   COMRAM         
                temp                                 6E       6E        1         1
                cstackCOMRAM                          1        1       5B         1
                bssCOMRAM                            5C       5C       12         1

        CLASS   ABS1           

        CLASS   BIGRAM         

        CLASS   RAM            

        CLASS   BANK0          
                cstackBANK0                          80       80       5A         1
                bssBANK0                             DA       DA       24         1

        CLASS   BANK1          
                cstackBANK1                         1D8      1D8        E         1
                dataBANK1                           100      100       88         1
                bssBANK1                            188      188       50         1

        CLASS   BANK2          
                dataBANK2                           200      200       3C         1

        CLASS   BANK3          

        CLASS   BANK4          

        CLASS   BANK5          

        CLASS   SFR            

        CLASS   FARRAM         

        CLASS   CONFIG         
                config                           300000   300000        E         0

        CLASS   IDLOC          
                idloc                            200000   200000        8         0

        CLASS   EEDATA         



SEGMENTS        Name                           Load    Length   Top    Selector   Space  Class

                reset_vec                      000000  000004  000004         0       0  CODE    
                cstackCOMRAM                   000001  00006E  00006F         1       1  COMRAM  
                intcode                        000008  000006  00000E         4       0  CODE    
                intcodelo                      000018  000064  00007C         C       0  CODE    
                cstackBANK0                    000080  00007E  0000FE        80       1  BANK0   
                dataBANK1                      000100  0000E6  0001E6       100       1  BANK1   
                dataBANK2                      000200  00003C  00023C       200       1  BANK2   
                smallconst                     000600  000038  000638       300       0  SMALLCON
                text11                         000638  004244  00487C       31C       0  CODE    
                idloc                          200000  000008  200008    200000       0  IDLOC   
                config                         300000  00000E  30000E    300000       0  CONFIG  


UNUSED ADDRESS RANGES

        Name                Unused          Largest block    Delta
        BANK0            0000FE-0000FF                2
        BANK1            0001E6-0001FF               1A
        BANK2            00023C-0002FF               C4
        BANK3            000300-0003FF              100
        BANK4            000400-0004FF              100
        BANK5            000500-0005EE               EF
        BIGRAM           00006F-00007F               11
                         0000FE-0000FF                2
                         0001E6-0001FF               1A
                         00023C-0005EE              3B3
        CODE             000004-000007                4
                         00000E-000017                A
                         00007C-0005FF              584
                         00487C-007D2F             34B4
        COMRAM           00006F-00007F               11
        CONST            000004-000007                4
                         00000E-000017                A
                         00007C-0005FF              584
                         00487C-007D2F             34B4
        EEDATA           F00000-F000FF              100
        MEDIUMCONST      00487C-007D2F             34B4
        RAM              0000FE-0000FF                2
                         0001E6-0001FF               1A
                         00023C-0005EE              100
        SFR              000F80-000F9B               1C
                         000F9D-000FD3               37
                         000FD5-000FDA                6
                         000FE0-000FE2                3
                         000FE8-000FEA                3
                         000FF0-000FFB                C
        SMALLCONST       00487C-007D2F              100
        STACK            00023C-0005EE              3B3

                                  Symbol Table

?_ADC_Read                     cstackCOMRAM 000010
?_GetString                    cstackCOMRAM 000010
?_GetlenStr                    cstackCOMRAM 000010
?___awdiv                      cstackCOMRAM 000010
?___awmod                      cstackCOMRAM 000010
?___fladd                      cstackCOMRAM 000010
?___fldiv                      cstackCOMRAM 000010
?___flmul                      cstackCOMRAM 00001E
?___flneg                      cstackCOMRAM 000010
?___flsub                      cstackCOMRAM 000037
?___fltol                      cstackCOMRAM 000010
?___fpclassifyf                cstackCOMRAM 000010
?___wmul                       cstackCOMRAM 000010
?___xxtofl                     cstackCOMRAM 000010
?_atoi                         cstackCOMRAM 000017
?_efgtoa                       cstackCOMRAM 000043
?_floorf                       cstackCOMRAM 000029
?_isdigit                      cstackCOMRAM 000010
?_isspace                      cstackCOMRAM 000010
?_isupper                      cstackCOMRAM 000010
?_pad                          cstackCOMRAM 000020
?_sprintf                      cstackBANK0  0000C8
?_strchr                       cstackCOMRAM 000010
?_strlen                       cstackCOMRAM 000010
?_strncmp                      cstackCOMRAM 000010
?_strstr                       cstackCOMRAM 00001D
?_tolower                      cstackCOMRAM 000016
?_vfpfcnvrt                    cstackCOMRAM 00004F
?_vfprintf                     cstackBANK0  0000C2
?i1___awmod                    cstackCOMRAM 000005
ADC_Read@channel               cstackCOMRAM 000010
ADC_Read@digital               cstackCOMRAM 000014
ClearBuffer@i                  cstackCOMRAM 000010
Mode2@digital                  cstackBANK1  0001D8
Mode2@i                        cstackBANK1  0001DE
Mode2@i_1334                   cstackBANK1  0001E0
Mode2@init                     cstackBANK1  0001E2
Mode2@stepmove                 cstackBANK1  0001E4
Mode2@voltage                  cstackBANK1  0001DA
UART_Write@data                cstackCOMRAM 000010
UART_Write_Text@i              cstackCOMRAM 000015
UART_Write_Text@text           cstackCOMRAM 000011
_ADCON0bits                    (abs)        000FC2
_ADCON1                        (abs)        000FC1
_ADCON2bits                    (abs)        000FC0
_ADC_Initialize                text5        004824
_ADC_Read                      text35       004662
_ADFM                          (abs)        007E07
_ADRESH                        (abs)        000FC4
_ADRESL                        (abs)        000FC3
_BAUDCONbits                   (abs)        000FB8
_CCP1CON                       (abs)        000FBD
_CCP1CONbits                   (abs)        000FBD
_CCP1_Initialize               text4        00485C
_CCP2CON                       (abs)        000FBA
_CCPR1L                        (abs)        000FBE
_CCPR2                         (abs)        000FBB
_CREN                          (abs)        007D5C
_ClearBuffer                   text47       00433C
_GetString                     text46       00484E
_GetlenStr                     text45       004868
_Hi_ISR                        intcode      000008
_INTCONbits                    (abs)        000FF2
_INTERRUPT_Initialize          text3        004872
_IPR1bits                      (abs)        000F9F
_IPR2bits                      (abs)        000FA2
_IRCF0                         (abs)        007E9C
_IRCF1                         (abs)        007E9D
_IRCF2                         (abs)        007E9E
_LATCbits                      (abs)        000F8B
_LATDbits                      (abs)        000F8C
_Lo_ISR                        intcodelo    000018
_Mode1                         text36       00326A
_Mode2                         text7        00252E
_Mode3                         text6        003552
_MyusartRead                   text49       00461A
_PIE1bits                      (abs)        000F9D
_PIE2bits                      (abs)        000FA0
_PIR1bits                      (abs)        000F9E
_PIR2bits                      (abs)        000FA1
_PR2                           (abs)        000FCB
_RCIF                          (abs)        007CF5
_RCONbits                      (abs)        000FD0
_RCREG                         (abs)        000FAE
_RCSTAbits                     (abs)        000FAB
_SPBRG                         (abs)        000FAF
_SYSTEM_Initialize             text1        00483C
_T1CON                         (abs)        000FCD
_T1CONbits                     (abs)        000FCD
_T2CON                         (abs)        000FCA
_T2CONbits                     (abs)        000FCA
_T3CON                         (abs)        000FB1
_T3CONbits                     (abs)        000FB1
_TMR1                          (abs)        000FCE
_TMR1IF                        (abs)        007CF0
_TMR2                          (abs)        000FCC
_TMR2IF                        (abs)        007CF1
_TRISA                         (abs)        000F92
_TRISCbits                     (abs)        000F94
_TRISDbits                     (abs)        000F95
_TXREG                         (abs)        000FAD
_TXSTAbits                     (abs)        000FAC
_UART_Initialize               text2        0047C6
_UART_Write                    text34       0047E8
_UART_Write_Text               text33       00415A
__CFG_BOREN$SBORDIS            (abs)        000000
__CFG_BORV$3                   (abs)        000000
__CFG_CCP2MX$PORTC             (abs)        000000
__CFG_CP0$OFF                  (abs)        000000
__CFG_CP1$OFF                  (abs)        000000
__CFG_CP2$OFF                  (abs)        000000
__CFG_CP3$OFF                  (abs)        000000
__CFG_CPB$OFF                  (abs)        000000
__CFG_CPD$OFF                  (abs)        000000
__CFG_EBTR0$OFF                (abs)        000000
__CFG_EBTR1$OFF                (abs)        000000
__CFG_EBTR2$OFF                (abs)        000000
__CFG_EBTR3$OFF                (abs)        000000
__CFG_EBTRB$OFF                (abs)        000000
__CFG_FCMEN$OFF                (abs)        000000
__CFG_IESO$ON                  (abs)        000000
__CFG_LPT1OSC$OFF              (abs)        000000
__CFG_LVP$OFF                  (abs)        000000
__CFG_MCLRE$ON                 (abs)        000000
__CFG_OSC$INTIO67              (abs)        000000
__CFG_PBADEN$ON                (abs)        000000
__CFG_PWRT$OFF                 (abs)        000000
__CFG_STVREN$ON                (abs)        000000
__CFG_WDT$OFF                  (abs)        000000
__CFG_WDTPS$1                  (abs)        000000
__CFG_WRT0$OFF                 (abs)        000000
__CFG_WRT1$OFF                 (abs)        000000
__CFG_WRT2$OFF                 (abs)        000000
__CFG_WRT3$OFF                 (abs)        000000
__CFG_WRTB$OFF                 (abs)        000000
__CFG_WRTC$OFF                 (abs)        000000
__CFG_WRTD$OFF                 (abs)        000000
__CFG_XINST$OFF                (abs)        000000
__HRAM                         (abs)        000000
__Habs1                        abs1         000000
__Hbank0                       bank0        000000
__Hbank1                       bank1        000000
__Hbank2                       bank2        000000
__Hbank3                       bank3        000000
__Hbank4                       bank4        000000
__Hbank5                       bank5        000000
__Hbigbss                      bigbss       000000
__Hbigdata                     bigdata      000000
__Hbigram                      bigram       000000
__Hbss                         bss          000000
__HbssBANK0                    bssBANK0     000000
__HbssBANK1                    bssBANK1     000000
__HbssCOMRAM                   bssCOMRAM    000000
__Hcinit                       cinit        000000
__Hclrtext                     clrtext      000000
__Hcomram                      comram       000000
__Hconfig                      config       30000E
__Hconst                       const        000000
__HcstackBANK0                 cstackBANK0  000000
__HcstackBANK1                 cstackBANK1  000000
__HcstackCOMRAM                cstackCOMRAM 000000
__Hdata                        data         000000
__HdataBANK1                   dataBANK1    000000
__HdataBANK2                   dataBANK2    000000
__Heeprom_data                 eeprom_data  000000
__Hfarbss                      farbss       000000
__Hfardata                     fardata      000000
__Hibigdata                    ibigdata     000000
__Hidata                       idata        000000
__HidataBANK1                  idataBANK1   000000
__HidataBANK2                  idataBANK2   000000
__Hidloc                       idloc        200008
__Hifardata                    ifardata     000000
__Hinit                        init         00007C
__Hintcode                     intcode      00000E
__Hintcode_body                intcode_body 000000
__Hintcodelo                   intcodelo    000078
__Hintentry                    intentry     000000
__Hintret                      intret       000000
__Hintsave_regs                intsave_regs 000000
__Hirdata                      irdata       000000
__Hmediumconst                 mediumconst  000000
__HnvFARRAM                    nvFARRAM     000000
__Hnvbit                       nvbit        000000
__Hnvrram                      nvrram       000000
__Hparam                       rparam       000000
__Hpowerup                     powerup      000078
__Hram                         ram          000000
__Hramtop                      ramtop       000600
__Hrbit                        rbit         000000
__Hrbss                        rbss         000000
__Hrdata                       rdata        000000
__Hreset_vec                   reset_vec    000004
__Hrparam                      rparam       000000
__Hsfr                         sfr          000000
__Hsmallconst                  smallconst   000638
__Hspace_0                     (abs)        30000E
__Hspace_1                     (abs)        00023C
__Hspace_2                     (abs)        000000
__Hstack                       stack        000000
__Hstruct                      struct       000000
__Htemp                        temp         00006F
__Htext                        text         000000
__Htext0                       text0        000000
__Htext1                       text1        000000
__Htext10                      text10       000000
__Htext11                      text11       000000
__Htext12                      text12       000000
__Htext13                      text13       000000
__Htext14                      text14       000000
__Htext15                      text15       000000
__Htext16                      text16       000000
__Htext17                      text17       000000
__Htext18                      text18       000000
__Htext19                      text19       000000
__Htext2                       text2        000000
__Htext20                      text20       000000
__Htext21                      text21       000000
__Htext22                      text22       000000
__Htext23                      text23       000000
__Htext24                      text24       000000
__Htext25                      text25       000000
__Htext26                      text26       000000
__Htext27                      text27       000000
__Htext28                      text28       000000
__Htext29                      text29       000000
__Htext3                       text3        000000
__Htext30                      text30       000000
__Htext31                      text31       000000
__Htext32                      text32       000000
__Htext33                      text33       000000
__Htext34                      text34       000000
__Htext35                      text35       000000
__Htext36                      text36       000000
__Htext37                      text37       000000
__Htext38                      text38       000000
__Htext39                      text39       000000
__Htext4                       text4        000000
__Htext40                      text40       000000
__Htext41                      text41       000000
__Htext42                      text42       000000
__Htext43                      text43       000000
__Htext44                      text44       000000
__Htext45                      text45       000000
__Htext46                      text46       000000
__Htext47                      text47       000000
__Htext49                      text49       000000
__Htext5                       text5        000000
__Htext50                      text50       000000
__Htext51                      text51       000000
__Htext6                       text6        000000
__Htext7                       text7        000000
__Htext8                       text8        000000
__Htext9                       text9        000000
__LRAM                         (abs)        000001
__Labs1                        abs1         000000
__Lbank0                       bank0        000000
__Lbank1                       bank1        000000
__Lbank2                       bank2        000000
__Lbank3                       bank3        000000
__Lbank4                       bank4        000000
__Lbank5                       bank5        000000
__Lbigbss                      bigbss       000000
__Lbigdata                     bigdata      000000
__Lbigram                      bigram       000000
__Lbss                         bss          000000
__LbssBANK0                    bssBANK0     000000
__LbssBANK1                    bssBANK1     000000
__LbssCOMRAM                   bssCOMRAM    000000
__Lcinit                       cinit        000000
__Lclrtext                     clrtext      000000
__Lcomram                      comram       000000
__Lconfig                      config       300000
__Lconst                       const        000000
__LcstackBANK0                 cstackBANK0  000000
__LcstackBANK1                 cstackBANK1  000000
__LcstackCOMRAM                cstackCOMRAM 000000
__Ldata                        data         000000
__LdataBANK1                   dataBANK1    000000
__LdataBANK2                   dataBANK2    000000
__Leeprom_data                 eeprom_data  000000
__Lfarbss                      farbss       000000
__Lfardata                     fardata      000000
__Libigdata                    ibigdata     000000
__Lidata                       idata        000000
__LidataBANK1                  idataBANK1   000000
__LidataBANK2                  idataBANK2   000000
__Lidloc                       idloc        200000
__Lifardata                    ifardata     000000
__Linit                        init         000078
__Lintcode                     intcode      000008
__Lintcode_body                intcode_body 000000
__Lintcodelo                   intcodelo    000018
__Lintentry                    intentry     000000
__Lintret                      intret       000000
__Lintsave_regs                intsave_regs 000000
__Lirdata                      irdata       000000
__Lmediumconst                 mediumconst  000000
__LnvFARRAM                    nvFARRAM     000000
__Lnvbit                       nvbit        000000
__Lnvrram                      nvrram       000000
__Lparam                       rparam       000000
__Lpowerup                     powerup      000078
__Lram                         ram          000000
__Lramtop                      ramtop       000600
__Lrbit                        rbit         000000
__Lrbss                        rbss         000000
__Lrdata                       rdata        000000
__Lreset_vec                   reset_vec    000000
__Lrparam                      rparam       000000
__Lsfr                         sfr          000000
__Lsmallconst                  smallconst   000600
__Lspace_0                     (abs)        000000
__Lspace_1                     (abs)        000000
__Lspace_2                     (abs)        000000
__Lstack                       stack        000000
__Lstruct                      struct       000000
__Ltemp                        temp         00006E
__Ltext                        text         000000
__Ltext0                       text0        000000
__Ltext1                       text1        000000
__Ltext10                      text10       000000
__Ltext11                      text11       000000
__Ltext12                      text12       000000
__Ltext13                      text13       000000
__Ltext14                      text14       000000
__Ltext15                      text15       000000
__Ltext16                      text16       000000
__Ltext17                      text17       000000
__Ltext18                      text18       000000
__Ltext19                      text19       000000
__Ltext2                       text2        000000
__Ltext20                      text20       000000
__Ltext21                      text21       000000
__Ltext22                      text22       000000
__Ltext23                      text23       000000
__Ltext24                      text24       000000
__Ltext25                      text25       000000
__Ltext26                      text26       000000
__Ltext27                      text27       000000
__Ltext28                      text28       000000
__Ltext29                      text29       000000
__Ltext3                       text3        000000
__Ltext30                      text30       000000
__Ltext31                      text31       000000
__Ltext32                      text32       000000
__Ltext33                      text33       000000
__Ltext34                      text34       000000
__Ltext35                      text35       000000
__Ltext36                      text36       000000
__Ltext37                      text37       000000
__Ltext38                      text38       000000
__Ltext39                      text39       000000
__Ltext4                       text4        000000
__Ltext40                      text40       000000
__Ltext41                      text41       000000
__Ltext42                      text42       000000
__Ltext43                      text43       000000
__Ltext44                      text44       000000
__Ltext45                      text45       000000
__Ltext46                      text46       000000
__Ltext47                      text47       000000
__Ltext49                      text49       000000
__Ltext5                       text5        000000
__Ltext50                      text50       000000
__Ltext51                      text51       000000
__Ltext6                       text6        000000
__Ltext7                       text7        000000
__Ltext8                       text8        000000
__Ltext9                       text9        000000
__S0                           (abs)        30000E
__S1                           (abs)        00023C
__S2                           (abs)        000000
___awdiv                       text30       003AF4
___awdiv@counter               cstackCOMRAM 000014
___awdiv@dividend              cstackCOMRAM 000010
___awdiv@divisor               cstackCOMRAM 000012
___awdiv@quotient              cstackCOMRAM 000016
___awdiv@sign                  cstackCOMRAM 000015
___awmod                       text29       003CBE
___awmod@counter               cstackCOMRAM 000014
___awmod@dividend              cstackCOMRAM 000010
___awmod@divisor               cstackCOMRAM 000012
___awmod@sign                  cstackCOMRAM 000015
___fladd                       text23       00135C
___fladd@a                     cstackCOMRAM 000014
___fladd@aexp                  cstackCOMRAM 000021
___fladd@b                     cstackCOMRAM 000010
___fladd@bexp                  cstackCOMRAM 000022
___fladd@grs                   cstackCOMRAM 000023
___fladd@signs                 cstackCOMRAM 000020
___fldiv                       text28       001D4E
___fldiv@a                     cstackCOMRAM 000014
___fldiv@aexp                  cstackCOMRAM 000028
___fldiv@b                     cstackCOMRAM 000010
___fldiv@bexp                  cstackCOMRAM 000027
___fldiv@grs                   cstackCOMRAM 000023
___fldiv@new_exp               cstackCOMRAM 000021
___fldiv@rem                   cstackCOMRAM 00001C
___fldiv@sign                  cstackCOMRAM 000020
___fleq                        text27       004018
___fleq@ff1                    cstackCOMRAM 000010
___fleq@ff2                    cstackCOMRAM 000014
___flge                        text26       0033EA
___flge@ff1                    cstackCOMRAM 000037
___flge@ff2                    cstackCOMRAM 00003B
___flmul                       text25       0018E0
___flmul@a                     cstackCOMRAM 000022
___flmul@aexp                  cstackCOMRAM 00002B
___flmul@b                     cstackCOMRAM 00001E
___flmul@bexp                  cstackCOMRAM 000030
___flmul@grs                   cstackCOMRAM 00002C
___flmul@prod                  cstackCOMRAM 000031
___flmul@sign                  cstackCOMRAM 00002A
___flmul@temp                  cstackCOMRAM 000035
___flneg                       text24       0046A8
___flneg@f1                    cstackCOMRAM 000010
___flsub                       text22       0045D0
___flsub@a                     cstackCOMRAM 00003B
___flsub@b                     cstackCOMRAM 000037
___fltol                       text21       0036AC
___fltol@exp1                  cstackCOMRAM 000019
___fltol@f1                    cstackCOMRAM 000010
___fltol@sign1                 cstackCOMRAM 000018
___fpclassifyf                 text20       0037FE
___fpclassifyf@F459            bssBANK0     0000DE
___fpclassifyf@e               cstackCOMRAM 000018
___fpclassifyf@u               cstackCOMRAM 00001A
___fpclassifyf@x               cstackCOMRAM 000010
___inthi_sp                    stack        000000
___intlo_sp                    stack        000000
___param_bank                  (abs)        000000
___rparam_used                 (abs)        000001
___sp                          stack        000000
___wmul                        text44       00479C
___wmul@multiplicand           cstackCOMRAM 000012
___wmul@multiplier             cstackCOMRAM 000010
___wmul@product                cstackCOMRAM 000014
___xxtofl                      text32       002ED0
___xxtofl@arg                  cstackCOMRAM 00001A
___xxtofl@exp                  cstackCOMRAM 000019
___xxtofl@sign                 cstackCOMRAM 000018
___xxtofl@val                  cstackCOMRAM 000010
__accesstop                    (abs)        000080
__activetblptr                 (abs)        000002
__end_of_ADC_Initialize        text5        00483C
__end_of_ADC_Read              text35       0046A8
__end_of_CCP1_Initialize       text4        004868
__end_of_ClearBuffer           text47       0043A6
__end_of_GetString             text46       00485C
__end_of_GetlenStr             text45       004872
__end_of_Hi_ISR                intcode_body 002A96
__end_of_INTERRUPT_Initialize  text3        00487A
__end_of_Lo_ISR                intcodelo    000078
__end_of_Mode1                 text36       0033EA
__end_of_Mode2                 text7        002820
__end_of_Mode3                 text6        0036AC
__end_of_MyusartRead           text49       004662
__end_of_SYSTEM_Initialize     text1        00484E
__end_of_UART_Initialize       text2        0047E8
__end_of_UART_Write            text34       004806
__end_of_UART_Write_Text       text33       0041E0
__end_of___awdiv               text30       003BE0
__end_of___awmod               text29       003D96
__end_of___fladd               text23       0018E0
__end_of___fldiv               text28       00216E
__end_of___fleq                text27       0040D2
__end_of___flge                text26       003552
__end_of___flmul               text25       001D4E
__end_of___flneg               text24       0046E8
__end_of___flsub               text22       00461A
__end_of___fltol               text21       0037FE
__end_of___fpclassifyf         text20       00390C
__end_of___wmul                text44       0047C6
__end_of___xxtofl              text32       0030AC
__end_of__initialization       cinit        0042C4
__end_of_atoi                  text41       002ED0
__end_of_efgtoa                text11       00135C
__end_of_floorf                text19       002CC8
__end_of_fputc                 text17       003CBE
__end_of_fputs                 text16       0045D0
__end_of_isdigit               text43       00479C
__end_of_isspace               text42       00452C
__end_of_isupper               text13       004760
__end_of_main                  text0        003AF4
__end_of_memset                text31       00326A
__end_of_pad                   text15       004018
__end_of_putch                 text18       00487C
__end_of_sprintf               text8        0044D2
__end_of_strchr                text40       004584
__end_of_strcpy                text14       00440E
__end_of_strlen                text39       00433C
__end_of_strncmp               text38       003A08
__end_of_strstr                text37       003E6E
__end_of_tolower               text12       004260
__end_of_vfpfcnvrt             text10       00252E
__end_of_vfprintf              text9        004474
__end_ofi1_UART_Write          text51       004824
__end_ofi1___awmod             text50       003F46
__initialization               cinit        004260
__mediumconst                  mediumconst  000000
__pbssBANK0                    bssBANK0     0000DA
__pbssBANK1                    bssBANK1     000188
__pbssCOMRAM                   bssCOMRAM    00005C
__pcinit                       cinit        004260
__pcstackBANK0                 cstackBANK0  000080
__pcstackBANK1                 cstackBANK1  0001D8
__pcstackCOMRAM                cstackCOMRAM 000001
__pdataBANK1                   dataBANK1    000100
__pdataBANK2                   dataBANK2    000200
__pidataBANK1                  idataBANK1   0040D2
__pidataBANK2                  idataBANK2   0046E8
__pintcode                     intcode      000008
__pintcode_body                intcode_body 002820
__pintcodelo                   intcodelo    000018
__psmallconst                  smallconst   000600
__ptext0                       text0        003A08
__ptext1                       text1        00483C
__ptext10                      text10       00216E
__ptext11                      text11       000638
__ptext12                      text12       0041E0
__ptext13                      text13       004724
__ptext14                      text14       0043A6
__ptext15                      text15       003F46
__ptext16                      text16       004584
__ptext17                      text17       003BE0
__ptext18                      text18       00487A
__ptext19                      text19       002A96
__ptext2                       text2        0047C6
__ptext20                      text20       0037FE
__ptext21                      text21       0036AC
__ptext22                      text22       0045D0
__ptext23                      text23       00135C
__ptext24                      text24       0046A8
__ptext25                      text25       0018E0
__ptext26                      text26       0033EA
__ptext27                      text27       004018
__ptext28                      text28       001D4E
__ptext29                      text29       003CBE
__ptext3                       text3        004872
__ptext30                      text30       003AF4
__ptext31                      text31       0030AC
__ptext32                      text32       002ED0
__ptext33                      text33       00415A
__ptext34                      text34       0047E8
__ptext35                      text35       004662
__ptext36                      text36       00326A
__ptext37                      text37       003D96
__ptext38                      text38       00390C
__ptext39                      text39       0042D2
__ptext4                       text4        00485C
__ptext40                      text40       00452C
__ptext41                      text41       002CC8
__ptext42                      text42       0044D2
__ptext43                      text43       004760
__ptext44                      text44       00479C
__ptext45                      text45       004868
__ptext46                      text46       00484E
__ptext47                      text47       00433C
__ptext49                      text49       00461A
__ptext5                       text5        004824
__ptext50                      text50       003E6E
__ptext51                      text51       004806
__ptext6                       text6        003552
__ptext7                       text7        00252E
__ptext8                       text8        004474
__ptext9                       text9        00440E
__ramtop                       ramtop       000600
__size_of_ADC_Initialize       (abs)        000000
__size_of_ADC_Read             (abs)        000000
__size_of_CCP1_Initialize      (abs)        000000
__size_of_ClearBuffer          (abs)        000000
__size_of_GetString            (abs)        000000
__size_of_GetlenStr            (abs)        000000
__size_of_Hi_ISR               (abs)        000000
__size_of_INTERRUPT_Initialize (abs)        000000
__size_of_Lo_ISR               (abs)        000000
__size_of_Mode1                (abs)        000000
__size_of_Mode2                (abs)        000000
__size_of_Mode3                (abs)        000000
__size_of_MyusartRead          (abs)        000000
__size_of_SYSTEM_Initialize    (abs)        000000
__size_of_UART_Initialize      (abs)        000000
__size_of_UART_Write           (abs)        000000
__size_of_UART_Write_Text      (abs)        000000
__size_of___awdiv              (abs)        000000
__size_of___awmod              (abs)        000000
__size_of___fladd              (abs)        000000
__size_of___fldiv              (abs)        000000
__size_of___fleq               (abs)        000000
__size_of___flge               (abs)        000000
__size_of___flmul              (abs)        000000
__size_of___flneg              (abs)        000000
__size_of___flsub              (abs)        000000
__size_of___fltol              (abs)        000000
__size_of___fpclassifyf        (abs)        000000
__size_of___wmul               (abs)        000000
__size_of___xxtofl             (abs)        000000
__size_of_atoi                 (abs)        000000
__size_of_efgtoa               (abs)        000000
__size_of_floorf               (abs)        000000
__size_of_fputc                (abs)        000000
__size_of_fputs                (abs)        000000
__size_of_isdigit              (abs)        000000
__size_of_isspace              (abs)        000000
__size_of_isupper              (abs)        000000
__size_of_main                 (abs)        000000
__size_of_memset               (abs)        000000
__size_of_pad                  (abs)        000000
__size_of_putch                (abs)        000000
__size_of_sprintf              (abs)        000000
__size_of_strchr               (abs)        000000
__size_of_strcpy               (abs)        000000
__size_of_strlen               (abs)        000000
__size_of_strncmp              (abs)        000000
__size_of_strstr               (abs)        000000
__size_of_tolower              (abs)        000000
__size_of_vfpfcnvrt            (abs)        000000
__size_of_vfprintf             (abs)        000000
__size_ofi1_UART_Write         (abs)        000000
__size_ofi1___awmod            (abs)        000000
__smallconst                   smallconst   000600
_atoi                          text41       002CC8
_atoi$2018                     cstackCOMRAM 00001F
_atoi$2019                     cstackCOMRAM 000023
_atoi$2020                     cstackCOMRAM 000021
_dbuf                          bssBANK1     000188
_efgtoa                        text11       000638
_efgtoa$1514                   cstackBANK0  000084
_efgtoa$1515                   cstackBANK0  000086
_efgtoa$1520                   cstackBANK0  000088
_efgtoa$1524                   cstackBANK0  00008A
_efgtoa$1525                   cstackBANK0  00008C
_efgtoa$1526                   cstackBANK0  00008E
_flags                         bssCOMRAM    00005E
_floorf                        text19       002A96
_fputc                         text17       003BE0
_fputs                         text16       004584
_isdigit                       text43       004760
_isspace                       text42       0044D2
_isspace$2049                  cstackCOMRAM 000016
_isupper                       text13       004724
_lednumber                     bssCOMRAM    00006A
_lenStr                        bssCOMRAM    00006C
_main                          text0        003A08
_memset                        text31       0030AC
_modenumber                    bssCOMRAM    000060
_musiccount                    bssCOMRAM    000064
_musicnumber                   bssCOMRAM    000066
_musicstep                     bssCOMRAM    000062
_mystring                      bssBANK0     0000F4
_nout                          bssBANK0     0000E2
_pad                           text15       003F46
_per_arrp1                     dataBANK1    000100
_per_arrp2                     dataBANK1    000162
_prec                          bssCOMRAM    00005C
_putch                         text18       00487A
_sprintf                       text8        004474
_str                           bssBANK0     0000EA
_strchr                        text40       00452C
_strcpy                        text14       0043A6
_strlen                        text39       0042D2
_strncmp                       text38       00390C
_strstr                        text37       003D96
_tolower                       text12       0041E0
_tolower$2152                  cstackCOMRAM 00001C
_unit                          bssCOMRAM    000068
_unit_count                    bssBANK0     0000E6
_usemode                       bssBANK0     0000E8
_vfpfcnvrt                     text10       00216E
_vfpfcnvrt$1543                cstackBANK0  0000B8
_vfprintf                      text9        00440E
_wait1                         dataBANK2    000200
_wait2                         dataBANK1    00013C
_width                         bssBANK0     0000E4
atoi@n                         cstackCOMRAM 000024
atoi@neg                       cstackCOMRAM 00001D
atoi@s                         cstackCOMRAM 000017
btemp                          temp         00006E
efgtoa@c                       cstackCOMRAM 000049
efgtoa@d                       cstackBANK0  000098
efgtoa@e                       cstackBANK0  0000B0
efgtoa@f                       cstackCOMRAM 000045
efgtoa@fp                      cstackCOMRAM 000043
efgtoa@g                       cstackBANK0  0000AC
efgtoa@h                       cstackBANK0  0000A2
efgtoa@i                       cstackBANK0  0000AA
efgtoa@l                       cstackBANK0  0000A6
efgtoa@m                       cstackBANK0  000094
efgtoa@mode                    cstackBANK0  0000A1
efgtoa@n                       cstackBANK0  0000B2
efgtoa@ne                      cstackBANK0  000096
efgtoa@nmode                   cstackBANK0  00009E
efgtoa@ou                      cstackBANK0  000080
efgtoa@p                       cstackBANK0  00009C
efgtoa@pp                      cstackBANK0  000092
efgtoa@sign                    cstackBANK0  00009A
efgtoa@t                       cstackBANK0  000090
efgtoa@u                       cstackBANK0  0000B4
efgtoa@w                       cstackBANK0  00009F
end_of_initialization          cinit        0042C4
floorf@F520                    bssBANK0     0000DA
floorf@e                       cstackCOMRAM 000037
floorf@m                       cstackCOMRAM 000033
floorf@u                       cstackCOMRAM 000039
floorf@x                       cstackCOMRAM 000029
fputc@c                        cstackCOMRAM 000010
fputc@fp                       cstackCOMRAM 000012
fputs@c                        cstackCOMRAM 00001D
fputs@fp                       cstackCOMRAM 00001B
fputs@i                        cstackCOMRAM 00001E
fputs@s                        cstackCOMRAM 000019
i1UART_Write@data              cstackCOMRAM 000005
i1_UART_Write                  text51       004806
i1___awmod                     text50       003E6E
i1___awmod@counter             cstackCOMRAM 000009
i1___awmod@dividend            cstackCOMRAM 000005
i1___awmod@divisor             cstackCOMRAM 000007
i1___awmod@sign                cstackCOMRAM 00000A
int$flags                      temp         00006E
int_func                       intcode_body 002820
intlevel0                      text         000000
intlevel1                      text         000000
intlevel2                      text         000000
intlevel3                      text         000000
isdigit@c                      cstackCOMRAM 000010
isspace@c                      cstackCOMRAM 000010
isupper@c                      cstackCOMRAM 000010
memset@c                       cstackCOMRAM 000012
memset@dest                    cstackCOMRAM 000010
memset@k                       cstackCOMRAM 00001A
memset@n                       cstackCOMRAM 000014
memset@s                       cstackCOMRAM 00001C
pad@buf                        cstackCOMRAM 000022
pad@fp                         cstackCOMRAM 000020
pad@i                          cstackCOMRAM 000027
pad@p                          cstackCOMRAM 000024
pad@w                          cstackCOMRAM 000029
sprintf@ap                     cstackBANK0  0000D2
sprintf@f                      cstackBANK0  0000D4
sprintf@fmt                    cstackBANK0  0000CA
sprintf@ret                    cstackBANK0  0000D0
sprintf@s                      cstackBANK0  0000C8
stackhi                        (abs)        0005EE
stacklo                        (abs)        00023C
start                          init         000078
start_initialization           cinit        004260
strchr@c                       cstackCOMRAM 000012
strchr@s                       cstackCOMRAM 000010
strcpy@d                       cstackCOMRAM 000018
strcpy@dest                    cstackCOMRAM 000010
strcpy@s                       cstackCOMRAM 000016
strcpy@src                     cstackCOMRAM 000012
strlen@a                       cstackCOMRAM 000014
strlen@s                       cstackCOMRAM 000010
strncmp@_l                     cstackCOMRAM 000010
strncmp@_r                     cstackCOMRAM 000012
strncmp@l                      cstackCOMRAM 000019
strncmp@n                      cstackCOMRAM 000014
strncmp@r                      cstackCOMRAM 00001B
strstr@h                       cstackCOMRAM 00001D
strstr@n                       cstackCOMRAM 00001F
strstr@nl                      cstackCOMRAM 000021
tolower@c                      cstackCOMRAM 000016
ttemp5                         temp         00006F
ttemp6                         temp         000072
ttemp7                         temp         000076
vfpfcnvrt@ap                   cstackCOMRAM 000053
vfpfcnvrt@c                    cstackBANK0  0000C1
vfpfcnvrt@ct                   cstackBANK0  0000BE
vfpfcnvrt@f                    cstackBANK0  0000BA
vfpfcnvrt@fmt                  cstackCOMRAM 000051
vfpfcnvrt@fp                   cstackCOMRAM 00004F
vfprintf@ap                    cstackBANK0  0000C6
vfprintf@cfmt                  cstackCOMRAM 000059
vfprintf@fmt                   cstackBANK0  0000C4
vfprintf@fp                    cstackBANK0  0000C2
wtemp8                         temp         00006F


FUNCTION INFORMATION:

 *************** function _main *****************
 Defined at:
		line 237 in file "main.c"
 Parameters:    Size  Location     Type
		None
 Auto vars:     Size  Location     Type
		None
 Return value:  Size  Location     Type
                  1    wreg      void 
 Registers used:
		wreg, fsr1l, fsr1h, fsr2l, fsr2h, status,2, status,0, tblptrl, tblptrh, tblptru, prodl, prodh, cstack
 Tracked objects:
		On entry : 
		On exit  : 
		Unchanged: 
 Data sizes:     COMRAM   BANK0   BANK1   BANK2   BANK3   BANK4   BANK5
      Params:         0       0       0       0       0       0       0
      Locals:         0       0       0       0       0       0       0
      Temps:          0       0       0       0       0       0       0
      Totals:         0       0       0       0       0       0       0
Total ram usage:        0 bytes
 Hardware stack levels required when called:   13
 This function calls:
		_ClearBuffer
		_GetString
		_Mode1
		_Mode2
		_Mode3
		_SYSTEM_Initialize
		_strstr
 This function is called by:
		Startup code after reset
 This function uses a non-reentrant model


 *************** function _SYSTEM_Initialize *****************
 Defined at:
		line 60 in file "setting_hardaware/setting.c"
 Parameters:    Size  Location     Type
		None
 Auto vars:     Size  Location     Type
		None
 Return value:  Size  Location     Type
                  1    wreg      void 
 Registers used:
		wreg, status,2, cstack
 Tracked objects:
		On entry : 
		On exit  : 
		Unchanged: 
 Data sizes:     COMRAM   BANK0   BANK1   BANK2   BANK3   BANK4   BANK5
      Params:         0       0       0       0       0       0       0
      Locals:         0       0       0       0       0       0       0
      Temps:          0       0       0       0       0       0       0
      Totals:         0       0       0       0       0       0       0
Total ram usage:        0 bytes
 Hardware stack levels used:    1
 Hardware stack levels required when called:    5
 This function calls:
		_ADC_Initialize
		_CCP1_Initialize
		_INTERRUPT_Initialize
		_UART_Initialize
 This function is called by:
		_main
 This function uses a non-reentrant model


 *************** function _UART_Initialize *****************
 Defined at:
		line 7 in file "setting_hardaware/uart.c"
 Parameters:    Size  Location     Type
		None
 Auto vars:     Size  Location     Type
		None
 Return value:  Size  Location     Type
                  1    wreg      void 
 Registers used:
		wreg, status,2
 Tracked objects:
		On entry : 
		On exit  : 
		Unchanged: 
 Data sizes:     COMRAM   BANK0   BANK1   BANK2   BANK3   BANK4   BANK5
      Params:         0       0       0       0       0       0       0
      Locals:         0       0       0       0       0       0       0
      Temps:          0       0       0       0       0       0       0
      Totals:         0       0       0       0       0       0       0
Total ram usage:        0 bytes
 Hardware stack levels used:    1
 Hardware stack levels required when called:    4
 This function calls:
		Nothing
 This function is called by:
		_SYSTEM_Initialize
 This function uses a non-reentrant model


 *************** function _INTERRUPT_Initialize *****************
 Defined at:
		line 3 in file "setting_hardaware/interrupt_manager.c"
 Parameters:    Size  Location     Type
		None
 Auto vars:     Size  Location     Type
		None
 Return value:  Size  Location     Type
                  1    wreg      void 
 Registers used:
		None
 Tracked objects:
		On entry : 
		On exit  : 
		Unchanged: 
 Data sizes:     COMRAM   BANK0   BANK1   BANK2   BANK3   BANK4   BANK5
      Params:         0       0       0       0       0       0       0
      Locals:         0       0       0       0       0       0       0
      Temps:          0       0       0       0       0       0       0
      Totals:         0       0       0       0       0       0       0
Total ram usage:        0 bytes
 Hardware stack levels used:    1
 Hardware stack levels required when called:    4
 This function calls:
		Nothing
 This function is called by:
		_SYSTEM_Initialize
 This function uses a non-reentrant model


 *************** function _CCP1_Initialize *****************
 Defined at:
		line 3 in file "setting_hardaware/ccp1.c"
 Parameters:    Size  Location     Type
		None
 Auto vars:     Size  Location     Type
		None
 Return value:  Size  Location     Type
                  1    wreg      void 
 Registers used:
		wreg, status,2
 Tracked objects:
		On entry : 
		On exit  : 
		Unchanged: 
 Data sizes:     COMRAM   BANK0   BANK1   BANK2   BANK3   BANK4   BANK5
      Params:         0       0       0       0       0       0       0
      Locals:         0       0       0       0       0       0       0
      Temps:          0       0       0       0       0       0       0
      Totals:         0       0       0       0       0       0       0
Total ram usage:        0 bytes
 Hardware stack levels used:    1
 Hardware stack levels required when called:    4
 This function calls:
		Nothing
 This function is called by:
		_SYSTEM_Initialize
 This function uses a non-reentrant model


 *************** function _ADC_Initialize *****************
 Defined at:
		line 3 in file "setting_hardaware/adc.c"
 Parameters:    Size  Location     Type
		None
 Auto vars:     Size  Location     Type
		None
 Return value:  Size  Location     Type
                  1    wreg      void 
 Registers used:
		wreg, status,2
 Tracked objects:
		On entry : 
		On exit  : 
		Unchanged: 
 Data sizes:     COMRAM   BANK0   BANK1   BANK2   BANK3   BANK4   BANK5
      Params:         0       0       0       0       0       0       0
      Locals:         0       0       0       0       0       0       0
      Temps:          0       0       0       0       0       0       0
      Totals:         0       0       0       0       0       0       0
Total ram usage:        0 bytes
 Hardware stack levels used:    1
 Hardware stack levels required when called:    4
 This function calls:
		Nothing
 This function is called by:
		_SYSTEM_Initialize
 This function uses a non-reentrant model


 *************** function _Mode3 *****************
 Defined at:
		line 170 in file "main.c"
 Parameters:    Size  Location     Type
		None
 Auto vars:     Size  Location     Type
		None
 Return value:  Size  Location     Type
                  1    wreg      void 
 Registers used:
		wreg, fsr1l, fsr1h, fsr2l, fsr2h, status,2, status,0, tblptrl, tblptrh, tblptru, prodl, prodh, cstack
 Tracked objects:
		On entry : 
		On exit  : 
		Unchanged: 
 Data sizes:     COMRAM   BANK0   BANK1   BANK2   BANK3   BANK4   BANK5
      Params:         0       0       0       0       0       0       0
      Locals:         0       0       0       0       0       0       0
      Temps:          0       0       0       0       0       0       0
      Totals:         0       0       0       0       0       0       0
Total ram usage:        0 bytes
 Hardware stack levels used:    1
 Hardware stack levels required when called:    6
 This function calls:
		_ClearBuffer
		_GetString
		_GetlenStr
		_atoi
		_strstr
 This function is called by:
		_main
 This function uses a non-reentrant model


 *************** function _Mode2 *****************
 Defined at:
		line 118 in file "main.c"
 Parameters:    Size  Location     Type
		None
 Auto vars:     Size  Location     Type
  i               2    8[BANK1 ] int 
  i               2    6[BANK1 ] int 
  voltage         4    2[BANK1 ] float 
  stepmove        2   12[BANK1 ] int 
  init            2   10[BANK1 ] int 
  digital         2    0[BANK1 ] int 
 Return value:  Size  Location     Type
                  1    wreg      void 
 Registers used:
		wreg, fsr1l, fsr1h, fsr2l, fsr2h, status,2, status,0, tblptrl, tblptrh, tblptru, prodl, prodh, cstack
 Tracked objects:
		On entry : 
		On exit  : 
		Unchanged: 
 Data sizes:     COMRAM   BANK0   BANK1   BANK2   BANK3   BANK4   BANK5
      Params:         0       0       0       0       0       0       0
      Locals:         0       0      14       0       0       0       0
      Temps:          1       0       0       0       0       0       0
      Totals:         1       0      14       0       0       0       0
Total ram usage:       15 bytes
 Hardware stack levels used:    1
 Hardware stack levels required when called:   12
 This function calls:
		_ADC_Read
		_ClearBuffer
		_GetString
		_UART_Write_Text
		___awdiv
		___flmul
		___fltol
		___wmul
		___xxtofl
		_memset
		_sprintf
		_strstr
 This function is called by:
		_main
 This function uses a non-reentrant model


 *************** function _sprintf *****************
 Defined at:
		line 9 in file "C:\Program Files (x86)\Microchip\xc8\v2.00\pic\sources\c99\common\nf_sprintf.c"
 Parameters:    Size  Location     Type
  s               2   72[BANK0 ] PTR unsigned char 
		 -> str(10), 
  fmt             2   74[BANK0 ] PTR const unsigned char 
		 -> STR_2(4), 
 Auto vars:     Size  Location     Type
  f               6   84[BANK0 ] struct _IO_FILE
  ap              2   82[BANK0 ] PTR void [1]
		 -> ?_sprintf(2), 
  ret             2   80[BANK0 ] int 
 Return value:  Size  Location     Type
                  2   72[BANK0 ] int 
 Registers used:
		wreg, fsr1l, fsr1h, fsr2l, fsr2h, status,2, status,0, tblptrl, tblptrh, tblptru, prodl, prodh, cstack
 Tracked objects:
		On entry : 
		On exit  : 
		Unchanged: 
 Data sizes:     COMRAM   BANK0   BANK1   BANK2   BANK3   BANK4   BANK5
      Params:         0       8       0       0       0       0       0
      Locals:         0      10       0       0       0       0       0
      Temps:          0       0       0       0       0       0       0
      Totals:         0      18       0       0       0       0       0
Total ram usage:       18 bytes
 Hardware stack levels used:    1
 Hardware stack levels required when called:   11
 This function calls:
		_vfprintf
 This function is called by:
		_Mode2
 This function uses a non-reentrant model


 *************** function _vfprintf *****************
 Defined at:
		line 1368 in file "C:\Program Files (x86)\Microchip\xc8\v2.00\pic\sources\c99\common\doprnt.c"
 Parameters:    Size  Location     Type
  fp              2   66[BANK0 ] PTR struct _IO_FILE
		 -> sprintf@f(6), 
  fmt             2   68[BANK0 ] PTR const unsigned char 
		 -> STR_2(4), 
  ap              2   70[BANK0 ] PTR PTR void 
		 -> sprintf@ap(2), 
 Auto vars:     Size  Location     Type
  cfmt            2   88[COMRAM] PTR unsigned char 
		 -> STR_2(4), 
 Return value:  Size  Location     Type
                  2   66[BANK0 ] int 
 Registers used:
		wreg, fsr1l, fsr1h, fsr2l, fsr2h, status,2, status,0, tblptrl, tblptrh, tblptru, prodl, prodh, cstack
 Tracked objects:
		On entry : 
		On exit  : 
		Unchanged: 
 Data sizes:     COMRAM   BANK0   BANK1   BANK2   BANK3   BANK4   BANK5
      Params:         0       6       0       0       0       0       0
      Locals:         2       0       0       0       0       0       0
      Temps:          0       0       0       0       0       0       0
      Totals:         2       6       0       0       0       0       0
Total ram usage:        8 bytes
 Hardware stack levels used:    1
 Hardware stack levels required when called:   10
 This function calls:
		_vfpfcnvrt
 This function is called by:
		_sprintf
 This function uses a non-reentrant model


 *************** function _vfpfcnvrt *****************
 Defined at:
		line 670 in file "C:\Program Files (x86)\Microchip\xc8\v2.00\pic\sources\c99\common\doprnt.c"
 Parameters:    Size  Location     Type
  fp              2   78[COMRAM] PTR struct _IO_FILE
		 -> sprintf@f(6), 
  fmt             2   80[COMRAM] PTR PTR unsigned char 
		 -> vfprintf@cfmt(2), 
  ap              2   82[COMRAM] PTR PTR void 
		 -> sprintf@ap(2), 
 Auto vars:     Size  Location     Type
  llu             8    0        unsigned long long 
  ll              8    0        long long 
  f               4   58[BANK0 ] long long 
  ct              3   62[BANK0 ] unsigned char [3]
  vp              3    0        PTR void 
  cp              3    0        PTR unsigned char 
  i               2    0        int 
  done            2    0        int 
  c               1   65[BANK0 ] unsigned char 
 Return value:  Size  Location     Type
                  2   78[COMRAM] int 
 Registers used:
		wreg, fsr1l, fsr1h, fsr2l, fsr2h, status,2, status,0, tblptrl, tblptrh, tblptru, prodl, prodh, cstack
 Tracked objects:
		On entry : 
		On exit  : 
		Unchanged: 
 Data sizes:     COMRAM   BANK0   BANK1   BANK2   BANK3   BANK4   BANK5
      Params:         6       0       0       0       0       0       0
      Locals:         0      10       0       0       0       0       0
      Temps:          4       0       0       0       0       0       0
      Totals:        10      10       0       0       0       0       0
Total ram usage:       20 bytes
 Hardware stack levels used:    1
 Hardware stack levels required when called:    9
 This function calls:
		_efgtoa
		_fputc
		_isupper
		_strncmp
		_tolower
 This function is called by:
		_vfprintf
 This function uses a non-reentrant model


 *************** function _efgtoa *****************
 Defined at:
		line 319 in file "C:\Program Files (x86)\Microchip\xc8\v2.00\pic\sources\c99\common\doprnt.c"
 Parameters:    Size  Location     Type
  fp              2   66[COMRAM] PTR struct _IO_FILE
		 -> sprintf@f(6), 
  f               4   68[COMRAM] PTR struct _IO_FILE
  c               1   72[COMRAM] unsigned char 
 Auto vars:     Size  Location     Type
  u               4   52[BANK0 ] unsigned char 
  g               4   44[BANK0 ] unsigned char 
  l               4   38[BANK0 ] unsigned char 
  h               4   34[BANK0 ] unsigned char 
  ou              4    0[BANK0 ] unsigned char 
  n               2   50[BANK0 ] int 
  e               2   48[BANK0 ] int 
  i               2   42[BANK0 ] int 
  w               2   31[BANK0 ] int 
  p               2   28[BANK0 ] int 
  sign            2   26[BANK0 ] int 
  d               2   24[BANK0 ] int 
  ne              2   22[BANK0 ] int 
  m               2   20[BANK0 ] int 
  pp              2   18[BANK0 ] int 
  t               2   16[BANK0 ] int 
  mode            1   33[BANK0 ] unsigned char 
  nmode           1   30[BANK0 ] unsigned char 
 Return value:  Size  Location     Type
                  2   66[COMRAM] int 
 Registers used:
		wreg, fsr1l, fsr1h, fsr2l, fsr2h, status,2, status,0, tblptrl, tblptrh, tblptru, prodl, prodh, cstack
 Tracked objects:
		On entry : 
		On exit  : 
		Unchanged: 
 Data sizes:     COMRAM   BANK0   BANK1   BANK2   BANK3   BANK4   BANK5
      Params:         7       0       0       0       0       0       0
      Locals:         0      56       0       0       0       0       0
      Temps:          5       0       0       0       0       0       0
      Totals:        12      56       0       0       0       0       0
Total ram usage:       68 bytes
 Hardware stack levels used:    1
 Hardware stack levels required when called:    8
 This function calls:
		___awdiv
		___awmod
		___fladd
		___fldiv
		___fleq
		___flge
		___flmul
		___flneg
		___flsub
		___fltol
		___fpclassifyf
		_floorf
		_isupper
		_pad
		_strcpy
		_tolower
 This function is called by:
		_vfpfcnvrt
 This function uses a non-reentrant model


 *************** function _tolower *****************
 Defined at:
		line 4 in file "C:\Program Files (x86)\Microchip\xc8\v2.00\pic\sources\c99\common\tolower.c"
 Parameters:    Size  Location     Type
  c               2   21[COMRAM] int 
 Auto vars:     Size  Location     Type
		None
 Return value:  Size  Location     Type
                  2   21[COMRAM] int 
 Registers used:
		wreg, status,2, status,0, cstack
 Tracked objects:
		On entry : 
		On exit  : 
		Unchanged: 
 Data sizes:     COMRAM   BANK0   BANK1   BANK2   BANK3   BANK4   BANK5
      Params:         2       0       0       0       0       0       0
      Locals:         2       0       0       0       0       0       0
      Temps:          4       0       0       0       0       0       0
      Totals:         8       0       0       0       0       0       0
Total ram usage:        8 bytes
 Hardware stack levels used:    1
 Hardware stack levels required when called:    5
 This function calls:
		_isupper
 This function is called by:
		_efgtoa
		_vfpfcnvrt
 This function uses a non-reentrant model


 *************** function _isupper *****************
 Defined at:
		line 5 in file "C:\Program Files (x86)\Microchip\xc8\v2.00\pic\sources\c99\common\isupper.c"
 Parameters:    Size  Location     Type
  c               2   15[COMRAM] int 
 Auto vars:     Size  Location     Type
		None
 Return value:  Size  Location     Type
                  2   15[COMRAM] int 
 Registers used:
		wreg, status,2, status,0
 Tracked objects:
		On entry : 
		On exit  : 
		Unchanged: 
 Data sizes:     COMRAM   BANK0   BANK1   BANK2   BANK3   BANK4   BANK5
      Params:         2       0       0       0       0       0       0
      Locals:         0       0       0       0       0       0       0
      Temps:          4       0       0       0       0       0       0
      Totals:         6       0       0       0       0       0       0
Total ram usage:        6 bytes
 Hardware stack levels used:    1
 Hardware stack levels required when called:    4
 This function calls:
		Nothing
 This function is called by:
		_efgtoa
		_vfpfcnvrt
		_tolower
 This function uses a non-reentrant model


 *************** function _strcpy *****************
 Defined at:
		line 7 in file "C:\Program Files (x86)\Microchip\xc8\v2.00\pic\sources\c99\common\strcpy.c"
 Parameters:    Size  Location     Type
  dest            2   15[COMRAM] PTR unsigned char 
		 -> dbuf(80), 
  src             2   17[COMRAM] PTR const unsigned char 
		 -> STR_17(4), STR_16(4), STR_13(4), STR_12(4), 
		 -> dbuf(80), 
 Auto vars:     Size  Location     Type
  d               2   23[COMRAM] PTR unsigned char 
		 -> dbuf(80), 
  s               2   21[COMRAM] PTR const unsigned char 
		 -> STR_17(4), STR_16(4), STR_13(4), STR_12(4), 
		 -> dbuf(80), 
 Return value:  Size  Location     Type
                  2   15[COMRAM] PTR unsigned char 
 Registers used:
		wreg, fsr1l, fsr1h, fsr2l, fsr2h, status,2, status,0, tblptrl, tblptrh, tblptru
 Tracked objects:
		On entry : 
		On exit  : 
		Unchanged: 
 Data sizes:     COMRAM   BANK0   BANK1   BANK2   BANK3   BANK4   BANK5
      Params:         4       0       0       0       0       0       0
      Locals:         4       0       0       0       0       0       0
      Temps:          2       0       0       0       0       0       0
      Totals:        10       0       0       0       0       0       0
Total ram usage:       10 bytes
 Hardware stack levels used:    1
 Hardware stack levels required when called:    4
 This function calls:
		Nothing
 This function is called by:
		_efgtoa
 This function uses a non-reentrant model


 *************** function _pad *****************
 Defined at:
		line 72 in file "C:\Program Files (x86)\Microchip\xc8\v2.00\pic\sources\c99\common\doprnt.c"
 Parameters:    Size  Location     Type
  fp              2   31[COMRAM] PTR struct _IO_FILE
		 -> sprintf@f(6), 
  buf             2   33[COMRAM] PTR unsigned char 
		 -> dbuf(80), 
  p               2   35[COMRAM] int 
 Auto vars:     Size  Location     Type
  w               2   40[COMRAM] int 
  i               2   38[COMRAM] int 
 Return value:  Size  Location     Type
                  2   31[COMRAM] int 
 Registers used:
		wreg, fsr1l, fsr1h, fsr2l, fsr2h, status,2, status,0, tblptrl, tblptrh, tblptru, cstack
 Tracked objects:
		On entry : 
		On exit  : 
		Unchanged: 
 Data sizes:     COMRAM   BANK0   BANK1   BANK2   BANK3   BANK4   BANK5
      Params:         6       0       0       0       0       0       0
      Locals:         4       0       0       0       0       0       0
      Temps:          1       0       0       0       0       0       0
      Totals:        11       0       0       0       0       0       0
Total ram usage:       11 bytes
 Hardware stack levels used:    1
 Hardware stack levels required when called:    7
 This function calls:
		_fputc
		_fputs
		_strlen
 This function is called by:
		_efgtoa
 This function uses a non-reentrant model


 *************** function _fputs *****************
 Defined at:
		line 8 in file "C:\Program Files (x86)\Microchip\xc8\v2.00\pic\sources\c99\common\nf_fputs.c"
 Parameters:    Size  Location     Type
  s               2   24[COMRAM] PTR const unsigned char 
		 -> dbuf(80), 
[...]
		None
 Return value:  Size  Location     Type
                  2   15[COMRAM] int 
 Registers used:
		wreg, status,2, status,0
 Tracked objects:
		On entry : 
		On exit  : 
		Unchanged: 
 Data sizes:     COMRAM   BANK0   BANK1   BANK2   BANK3   BANK4   BANK5
      Params:         2       0       0       0       0       0       0
      Locals:         1       0       0       0       0       0       0
      Temps:          4       0       0       0       0       0       0
      Totals:         7       0       0       0       0       0       0
Total ram usage:        7 bytes
 Hardware stack levels used:    1
 Hardware stack levels required when called:    4
 This function calls:
		Nothing
 This function is called by:
		_atoi
 This function uses a non-reentrant model


 *************** function _isdigit *****************
 Defined at:
		line 5 in file "C:\Program Files (x86)\Microchip\xc8\v2.00\pic\sources\c99\common\isdigit.c"
 Parameters:    Size  Location     Type
  c               2   15[COMRAM] int 
 Auto vars:     Size  Location     Type
		None
 Return value:  Size  Location     Type
                  2   15[COMRAM] int 
 Registers used:
		wreg, status,2, status,0
 Tracked objects:
		On entry : 
		On exit  : 
		Unchanged: 
 Data sizes:     COMRAM   BANK0   BANK1   BANK2   BANK3   BANK4   BANK5
      Params:         2       0       0       0       0       0       0
      Locals:         0       0       0       0       0       0       0
      Temps:          4       0       0       0       0       0       0
      Totals:         6       0       0       0       0       0       0
Total ram usage:        6 bytes
 Hardware stack levels used:    1
 Hardware stack levels required when called:    4
 This function calls:
		Nothing
 This function is called by:
		_atoi
 This function uses a non-reentrant model


 *************** function ___wmul *****************
 Defined at:
		line 15 in file "C:\Program Files (x86)\Microchip\xc8\v2.00\pic\sources\c99\common\Umul16.c"
 Parameters:    Size  Location     Type
  multiplier      2   15[COMRAM] unsigned int 
  multiplicand    2   17[COMRAM] unsigned int 
 Auto vars:     Size  Location     Type
  product         2   19[COMRAM] unsigned int 
 Return value:  Size  Location     Type
                  2   15[COMRAM] unsigned int 
 Registers used:
		wreg, status,2, status,0, prodl, prodh
 Tracked objects:
		On entry : 
		On exit  : 
		Unchanged: 
 Data sizes:     COMRAM   BANK0   BANK1   BANK2   BANK3   BANK4   BANK5
      Params:         4       0       0       0       0       0       0
      Locals:         2       0       0       0       0       0       0
      Temps:          0       0       0       0       0       0       0
      Totals:         6       0       0       0       0       0       0
Total ram usage:        6 bytes
 Hardware stack levels used:    1
 Hardware stack levels required when called:    4
 This function calls:
		Nothing
 This function is called by:
		_Mode2
		_atoi
 This function uses a non-reentrant model


 *************** function _GetlenStr *****************
 Defined at:
		line 50 in file "setting_hardaware/uart.c"
 Parameters:    Size  Location     Type
		None
 Auto vars:     Size  Location     Type
		None
 Return value:  Size  Location     Type
                  2   15[COMRAM] int 
 Registers used:
		None
 Tracked objects:
		On entry : 
		On exit  : 
		Unchanged: 
 Data sizes:     COMRAM   BANK0   BANK1   BANK2   BANK3   BANK4   BANK5
      Params:         2       0       0       0       0       0       0
      Locals:         0       0       0       0       0       0       0
      Temps:          0       0       0       0       0       0       0
      Totals:         2       0       0       0       0       0       0
Total ram usage:        2 bytes
 Hardware stack levels used:    1
 Hardware stack levels required when called:    4
 This function calls:
		Nothing
 This function is called by:
		_Mode1
		_Mode3
 This function uses a non-reentrant model


 *************** function _GetString *****************
 Defined at:
		line 46 in file "setting_hardaware/uart.c"
 Parameters:    Size  Location     Type
		None
 Auto vars:     Size  Location     Type
		None
 Return value:  Size  Location     Type
                  2   15[COMRAM] PTR unsigned char 
 Registers used:
		wreg, status,2, status,0
 Tracked objects:
		On entry : 
		On exit  : 
		Unchanged: 
 Data sizes:     COMRAM   BANK0   BANK1   BANK2   BANK3   BANK4   BANK5
      Params:         2       0       0       0       0       0       0
      Locals:         0       0       0       0       0       0       0
      Temps:          0       0       0       0       0       0       0
      Totals:         2       0       0       0       0       0       0
Total ram usage:        2 bytes
 Hardware stack levels used:    1
 Hardware stack levels required when called:    4
 This function calls:
		Nothing
 This function is called by:
		_Mode1
		_Mode2
		_Mode3
		_main
 This function uses a non-reentrant model


 *************** function _ClearBuffer *****************
 Defined at:
		line 59 in file "setting_hardaware/uart.c"
 Parameters:    Size  Location     Type
		None
 Auto vars:     Size  Location     Type
  i               2   15[COMRAM] int 
 Return value:  Size  Location     Type
                  1    wreg      void 
 Registers used:
		wreg, fsr2l, fsr2h, status,2, status,0
 Tracked objects:
		On entry : 
		On exit  : 
		Unchanged: 
 Data sizes:     COMRAM   BANK0   BANK1   BANK2   BANK3   BANK4   BANK5
      Params:         0       0       0       0       0       0       0
      Locals:         2       0       0       0       0       0       0
      Temps:          0       0       0       0       0       0       0
      Totals:         2       0       0       0       0       0       0
Total ram usage:        2 bytes
 Hardware stack levels used:    1
 Hardware stack levels required when called:    4
 This function calls:
		Nothing
 This function is called by:
		_Mode1
		_Mode2
		_Mode3
		_main
 This function uses a non-reentrant model


 *************** function _Lo_ISR *****************
 Defined at:
		line 79 in file "setting_hardaware/uart.c"
 Parameters:    Size  Location     Type
		None
 Auto vars:     Size  Location     Type
		None
 Return value:  Size  Location     Type
                  1    wreg      void 
 Registers used:
		wreg, fsr2l, fsr2h, status,2, status,0, cstack
 Tracked objects:
		On entry : 
		On exit  : 
		Unchanged: 
 Data sizes:     COMRAM   BANK0   BANK1   BANK2   BANK3   BANK4   BANK5
      Params:         0       0       0       0       0       0       0
      Locals:         0       0       0       0       0       0       0
      Temps:          5       0       0       0       0       0       0
      Totals:         5       0       0       0       0       0       0
Total ram usage:        5 bytes
 Hardware stack levels used:    1
 Hardware stack levels required when called:    3
 This function calls:
		_MyusartRead
 This function is called by:
		Interrupt level 1
 This function uses a non-reentrant model


 *************** function _MyusartRead *****************
 Defined at:
		line 65 in file "setting_hardaware/uart.c"
 Parameters:    Size  Location     Type
		None
 Auto vars:     Size  Location     Type
		None
 Return value:  Size  Location     Type
                  1    wreg      void 
 Registers used:
		wreg, fsr2l, fsr2h, status,2, status,0, cstack
 Tracked objects:
		On entry : 
		On exit  : 
		Unchanged: 
 Data sizes:     COMRAM   BANK0   BANK1   BANK2   BANK3   BANK4   BANK5
      Params:         0       0       0       0       0       0       0
      Locals:         0       0       0       0       0       0       0
      Temps:          0       0       0       0       0       0       0
      Totals:         0       0       0       0       0       0       0
Total ram usage:        0 bytes
 Hardware stack levels used:    1
 Hardware stack levels required when called:    2
 This function calls:
		i1_UART_Write
		i1___awmod
 This function is called by:
		_Lo_ISR
 This function uses a non-reentrant model


 *************** function i1___awmod *****************
 Defined at:
		line 7 in file "C:\Program Files (x86)\Microchip\xc8\v2.00\pic\sources\c99\common\awmod.c"
 Parameters:    Size  Location     Type
  dividend        2    4[COMRAM] int 
  divisor         2    6[COMRAM] int 
 Auto vars:     Size  Location     Type
  __awmod         1    9[COMRAM] unsigned char 
  __awmod         1    8[COMRAM] unsigned char 
 Return value:  Size  Location     Type
                  2    4[COMRAM] int 
 Registers used:
		wreg, status,2, status,0
 Tracked objects:
		On entry : 
		On exit  : 
		Unchanged: 
 Data sizes:     COMRAM   BANK0   BANK1   BANK2   BANK3   BANK4   BANK5
      Params:         4       0       0       0       0       0       0
      Locals:         2       0       0       0       0       0       0
      Temps:          0       0       0       0       0       0       0
      Totals:         6       0       0       0       0       0       0
Total ram usage:        6 bytes
 Hardware stack levels used:    1
 Hardware stack levels required when called:    1
 This function calls:
		Nothing
 This function is called by:
		_MyusartRead
 This function uses a non-reentrant model


 *************** function i1_UART_Write *****************
 Defined at:
		line 40 in file "setting_hardaware/uart.c"
 Parameters:    Size  Location     Type
  data            1    wreg     unsigned char 
 Auto vars:     Size  Location     Type
  data            1    4[COMRAM] unsigned char 
 Return value:  Size  Location     Type
                  1    wreg      void 
 Registers used:
		wreg
 Tracked objects:
		On entry : 
		On exit  : 
		Unchanged: 
 Data sizes:     COMRAM   BANK0   BANK1   BANK2   BANK3   BANK4   BANK5
      Params:         0       0       0       0       0       0       0
      Locals:         1       0       0       0       0       0       0
      Temps:          0       0       0       0       0       0       0
      Totals:         1       0       0       0       0       0       0
Total ram usage:        1 bytes
 Hardware stack levels used:    1
 Hardware stack levels required when called:    1
 This function calls:
		Nothing
 This function is called by:
		_MyusartRead
 This function uses a non-reentrant model


 *************** function _Hi_ISR *****************
 Defined at:
		line 265 in file "main.c"
 Parameters:    Size  Location     Type
		None
 Auto vars:     Size  Location     Type
		None
 Return value:  Size  Location     Type
                  1    wreg      void 
 Registers used:
		wreg, fsr2l, fsr2h, status,2, status,0
 Tracked objects:
		On entry : 
		On exit  : 
		Unchanged: 
 Data sizes:     COMRAM   BANK0   BANK1   BANK2   BANK3   BANK4   BANK5
      Params:         0       0       0       0       0       0       0
      Locals:         0       0       0       0       0       0       0
      Temps:          4       0       0       0       0       0       0
      Totals:         4       0       0       0       0       0       0
Total ram usage:        4 bytes
 Hardware stack levels used:    1
 This function calls:
		Nothing
 This function is called by:
		Interrupt level 2
 This function uses a non-reentrant model



MODULE INFORMATION

Module		Function		Class		Link	Load	Size
C:\Program Files (x86)\Microchip\xc8\v2.00\pic\sources\c99\common\isspace.c
		_isspace       		CODE           	44D2	0000	91

C:\Program Files (x86)\Microchip\xc8\v2.00\pic\sources\c99\common\isspace.c estimated size: 91

C:\Program Files (x86)\Microchip\xc8\v2.00\pic\sources\c99\common\tolower.c
		_tolower       		CODE           	41E0	0000	129

C:\Program Files (x86)\Microchip\xc8\v2.00\pic\sources\c99\common\tolower.c estimated size: 129

C:\Program Files (x86)\Microchip\xc8\v2.00\pic\sources\c99\common\strncmp.c
		_strncmp       		CODE           	390C	0000	253

C:\Program Files (x86)\Microchip\xc8\v2.00\pic\sources\c99\common\strncmp.c estimated size: 253

C:\Program Files (x86)\Microchip\xc8\v2.00\pic\sources\c99\common\floorf.c
		_floorf        		CODE           	2A96	0000	563

C:\Program Files (x86)\Microchip\xc8\v2.00\pic\sources\c99\common\floorf.c estimated size: 563

setting_hardaware/interrupt_manager.c
		_INTERRUPT_Initialize		CODE           	4872	0000	9

setting_hardaware/interrupt_manager.c estimated size: 9

C:\Program Files (x86)\Microchip\xc8\v2.00\pic\sources\c99\common\sprcmul.c
		___flmul       		CODE           	18E0	0000	1135

C:\Program Files (x86)\Microchip\xc8\v2.00\pic\sources\c99\common\sprcmul.c estimated size: 1135

C:\Program Files (x86)\Microchip\xc8\v2.00\pic\sources\c99\common\sprcdiv.c
		___fldiv       		CODE           	1D4E	0000	1057

C:\Program Files (x86)\Microchip\xc8\v2.00\pic\sources\c99\common\sprcdiv.c estimated size: 1057

C:\Program Files (x86)\Microchip\xc8\v2.00\pic\sources\c99\common\xxtofl.c
		___xxtofl      		CODE           	2ED0	0000	477

C:\Program Files (x86)\Microchip\xc8\v2.00\pic\sources\c99\common\xxtofl.c estimated size: 477

setting_hardaware/uart.c
		_Lo_ISR        		CODE           	0018	0000	97
		_MyusartRead   		CODE           	461A	0000	73
		_UART_Write_Text		CODE           	415A	0000	135
		_GetString     		CODE           	484E	0000	15
		_GetlenStr     		CODE           	4868	0000	11
		_ClearBuffer   		CODE           	433C	0000	107
		_UART_Initialize		CODE           	47C6	0000	35
		_UART_Write    		CODE           	47E8	0000	31

setting_hardaware/uart.c estimated size: 504

C:\Program Files (x86)\Microchip\xc8\v2.00\pic\sources\c99\common\awmod.c
		___awmod       		CODE           	3CBE	0000	217

C:\Program Files (x86)\Microchip\xc8\v2.00\pic\sources\c99\common\awmod.c estimated size: 217

C:\Program Files (x86)\Microchip\xc8\v2.00\pic\sources\c99\common\putch.c
		_putch         		CODE           	487A	0000	3

C:\Program Files (x86)\Microchip\xc8\v2.00\pic\sources\c99\common\putch.c estimated size: 3

C:\Program Files (x86)\Microchip\xc8\v2.00\pic\sources\c99\common\flge.c
		___flge        		CODE           	33EA	0000	361

C:\Program Files (x86)\Microchip\xc8\v2.00\pic\sources\c99\common\flge.c estimated size: 361

C:\Program Files (x86)\Microchip\xc8\v2.00\pic\sources\c99\common\strlen.c
		_strlen        		CODE           	42D2	0000	107

C:\Program Files (x86)\Microchip\xc8\v2.00\pic\sources\c99\common\strlen.c estimated size: 107

C:\Program Files (x86)\Microchip\xc8\v2.00\pic\sources\c99\common\strchr.c
		_strchr        		CODE           	452C	0000	89

C:\Program Files (x86)\Microchip\xc8\v2.00\pic\sources\c99\common\strchr.c estimated size: 89

C:\Program Files (x86)\Microchip\xc8\v2.00\pic\sources\c99\common\strcpy.c
		_strcpy        		CODE           	43A6	0000	105

C:\Program Files (x86)\Microchip\xc8\v2.00\pic\sources\c99\common\strcpy.c estimated size: 105

C:\Program Files (x86)\Microchip\xc8\v2.00\pic\sources\c99\common\nf_fputc.c
		_fputc         		CODE           	3BE0	0000	223

C:\Program Files (x86)\Microchip\xc8\v2.00\pic\sources\c99\common\nf_fputc.c estimated size: 223

C:\Program Files (x86)\Microchip\xc8\v2.00\pic\sources\c99\common\memset.c
		_memset        		CODE           	30AC	0000	447

C:\Program Files (x86)\Microchip\xc8\v2.00\pic\sources\c99\common\memset.c estimated size: 447

setting_hardaware/ccp1.c
		_CCP1_Initialize		CODE           	485C	0000	13

setting_hardaware/ccp1.c estimated size: 13

setting_hardaware/adc.c
		_ADC_Initialize		CODE           	4824	0000	25
		_ADC_Read      		CODE           	4662	0000	71

setting_hardaware/adc.c estimated size: 96

C:\Program Files (x86)\Microchip\xc8\v2.00\pic\sources\c99\common\nf_sprintf.c
		_sprintf       		CODE           	4474	0000	95

C:\Program Files (x86)\Microchip\xc8\v2.00\pic\sources\c99\common\nf_sprintf.c estimated size: 95

C:\Program Files (x86)\Microchip\xc8\v2.00\pic\sources\c99\common\isdigit.c
		_isdigit       		CODE           	4760	0000	61

C:\Program Files (x86)\Microchip\xc8\v2.00\pic\sources\c99\common\isdigit.c estimated size: 61

C:\Program Files (x86)\Microchip\xc8\v2.00\pic\sources\c99\common\sprcadd.c
		___flsub       		CODE           	45D0	0000	75
		___fladd       		CODE           	135C	0000	1413

C:\Program Files (x86)\Microchip\xc8\v2.00\pic\sources\c99\common\sprcadd.c estimated size: 1488

C:\Program Files (x86)\Microchip\xc8\v2.00\pic\sources\c99\common\doprnt.c
		_vfpfcnvrt     		CODE           	216E	0000	961
		_efgtoa        		CODE           	0638	0000	3365
		_pad           		CODE           	3F46	0000	211
		_vfprintf      		CODE           	440E	0000	103

C:\Program Files (x86)\Microchip\xc8\v2.00\pic\sources\c99\common\doprnt.c estimated size: 4640

C:\Program Files (x86)\Microchip\xc8\v2.00\pic\sources\c99\common\awdiv.c
		___awdiv       		CODE           	3AF4	0000	237

C:\Program Files (x86)\Microchip\xc8\v2.00\pic\sources\c99\common\awdiv.c estimated size: 237

shared
		i1_UART_Write  		CODE           	4806	0000	31
		__initialization		CODE           	4260	0000	101
		i1___awmod     		CODE           	3E6E	0000	217

shared estimated size: 349

C:\Program Files (x86)\Microchip\xc8\v2.00\pic\sources\c99\common\fltol.c
		___fltol       		CODE           	36AC	0000	339

C:\Program Files (x86)\Microchip\xc8\v2.00\pic\sources\c99\common\fltol.c estimated size: 339

setting_hardaware/setting.c
		_SYSTEM_Initialize		CODE           	483C	0000	19

setting_hardaware/setting.c estimated size: 19

C:\Program Files (x86)\Microchip\xc8\v2.00\pic\sources\c99\common\__fpclassifyf.c
		___fpclassifyf 		CODE           	37FE	0000	271

C:\Program Files (x86)\Microchip\xc8\v2.00\pic\sources\c99\common\__fpclassifyf.c estimated size: 271

C:\Program Files (x86)\Microchip\xc8\v2.00\pic\sources\c99\common\atoi.c
		_atoi          		CODE           	2CC8	0000	521

C:\Program Files (x86)\Microchip\xc8\v2.00\pic\sources\c99\common\atoi.c estimated size: 521

C:\Program Files (x86)\Microchip\xc8\v2.00\pic\sources\c99\common\fleq.c
		___fleq        		CODE           	4018	0000	187

C:\Program Files (x86)\Microchip\xc8\v2.00\pic\sources\c99\common\fleq.c estimated size: 187

C:\Program Files (x86)\Microchip\xc8\v2.00\pic\sources\c99\common\strstr.c
		_strstr        		CODE           	3D96	0000	217

C:\Program Files (x86)\Microchip\xc8\v2.00\pic\sources\c99\common\strstr.c estimated size: 217

C:\Program Files (x86)\Microchip\xc8\v2.00\pic\sources\c99\common\Umul16.c
		___wmul        		CODE           	479C	0000	43

C:\Program Files (x86)\Microchip\xc8\v2.00\pic\sources\c99\common\Umul16.c estimated size: 43

main.c
		_Mode3         		CODE           	3552	0000	347
		_main          		CODE           	3A08	0000	237
		_Mode1         		CODE           	326A	0000	385
		_Mode2         		CODE           	252E	0000	755
		_Hi_ISR        		CODE           	0008	0000	637

main.c estimated size: 2361

C:\Program Files (x86)\Microchip\xc8\v2.00\pic\sources\c99\common\nf_fputs.c
		_fputs         		CODE           	4584	0000	77

C:\Program Files (x86)\Microchip\xc8\v2.00\pic\sources\c99\common\nf_fputs.c estimated size: 77

C:\Program Files (x86)\Microchip\xc8\v2.00\pic\sources\c99\common\isupper.c
		_isupper       		CODE           	4724	0000	61

C:\Program Files (x86)\Microchip\xc8\v2.00\pic\sources\c99\common\isupper.c estimated size: 61

C:\Program Files (x86)\Microchip\xc8\v2.00\pic\sources\c99\common\flneg.c
		___flneg       		CODE           	46A8	0000	65

C:\Program Files (x86)\Microchip\xc8\v2.00\pic\sources\c99\common\flneg.c estimated size: 65

