MPLINK 5.09, LINKER
Linker Map File - Created Mon Nov 05 20:02:19 2018

                                 Section Info
                  Section       Type    Address   Location Size(Bytes)
                ---------  ---------  ---------  ---------  ---------
                   .org_0       code   0x000000    program   0x00005a
                   .cinit    romdata   0x00005a    program   0x000002
.config_300001_BUILD/DEFAULT/PRODUCTION/NEWASMT    romdata   0x300001    program   0x000001
.config_300003_BUILD/DEFAULT/PRODUCTION/NEWASMT    romdata   0x300003    program   0x000001



                              Program Memory Usage 
                               Start         End      
                           ---------   ---------      
                            0x000000    0x00005b      
                            0x300001    0x300001      
                            0x300003    0x300003      
            94 out of 33048 program addresses used, program memory utilization is 0%



                              Symbols - Sorted by Name
                     Name    Address   Location    Storage File                     
                ---------  ---------  ---------  --------- ---------                
                 aftermul   0x000022    program     static C:\Users\user\MPLABXProjects\test.X\newAsmTemplate.asm
               aftershift   0x00001c    program     static C:\Users\user\MPLABXProjects\test.X\newAsmTemplate.asm
                     exit   0x000058    program     static C:\Users\user\MPLABXProjects\test.X\newAsmTemplate.asm
                   multer   0x00003a    program     static C:\Users\user\MPLABXProjects\test.X\newAsmTemplate.asm
                     open   0x000018    program     static C:\Users\user\MPLABXProjects\test.X\newAsmTemplate.asm
                    shift   0x000048    program     static C:\Users\user\MPLABXProjects\test.X\newAsmTemplate.asm
                    start   0x000000    program     static C:\Users\user\MPLABXProjects\test.X\newAsmTemplate.asm



                              Symbols - Sorted by Address
                     Name    Address   Location    Storage File                     
                ---------  ---------  ---------  --------- ---------                
                    start   0x000000    program     static C:\Users\user\MPLABXProjects\test.X\newAsmTemplate.asm
                     open   0x000018    program     static C:\Users\user\MPLABXProjects\test.X\newAsmTemplate.asm
               aftershift   0x00001c    program     static C:\Users\user\MPLABXProjects\test.X\newAsmTemplate.asm
                 aftermul   0x000022    program     static C:\Users\user\MPLABXProjects\test.X\newAsmTemplate.asm
                   multer   0x00003a    program     static C:\Users\user\MPLABXProjects\test.X\newAsmTemplate.asm
                    shift   0x000048    program     static C:\Users\user\MPLABXProjects\test.X\newAsmTemplate.asm
                     exit   0x000058    program     static C:\Users\user\MPLABXProjects\test.X\newAsmTemplate.asm


