MPLINK 5.09, LINKER
Linker Map File - Created Mon Nov 26 18:58:43 2018

                                 Section Info
                  Section       Type    Address   Location Size(Bytes)
                ---------  ---------  ---------  ---------  ---------
                   .org_0       code   0x000000    program   0x000004
                   .cinit    romdata   0x000004    program   0x000002
                   .org_1       code   0x000008    program   0x000034
.config_300001_BUILD/DEFAULT/PRODUCTION/LAB8_1.    romdata   0x300001    program   0x000001
.config_300003_BUILD/DEFAULT/PRODUCTION/LAB8_1.    romdata   0x300003    program   0x000001
.config_300006_BUILD/DEFAULT/PRODUCTION/LAB8_1.    romdata   0x300006    program   0x000001



                              Program Memory Usage 
                               Start         End      
                           ---------   ---------      
                            0x000000    0x000005      
                            0x000008    0x00003b      
                            0x300001    0x300001      
                            0x300003    0x300003      
                            0x300006    0x300006      
            61 out of 33048 program addresses used, program memory utilization is 0%



                              Symbols - Sorted by Name
                     Name    Address   Location    Storage File                     
                ---------  ---------  ---------  --------- ---------                
                     INIT   0x00000e    program     static C:\Users\user\MPLABXProjects\lab8_1.X\lab8_1.asm
                      ISR   0x000004    program     static C:\Users\user\MPLABXProjects\lab8_1.X\lab8_1.asm
                  forever   0x00002e    program     static C:\Users\user\MPLABXProjects\lab8_1.X\lab8_1.asm
                    light   0x000034    program     static C:\Users\user\MPLABXProjects\lab8_1.X\lab8_1.asm



                              Symbols - Sorted by Address
                     Name    Address   Location    Storage File                     
                ---------  ---------  ---------  --------- ---------                
                      ISR   0x000004    program     static C:\Users\user\MPLABXProjects\lab8_1.X\lab8_1.asm
                     INIT   0x00000e    program     static C:\Users\user\MPLABXProjects\lab8_1.X\lab8_1.asm
                  forever   0x00002e    program     static C:\Users\user\MPLABXProjects\lab8_1.X\lab8_1.asm
                    light   0x000034    program     static C:\Users\user\MPLABXProjects\lab8_1.X\lab8_1.asm


