MPLINK 5.09, LINKER
Linker Map File - Created Mon Nov 05 20:05:37 2018

                                 Section Info
                  Section       Type    Address   Location Size(Bytes)
                ---------  ---------  ---------  ---------  ---------
                   .org_0       code   0x000000    program   0x000080
                   .cinit    romdata   0x000080    program   0x000002
.config_300001_BUILD/DEFAULT/PRODUCTION/NEWASMT    romdata   0x300001    program   0x000001
.config_300003_BUILD/DEFAULT/PRODUCTION/NEWASMT    romdata   0x300003    program   0x000001
.config_300006_BUILD/DEFAULT/PRODUCTION/NEWASMT    romdata   0x300006    program   0x000001



                              Program Memory Usage 
                               Start         End      
                           ---------   ---------      
                            0x000000    0x000081      
                            0x300001    0x300001      
                            0x300003    0x300003      
                            0x300006    0x300006      
            133 out of 33048 program addresses used, program memory utilization is 0%



                              Symbols - Sorted by Name
                     Name    Address   Location    Storage File                     
                ---------  ---------  ---------  --------- ---------                
                    CYCLE   0x000004    program     static C:\Users\user\MPLABXProjects\TESTC.X\newAsmTemplate.asm
                  _1LOOP1   0x00000c    program     static C:\Users\user\MPLABXProjects\TESTC.X\newAsmTemplate.asm
                  _1LOOP2   0x000010    program     static C:\Users\user\MPLABXProjects\TESTC.X\newAsmTemplate.asm
                  _2LOOP1   0x00002a    program     static C:\Users\user\MPLABXProjects\TESTC.X\newAsmTemplate.asm
                  _2LOOP2   0x00002e    program     static C:\Users\user\MPLABXProjects\TESTC.X\newAsmTemplate.asm
                  _3LOOP1   0x000048    program     static C:\Users\user\MPLABXProjects\TESTC.X\newAsmTemplate.asm
                  _3LOOP2   0x00004c    program     static C:\Users\user\MPLABXProjects\TESTC.X\newAsmTemplate.asm
                  _4LOOP1   0x000066    program     static C:\Users\user\MPLABXProjects\TESTC.X\newAsmTemplate.asm
                  _4LOOP2   0x00006a    program     static C:\Users\user\MPLABXProjects\TESTC.X\newAsmTemplate.asm



                              Symbols - Sorted by Address
                     Name    Address   Location    Storage File                     
                ---------  ---------  ---------  --------- ---------                
                    CYCLE   0x000004    program     static C:\Users\user\MPLABXProjects\TESTC.X\newAsmTemplate.asm
                  _1LOOP1   0x00000c    program     static C:\Users\user\MPLABXProjects\TESTC.X\newAsmTemplate.asm
                  _1LOOP2   0x000010    program     static C:\Users\user\MPLABXProjects\TESTC.X\newAsmTemplate.asm
                  _2LOOP1   0x00002a    program     static C:\Users\user\MPLABXProjects\TESTC.X\newAsmTemplate.asm
                  _2LOOP2   0x00002e    program     static C:\Users\user\MPLABXProjects\TESTC.X\newAsmTemplate.asm
                  _3LOOP1   0x000048    program     static C:\Users\user\MPLABXProjects\TESTC.X\newAsmTemplate.asm
                  _3LOOP2   0x00004c    program     static C:\Users\user\MPLABXProjects\TESTC.X\newAsmTemplate.asm
                  _4LOOP1   0x000066    program     static C:\Users\user\MPLABXProjects\TESTC.X\newAsmTemplate.asm
                  _4LOOP2   0x00006a    program     static C:\Users\user\MPLABXProjects\TESTC.X\newAsmTemplate.asm


